Component: ARM Compiler 5.06 update 1 (build 61) Tool: armlink [4d35a8]

==============================================================================

Section Cross References

    main.o(i.advertising_init) refers to memseta.o(.text) for __aeabi_memclr4
    main.o(i.advertising_init) refers to memcpya.o(.text) for __aeabi_memcpy4
    main.o(i.advertising_init) refers to ble_advertising.o(i.ble_advertising_init) for ble_advertising_init
    main.o(i.advertising_init) refers to app_error.o(i.app_error_handler_bare) for app_error_handler_bare
    main.o(i.advertising_init) refers to ble_advertising.o(i.ble_advertising_conn_cfg_tag_set) for ble_advertising_conn_cfg_tag_set
    main.o(i.advertising_init) refers to main.o(.data) for .data
    main.o(i.advertising_init) refers to main.o(.bss) for .bss
    main.o(i.advertising_init) refers to main.o(i.on_adv_evt) for on_adv_evt
    main.o(i.advertising_init) refers to main.o(i.ble_advertising_error_handler) for ble_advertising_error_handler
    main.o(i.advertising_start) refers to nrf_log_frontend.o(i.nrf_log_frontend_std_0) for nrf_log_frontend_std_0
    main.o(i.advertising_start) refers to peer_manager.o(i.pm_peers_delete) for pm_peers_delete
    main.o(i.advertising_start) refers to main.o(i.whitelist_set) for whitelist_set
    main.o(i.advertising_start) refers to ble_advertising.o(i.ble_advertising_start) for ble_advertising_start
    main.o(i.advertising_start) refers to app_error.o(i.app_error_handler_bare) for app_error_handler_bare
    main.o(i.advertising_start) refers to nrf_log_frontend.o(log_const_data) for m_nrf_log_app_logs_data_const
    main.o(i.advertising_start) refers to main.o(.bss) for .bss
    main.o(i.assert_nrf_callback) refers to app_error_handler_keil.o(.emb_text) for app_error_handler
    main.o(i.battery_level_meas_timeout_handler) refers to sensorsim.o(i.sensorsim_measure) for sensorsim_measure
    main.o(i.battery_level_meas_timeout_handler) refers to ble_bas.o(i.ble_bas_battery_level_update) for ble_bas_battery_level_update
    main.o(i.battery_level_meas_timeout_handler) refers to app_error.o(i.app_error_handler_bare) for app_error_handler_bare
    main.o(i.battery_level_meas_timeout_handler) refers to main.o(.bss) for .bss
    main.o(i.battery_level_meas_timeout_handler) refers to main.o(.data) for .data
    main.o(i.ble_advertising_error_handler) refers to app_error.o(i.app_error_handler_bare) for app_error_handler_bare
    main.o(i.ble_evt_handler) refers to nrf_log_frontend.o(i.nrf_log_frontend_std_0) for nrf_log_frontend_std_0
    main.o(i.ble_evt_handler) refers to bsp.o(i.bsp_indication_set) for bsp_indication_set
    main.o(i.ble_evt_handler) refers to app_error.o(i.app_error_handler_bare) for app_error_handler_bare
    main.o(i.ble_evt_handler) refers to nrf_ble_qwr.o(i.nrf_ble_qwr_conn_handle_assign) for nrf_ble_qwr_conn_handle_assign
    main.o(i.ble_evt_handler) refers to nrf_log_frontend.o(log_const_data) for m_nrf_log_app_logs_data_const
    main.o(i.ble_evt_handler) refers to main.o(.data) for .data
    main.o(i.ble_evt_handler) refers to main.o(.bss) for .bss
    main.o(i.bsp_event_handler) refers to main.o(i.sleep_mode_enter) for sleep_mode_enter
    main.o(i.bsp_event_handler) refers to app_error.o(i.app_error_handler_bare) for app_error_handler_bare
    main.o(i.bsp_event_handler) refers to ble_advertising.o(i.ble_advertising_restart_without_whitelist) for ble_advertising_restart_without_whitelist
    main.o(i.bsp_event_handler) refers to main.o(i.mouse_movement_send) for mouse_movement_send
    main.o(i.bsp_event_handler) refers to main.o(.data) for .data
    main.o(i.bsp_event_handler) refers to main.o(.bss) for .bss
    main.o(i.conn_params_error_handler) refers to app_error.o(i.app_error_handler_bare) for app_error_handler_bare
    main.o(i.gap_params_init) refers to app_error.o(i.app_error_handler_bare) for app_error_handler_bare
    main.o(i.hids_init) refers to memseta.o(.text) for __aeabi_memclr
    main.o(i.hids_init) refers to ble_hids.o(i.ble_hids_init) for ble_hids_init
    main.o(i.hids_init) refers to app_error.o(i.app_error_handler_bare) for app_error_handler_bare
    main.o(i.hids_init) refers to main.o(.bss) for .bss
    main.o(i.hids_init) refers to main.o(i.on_hids_evt) for on_hids_evt
    main.o(i.hids_init) refers to main.o(i.service_error_handler) for service_error_handler
    main.o(i.hids_init) refers to main.o(.data) for .data
    main.o(i.identities_set) refers to peer_manager.o(i.pm_peer_id_list) for pm_peer_id_list
    main.o(i.identities_set) refers to app_error.o(i.app_error_handler_bare) for app_error_handler_bare
    main.o(i.identities_set) refers to peer_manager.o(i.pm_device_identities_list_set) for pm_device_identities_list_set
    main.o(i.main) refers to nrf_log_frontend.o(i.nrf_log_init) for nrf_log_init
    main.o(i.main) refers to app_error.o(i.app_error_handler_bare) for app_error_handler_bare
[...]
    pdb_pds_evt_handler                      0x0002e935   Thumb Code   116  peer_database.o(i.pdb_pds_evt_handler)
    pdb_peer_data_ptr_get                    0x0002e9b1   Thumb Code     6  peer_database.o(i.pdb_peer_data_ptr_get)
    pdb_peer_free                            0x0002e9b9   Thumb Code   124  peer_database.o(i.pdb_peer_free)
    pdb_write_buf_get                        0x0002ea45   Thumb Code   204  peer_database.o(i.pdb_write_buf_get)
    pdb_write_buf_release                    0x0002eb21   Thumb Code    20  peer_database.o(i.pdb_write_buf_release)
    pdb_write_buf_store                      0x0002eb35   Thumb Code    54  peer_database.o(i.pdb_write_buf_store)
    pds_init                                 0x0002eb7d   Thumb Code   136  peer_data_storage.o(i.pds_init)
    pds_next_deleted_peer_id_get             0x0002ec59   Thumb Code     4  peer_data_storage.o(i.pds_next_deleted_peer_id_get)
    pds_next_peer_id_get                     0x0002ec5d   Thumb Code     4  peer_data_storage.o(i.pds_next_peer_id_get)
    pds_peer_data_iterate                    0x0002ec61   Thumb Code    84  peer_data_storage.o(i.pds_peer_data_iterate)
    pds_peer_data_iterate_prepare            0x0002ecb9   Thumb Code    10  peer_data_storage.o(i.pds_peer_data_iterate_prepare)
    pds_peer_data_read                       0x0002ecc9   Thumb Code   114  peer_data_storage.o(i.pds_peer_data_read)
    pds_peer_data_store                      0x0002ed3d   Thumb Code   168  peer_data_storage.o(i.pds_peer_data_store)
    pds_peer_id_allocate                     0x0002edf1   Thumb Code     8  peer_data_storage.o(i.pds_peer_id_allocate)
    pds_peer_id_free                         0x0002edf9   Thumb Code    22  peer_data_storage.o(i.pds_peer_id_free)
    pds_peer_id_is_allocated                 0x0002ee0f   Thumb Code     4  peer_data_storage.o(i.pds_peer_id_is_allocated)
    pds_peer_id_is_deleted                   0x0002ee13   Thumb Code     4  peer_data_storage.o(i.pds_peer_id_is_deleted)
    peer_id_allocate                         0x0002ef31   Thumb Code     6  peer_id.o(i.peer_id_allocate)
    peer_id_delete                           0x0002ef3d   Thumb Code    32  peer_id.o(i.peer_id_delete)
    peer_id_free                             0x0002ef61   Thumb Code    24  peer_id.o(i.peer_id_free)
    peer_id_get_next_deleted                 0x0002ef7d   Thumb Code     6  peer_id.o(i.peer_id_get_next_deleted)
    peer_id_get_next_used                    0x0002ef89   Thumb Code    42  peer_id.o(i.peer_id_get_next_used)
    peer_id_init                             0x0002efb9   Thumb Code     8  peer_id.o(i.peer_id_init)
    peer_id_is_allocated                     0x0002efc5   Thumb Code    16  peer_id.o(i.peer_id_is_allocated)
    peer_id_is_deleted                       0x0002efd9   Thumb Code    16  peer_id.o(i.peer_id_is_deleted)
    pm_buffer_block_acquire                  0x0002f179   Thumb Code   100  pm_buffer.o(i.pm_buffer_block_acquire)
    pm_buffer_init                           0x0002f1dd   Thumb Code    36  pm_buffer.o(i.pm_buffer_init)
    pm_buffer_ptr_get                        0x0002f201   Thumb Code    40  pm_buffer.o(i.pm_buffer_ptr_get)
    pm_buffer_release                        0x0002f229   Thumb Code    50  pm_buffer.o(i.pm_buffer_release)
    pm_conn_sec_status_get                   0x0002f25d   Thumb Code    14  peer_manager.o(i.pm_conn_sec_status_get)
    pm_conn_secure                           0x0002f271   Thumb Code    24  peer_manager.o(i.pm_conn_secure)
    pm_device_identities_list_set            0x0002f28d   Thumb Code    14  peer_manager.o(i.pm_device_identities_list_set)
    pm_gcm_evt_handler                       0x0002f339   Thumb Code     4  peer_manager.o(i.pm_gcm_evt_handler)
    pm_gscm_evt_handler                      0x0002f33d   Thumb Code     4  peer_manager.o(i.pm_gscm_evt_handler)
    pm_handler_flash_clean                   0x0002f341   Thumb Code   398  peer_manager_handler.o(i.pm_handler_flash_clean)
    pm_handler_flash_clean_on_return         0x0002f585   Thumb Code    24  peer_manager_handler.o(i.pm_handler_flash_clean_on_return)
    pm_handler_on_pm_evt                     0x0002f5a1   Thumb Code    64  peer_manager_handler.o(i.pm_handler_on_pm_evt)
    pm_handler_pm_evt_log                    0x0002f5f5   Thumb Code   330  peer_manager_handler.o(i.pm_handler_pm_evt_log)
    pm_im_evt_handler                        0x0002f905   Thumb Code     4  peer_manager.o(i.pm_im_evt_handler)
    pm_init                                  0x0002f909   Thumb Code   162  peer_manager.o(i.pm_init)
    pm_next_peer_id_get                      0x0002fac5   Thumb Code    36  peer_manager.o(i.pm_next_peer_id_get)
    pm_pdb_evt_handler                       0x0002faed   Thumb Code   276  peer_manager.o(i.pm_pdb_evt_handler)
    pm_peer_data_bonding_load                0x0002fc05   Thumb Code    18  peer_manager.o(i.pm_peer_data_bonding_load)
    pm_peer_data_load                        0x0002fc19   Thumb Code    34  peer_manager.o(i.pm_peer_data_load)
    pm_peer_delete                           0x0002fc41   Thumb Code    14  peer_manager.o(i.pm_peer_delete)
    pm_peer_id_list                          0x0002fc55   Thumb Code   268  peer_manager.o(i.pm_peer_id_list)
    pm_peer_rank_highest                     0x0002fd65   Thumb Code   204  peer_manager.o(i.pm_peer_rank_highest)
    pm_peer_ranks_get                        0x0002fe81   Thumb Code   216  peer_manager.o(i.pm_peer_ranks_get)
    pm_peers_delete                          0x0002ff69   Thumb Code   126  peer_manager.o(i.pm_peers_delete)
    pm_register                              0x0002fffd   Thumb Code    34  peer_manager.o(i.pm_register)
    pm_sec_params_set                        0x00030029   Thumb Code    14  peer_manager.o(i.pm_sec_params_set)
    pm_sm_evt_handler                        0x0003003d   Thumb Code    10  peer_manager.o(i.pm_sm_evt_handler)
    pm_whitelist_get                         0x00030049   Thumb Code    38  peer_manager.o(i.pm_whitelist_get)
    pm_whitelist_set                         0x00030075   Thumb Code    14  peer_manager.o(i.pm_whitelist_set)
    sensorsim_decrement                      0x00030fe5   Thumb Code    28  sensorsim.o(i.sensorsim_decrement)
    sensorsim_increment                      0x00031001   Thumb Code    28  sensorsim.o(i.sensorsim_increment)
    sensorsim_init                           0x0003101d   Thumb Code    22  sensorsim.o(i.sensorsim_init)
    sensorsim_measure                        0x00031033   Thumb Code    26  sensorsim.o(i.sensorsim_measure)
    sm_ble_evt_handler                       0x0003142d   Thumb Code    32  security_manager.o(i.sm_ble_evt_handler)
    sm_conn_sec_status_get                   0x00031459   Thumb Code   162  security_manager.o(i.sm_conn_sec_status_get)
    sm_init                                  0x000314fd   Thumb Code    72  security_manager.o(i.sm_init)
    sm_link_secure                           0x00031555   Thumb Code    10  security_manager.o(i.sm_link_secure)
    sm_pdb_evt_handler                       0x00031561   Thumb Code    56  security_manager.o(i.sm_pdb_evt_handler)
    sm_sec_is_sufficient                     0x000315a5   Thumb Code    36  security_manager.o(i.sm_sec_is_sufficient)
    sm_sec_params_set                        0x000315cd   Thumb Code    46  security_manager.o(i.sm_sec_params_set)
    sm_smd_evt_handler                       0x00031601   Thumb Code    44  security_manager.o(i.sm_smd_evt_handler)
    smd_ble_evt_handler                      0x0003162d   Thumb Code   234  security_dispatcher.o(i.smd_ble_evt_handler)
    smd_init                                 0x00031721   Thumb Code    88  security_dispatcher.o(i.smd_init)
    smd_link_secure                          0x00031789   Thumb Code    40  security_dispatcher.o(i.smd_link_secure)
    smd_params_reply                         0x000317b1   Thumb Code   162  security_dispatcher.o(i.smd_params_reply)
    store_car_value                          0x00031a1d   Thumb Code    88  gatt_cache_manager.o(i.store_car_value)
    write_buf_store                          0x00032311   Thumb Code   202  peer_database.o(i.write_buf_store)
    nrf_fstorage_sd                          0x00032a00   Data          32  nrf_fstorage_sd.o(.constdata)
    nrf_log_backend_uart_api                 0x00032b80   Data          12  nrf_log_backend_uart.o(.constdata)
    m_ram_start                              0x00032c30   Data           4  nrf_sdh_ble.o(.constdata)
    __ctype_table                            0x00032c5c   Data         129  ctype_o.o(.constdata)
    Region$$Table$$Base                      0x00034384   Number         0  anon$$obj.o(Region$$Table)
    Region$$Table$$Limit                     0x000343a4   Number         0  anon$$obj.o(Region$$Table)
    log_const_data$$Base                     0x000343b4   Number         0  gatt_cache_manager.o(log_const_data)
    m_nrf_log_peer_manager_gcm_logs_data_const 0x000343b4   Data           8  gatt_cache_manager.o(log_const_data)
    m_nrf_log_peer_manager_gscm_logs_data_const 0x000343bc   Data           8  gatts_cache_manager.o(log_const_data)
    m_nrf_log_peer_manager_im_logs_data_const 0x000343c4   Data           8  id_manager.o(log_const_data)
    m_nrf_log_nrf_ble_gatt_logs_data_const   0x000343cc   Data           8  nrf_ble_gatt.o(log_const_data)
    m_nrf_log_peer_manager_pds_logs_data_const 0x000343d4   Data           8  peer_data_storage.o(log_const_data)
    m_nrf_log_peer_manager_pdb_logs_data_const 0x000343dc   Data           8  peer_database.o(log_const_data)
    m_nrf_log_peer_manager_logs_data_const   0x000343e4   Data           8  peer_manager.o(log_const_data)
    m_nrf_log_peer_manager_handler_logs_data_const 0x000343ec   Data           8  peer_manager_handler.o(log_const_data)
    m_nrf_log_peer_manager_smd_logs_data_const 0x000343f4   Data           8  security_dispatcher.o(log_const_data)
    m_nrf_log_peer_manager_sm_logs_data_const 0x000343fc   Data           8  security_manager.o(log_const_data)
    m_nrf_log_ble_bas_logs_data_const        0x00034404   Data           8  ble_bas.o(log_const_data)
    m_nrf_log_clock_logs_data_const          0x0003440c   Data           8  nrf_drv_clock.o(log_const_data)
    m_nrf_log_CLOCK_logs_data_const          0x00034414   Data           8  nrfx_clock.o(log_const_data)
    m_nrf_log_GPIOTE_logs_data_const         0x0003441c   Data           8  nrfx_gpiote.o(log_const_data)
    m_nrf_log_PRS_logs_data_const            0x00034424   Data           8  nrfx_prs.o(log_const_data)
    m_nrf_log_UART_logs_data_const           0x0003442c   Data           8  nrfx_uart.o(log_const_data)
    m_nrf_log_UARTE_logs_data_const          0x00034434   Data           8  nrfx_uarte.o(log_const_data)
    m_nrf_log_app_button_logs_data_const     0x0003443c   Data           8  app_button.o(log_const_data)
    m_nrf_log_app_timer_logs_data_const      0x00034444   Data           8  app_timer2.o(log_const_data)
    m_nrf_log_nrf_fstorage_logs_data_const   0x0003444c   Data           8  nrf_fstorage.o(log_const_data)
    m_nrf_log_pwr_mgmt_logs_data_const       0x00034454   Data           8  nrf_pwr_mgmt.o(log_const_data)
    m_nrf_log_sortlist_logs_data_const       0x0003445c   Data           8  nrf_sortlist.o(log_const_data)
    m_nrf_log_app_logs_data_const            0x00034464   Data           8  nrf_log_frontend.o(log_const_data)
    m_nrf_log_nrf_sdh_logs_data_const        0x0003446c   Data           8  nrf_sdh.o(log_const_data)
    m_nrf_log_nrf_sdh_ble_logs_data_const    0x00034474   Data           8  nrf_sdh_ble.o(log_const_data)
    m_nrf_log_nrf_sdh_soc_logs_data_const    0x0003447c   Data           8  nrf_sdh_soc.o(log_const_data)
    log_const_data$$Limit                    0x00034484   Number         0  nrf_sdh_soc.o(log_const_data)
    log_mempool                              0x00034484   Data          20  nrf_log_frontend.o(nrf_balloc)
    sdh_ble_observers0$$Base                 0x00034498   Number         0  ble_conn_state.o(sdh_ble_observers0)
    sdh_ble_observers0$$Limit                0x000344a0   Number         0  ble_conn_state.o(sdh_ble_observers0)
    sdh_ble_observers1$$Base                 0x000344a0   Number         0  main.o(sdh_ble_observers1)
    sdh_ble_observers1$$Limit                0x000344c8   Number         0  peer_manager.o(sdh_ble_observers1)
    sdh_ble_observers2$$Base                 0x000344c8   Number         0  main.o(sdh_ble_observers2)
    sdh_ble_observers2$$Limit                0x000344e0   Number         0  main.o(sdh_ble_observers2)
    sdh_ble_observers3$$Base                 0x000344e0   Number         0  main.o(sdh_ble_observers3)
    m_req_obs                                0x000344e8   Data           8  nrf_fstorage_sd.o(sdh_req_observers0)
    sdh_ble_observers3$$Limit                0x000344e8   Number         0  main.o(sdh_ble_observers3)
    sdh_req_observers0$$Base                 0x000344e8   Number         0  nrf_fstorage_sd.o(sdh_req_observers0)
    sdh_req_observers0$$Limit                0x000344f0   Number         0  nrf_fstorage_sd.o(sdh_req_observers0)
    sdh_soc_observers0$$Base                 0x000344f0   Number         0  nrf_drv_clock.o(sdh_soc_observers0)
    sdh_soc_observers0$$Limit                0x00034500   Number         0  nrf_fstorage_sd.o(sdh_soc_observers0)
    sdh_stack_observers0$$Base               0x00034500   Number         0  nrf_sdh_ble.o(sdh_stack_observers0)
    sdh_stack_observers0$$Limit              0x00034510   Number         0  nrf_sdh_soc.o(sdh_stack_observers0)
    sdh_state_observers0$$Base               0x00034510   Number         0  nrf_drv_clock.o(sdh_state_observers0)
    sdh_state_observers0$$Limit              0x00034520   Number         0  nrf_fstorage_sd.o(sdh_state_observers0)
    Image$$RW_IRAM1$$Base                    0x20002250   Number         0  anon$$obj.o ABSOLUTE
    nrf_drv_uart_use_easy_dma                0x200025b8   Data           1  nrf_drv_uart.o(.data)
    m_uart                                   0x20002674   Data          20  nrf_log_backend_uart.o(.data)
    SystemCoreClock                          0x200026e8   Data           4  system_nrf52.o(.data)
    fs_data$$Base                            0x200026ec   Number         0  fds.o(fs_data)
    m_fs                                     0x200026ec   Data          20  fds.o(fs_data)
    fs_data$$Limit                           0x20002700   Number         0  fds.o(fs_data)
    nrf_nvic_state                           0x20003230   Data          12  app_util_platform.o(.bss)
    __initial_sp                             0x200059a0   Data           0  arm_startup_nrf52.o(STACK)



==============================================================================

Memory Map of the image

  Image Entry point : 0x00026201

  Load Region LR_IROM1 (Base: 0x00026000, Size: 0x0000e9d0, Max: 0x0005a000, ABSOLUTE, COMPRESSED[0x0000e654])

    Execution Region ER_IROM1 (Base: 0x00026000, Size: 0x0000e520, Max: 0x0005a000, ABSOLUTE)

    Base Addr    Size         Type   Attr      Idx    E Section Name        Object

    0x00026000   0x00000200   Data   RO         7420    RESET               arm_startup_nrf52.o
    0x00026200   0x00000000   Code   RO         7476  * .ARM.Collect$$$$00000000  mc_w.l(entry.o)
    0x00026200   0x00000004   Code   RO         7530    .ARM.Collect$$$$00000001  mc_w.l(entry2.o)
    0x00026204   0x00000004   Code   RO         7533    .ARM.Collect$$$$00000004  mc_w.l(entry5.o)
    0x00026208   0x00000000   Code   RO         7535    .ARM.Collect$$$$00000008  mc_w.l(entry7b.o)
    0x00026208   0x00000000   Code   RO         7537    .ARM.Collect$$$$0000000A  mc_w.l(entry8b.o)
    0x00026208   0x00000008   Code   RO         7538    .ARM.Collect$$$$0000000B  mc_w.l(entry9a.o)
    0x00026210   0x00000000   Code   RO         7540    .ARM.Collect$$$$0000000D  mc_w.l(entry10a.o)
    0x00026210   0x00000000   Code   RO         7542    .ARM.Collect$$$$0000000F  mc_w.l(entry11a.o)
    0x00026210   0x00000004   Code   RO         7531    .ARM.Collect$$$$00002712  mc_w.l(entry2.o)
    0x00026214   0x000000c8   Code   RO         5487    .emb_text           nrf_atfifo.o
    0x000262dc   0x000000e2   Code   RO         5623    .emb_text           nrf_atomic.o
    0x000263be   0x00000002   PAD
    0x000263c0   0x00000024   Code   RO         7421    .text               arm_startup_nrf52.o
    0x000263e4   0x00000062   Code   RO         7484    .text               mc_w.l(uldiv.o)
    0x00026446   0x0000001e   Code   RO         7486    .text               mc_w.l(llshl.o)
    0x00026464   0x00000008   Code   RO         7488    .text               mc_w.l(ctype_o.o)
    0x0002646c   0x00000024   Code   RO         7516    .text               mc_w.l(memcpya.o)
    0x00026490   0x00000024   Code   RO         7518    .text               mc_w.l(memseta.o)
    0x000264b4   0x0000000e   Code   RO         7520    .text               mc_w.l(strlen.o)
    0x000264c2   0x0000001a   Code   RO         7524    .text               mc_w.l(memcmp.o)
    0x000264dc   0x00000020   Code   RO         7545    .text               mc_w.l(llushr.o)
    0x000264fc   0x00000024   Code   RO         7548    .text               mc_w.l(init.o)
    0x00026520   0x00000056   Code   RO         7558    .text               mc_w.l(__dczerorl2.o)
    0x00026576   0x00000002   PAD
    0x00026578   0x000000a4   Code   RO         3758    i.GPIOTE_IRQHandler  nrfx_gpiote.o
    0x0002661c   0x00000058   Code   RO         3619    i.POWER_CLOCK_IRQHandler  nrfx_clock.o
    0x00026674   0x00000010   Code   RO         4951    i.RTC1_IRQHandler   drv_rtc.o
    0x00026684   0x00000020   Code   RO         7206    i.SWI2_EGU2_IRQHandler  nrf_sdh.o
    0x000266a4   0x00000398   Code   RO         7429    i.SystemInit        system_nrf52.o
    0x00026a3c   0x0000000c   Code   RO         4063    i.UARTE0_UART0_IRQHandler  nrfx_prs.o
    0x00026a48   0x0000000e   Code   RO         7552    i.__scatterload_copy  mc_w.l(handlers.o)
    0x00026a56   0x00000002   Code   RO         7553    i.__scatterload_null  mc_w.l(handlers.o)
    0x00026a58   0x0000000e   Code   RO         7554    i.__scatterload_zeroinit  mc_w.l(handlers.o)
    0x00026a66   0x00000002   PAD
    0x00026a68   0x00000024   Code   RO         7207    i.__sd_nvic_app_accessible_irq  nrf_sdh.o
    0x00026a8c   0x0000013c   Code   RO         2588    i._conn_secure      peer_manager_handler.o
    0x00026bc8   0x00000026   Code   RO         1624    i.addr_compare      id_manager.o
    0x00026bee   0x0000000c   Code   RO         5875    i.addr_is_aligned32  nrf_fstorage.o
    0x00026bfa   0x00000018   Code   RO         5876    i.addr_is_within_bounds  nrf_fstorage.o
    0x00026c12   0x00000010   Code   RO          941    i.adv_set_data_size_max_get  ble_advertising.o
    0x00026c22   0x00000036   Code   RO          707    i.advertising_buttons_configure  bsp_btn_ble.o
    0x00026c58   0x0000009c   Code   RO            4    i.advertising_init  main.o
    0x00026cf4   0x00000058   Code   RO            5    i.advertising_start  main.o
    0x00026d4c   0x00000052   Code   RO         1625    i.ah                id_manager.o
    0x00026d9e   0x00000006   Code   RO          590    i.alert_timer_handler  bsp.o
    0x00026da4   0x0000000c   Code   RO         2732    i.allow_repairing   security_dispatcher.o
    0x00026db0   0x00000024   Code   RO         4466    i.app_button_enable  app_button.o
    0x00026dd4   0x00000080   Code   RO         4467    i.app_button_init   app_button.o
    0x00026e54   0x00000084   Code   RO         4624    i.app_error_fault_handler  app_error_weak.o
    0x00026ed8   0x00000016   Code   RO         4564    i.app_error_handler_bare  app_error.o
    0x00026eee   0x00000002   PAD
    0x00026ef0   0x000000a0   Code   RO         4661    i.app_sched_event_put  app_scheduler.o
    0x00026f90   0x00000040   Code   RO         4662    i.app_sched_execute  app_scheduler.o
    0x00026fd0   0x0000002c   Code   RO         4663    i.app_sched_init    app_scheduler.o
    0x00026ffc   0x0000000c   Code   RO         4710    i.app_timer_cnt_get  app_timer2.o
    0x00027008   0x00000016   Code   RO         4711    i.app_timer_create  app_timer2.o
    0x0002701e   0x00000002   PAD
    0x00027020   0x0000005c   Code   RO         4712    i.app_timer_init    app_timer2.o
    0x0002707c   0x00000030   Code   RO         4715    i.app_timer_start   app_timer2.o
    0x000270ac   0x0000000c   Code   RO         4716    i.app_timer_stop    app_timer2.o
    0x000270b8   0x00000048   Code   RO         4856    i.app_util_critical_region_enter  app_util_platform.o
    0x00027100   0x00000034   Code   RO         4857    i.app_util_critical_region_exit  app_util_platform.o
    0x00027134   0x00000088   Code   RO         4117    i.apply_config      nrfx_uart.o
    0x000271bc   0x00000088   Code   RO         4305    i.apply_config      nrfx_uarte.o
    0x00027244   0x00000004   Code   RO         1363    i.apply_pending_handle  gatt_cache_manager.o
    0x00027248   0x00000004   Code   RO         7208    i.appsh_events_poll  nrf_sdh.o
    0x0002724c   0x00000180   Code   RO         2733    i.auth_status_success_process  security_dispatcher.o
    0x000273cc   0x0000009c   Code   RO         3048    i.battery_level_char_add  ble_bas.o
    0x00027468   0x00000048   Code   RO            7    i.battery_level_meas_timeout_handler  main.o
    0x000274b0   0x0000000a   Code   RO         3049    i.battery_notification_send  ble_bas.o
    0x000274ba   0x00000048   Code   RO         1277    i.blcm_link_ctx_get  ble_link_ctx_manager.o
    0x00027502   0x00000182   Code   RO          835    i.ble_advdata_encode  ble_advdata.o
    0x00027684   0x00000020   Code   RO          837    i.ble_advdata_parse  ble_advdata.o
    0x000276a4   0x00000046   Code   RO          838    i.ble_advdata_search  ble_advdata.o
    0x000276ea   0x000000a0   Code   RO          942    i.ble_advertising_advdata_update  ble_advertising.o
    0x0002778a   0x00000006   Code   RO          943    i.ble_advertising_conn_cfg_tag_set  ble_advertising.o
    0x00027790   0x00000004   Code   RO            8    i.ble_advertising_error_handler  main.o
    0x00027794   0x000000f8   Code   RO          944    i.ble_advertising_init  ble_advertising.o
    0x0002788c   0x0000006a   Code   RO          946    i.ble_advertising_on_ble_evt  ble_advertising.o
    0x000278f6   0x00000026   Code   RO          947    i.ble_advertising_peer_addr_reply  ble_advertising.o
    0x0002791c   0x0000003a   Code   RO          948    i.ble_advertising_restart_without_whitelist  ble_advertising.o
    0x00027956   0x00000230   Code   RO          949    i.ble_advertising_start  ble_advertising.o
    0x00027b86   0x00000024   Code   RO          950    i.ble_advertising_whitelist_reply  ble_advertising.o
    0x00027baa   0x00000002   PAD
    0x00027bac   0x000000c0   Code   RO         3050    i.ble_bas_battery_level_update  ble_bas.o
    0x00027c6c   0x0000003e   Code   RO         3052    i.ble_bas_init      ble_bas.o
    0x00027caa   0x00000052   Code   RO         3053    i.ble_bas_on_ble_evt  ble_bas.o
    0x00027cfc   0x00000068   Code   RO         1034    i.ble_conn_params_init  ble_conn_params.o
    0x00027d64   0x0000000c   Code   RO         1108    i.ble_conn_state_conn_handles  ble_conn_state.o
    0x00027d70   0x00000012   Code   RO         1109    i.ble_conn_state_conn_idx  ble_conn_state.o
    0x00027d82   0x00000002   PAD
    0x00027d84   0x00000020   Code   RO         1110    i.ble_conn_state_encrypted  ble_conn_state.o
    0x00027da4   0x0000002c   Code   RO         1112    i.ble_conn_state_for_each_set_user_flag  ble_conn_state.o
    0x00027dd0   0x00000020   Code   RO         1114    i.ble_conn_state_lesc  ble_conn_state.o
    0x00027df0   0x00000020   Code   RO         1115    i.ble_conn_state_mitm_protected  ble_conn_state.o
    0x00027e10   0x00000024   Code   RO         1118    i.ble_conn_state_role  ble_conn_state.o
    0x00027e34   0x00000024   Code   RO         1119    i.ble_conn_state_status  ble_conn_state.o
    0x00027e58   0x00000018   Code   RO         1120    i.ble_conn_state_user_flag_acquire  ble_conn_state.o
    0x00027e70   0x00000030   Code   RO         1121    i.ble_conn_state_user_flag_get  ble_conn_state.o
    0x00027ea0   0x00000038   Code   RO         1122    i.ble_conn_state_user_flag_set  ble_conn_state.o
    0x00027ed8   0x00000014   Code   RO         1123    i.ble_conn_state_valid  ble_conn_state.o
    0x00027eec   0x00000060   Code   RO          841    i.ble_device_addr_encode  ble_advdata.o
    0x00027f4c   0x0000013c   Code   RO         3108    i.ble_dis_init      ble_dis.o
    0x00028088   0x000000b8   Code   RO            9    i.ble_evt_handler   main.o
    0x00028140   0x00000070   Code   RO          708    i.ble_evt_handler   bsp_btn_ble.o
    0x000281b0   0x000000fc   Code   RO         1036    i.ble_evt_handler   ble_conn_params.o
    0x000282ac   0x00000118   Code   RO         1124    i.ble_evt_handler   ble_conn_state.o
    0x000283c4   0x00000028   Code   RO         2282    i.ble_evt_handler   peer_manager.o
    0x000283ec   0x000000ac   Code   RO         3150    i.ble_hids_boot_mouse_inp_rep_send  ble_hids.o
    0x00028498   0x00000270   Code   RO         3151    i.ble_hids_init     ble_hids.o
    0x00028708   0x000000c4   Code   RO         3152    i.ble_hids_inp_rep_send  ble_hids.o
    0x000287cc   0x00000022   Code   RO         3153    i.ble_hids_on_ble_evt  ble_hids.o
    0x000287ee   0x00000012   Code   RO         1301    i.ble_srv_ascii_to_utf8  ble_srv_common.o
    0x00028800   0x00000008   Code   RO         1303    i.ble_srv_is_notification_enabled  ble_srv_common.o
    0x00028808   0x0000000c   Code   RO         1304    i.ble_srv_report_ref_encode  ble_srv_common.o
    0x00028814   0x0000006c   Code   RO         3155    i.boot_inp_rep_char_add  ble_hids.o
    0x00028880   0x0000000c   Code   RO          477    i.bsp_board_button_idx_to_pin  boards.o
    0x0002888c   0x00000020   Code   RO          478    i.bsp_board_button_state_get  boards.o
    0x000288ac   0x00000054   Code   RO          479    i.bsp_board_init    boards.o
    0x00028900   0x00000024   Code   RO          481    i.bsp_board_led_invert  boards.o
    0x00028924   0x00000010   Code   RO          482    i.bsp_board_led_off  boards.o
    0x00028934   0x00000010   Code   RO          483    i.bsp_board_led_on  boards.o
    0x00028944   0x00000020   Code   RO          484    i.bsp_board_led_state_get  boards.o
    0x00028964   0x00000012   Code   RO          485    i.bsp_board_leds_off  boards.o
    0x00028976   0x00000012   Code   RO          486    i.bsp_board_leds_on  boards.o
    0x00028988   0x00000024   Code   RO          487    i.bsp_board_pin_to_button_idx  boards.o
    0x000289ac   0x00000038   Code   RO          709    i.bsp_btn_ble_init  bsp_btn_ble.o
    0x000289e4   0x0000001e   Code   RO          710    i.bsp_btn_ble_sleep_mode_prepare  bsp_btn_ble.o
    0x00028a02   0x00000002   PAD
    0x00028a04   0x00000090   Code   RO          591    i.bsp_button_event_handler  bsp.o
    0x00028a94   0x0000000c   Code   RO          592    i.bsp_button_is_pressed  bsp.o
    0x00028aa0   0x00000084   Code   RO           10    i.bsp_event_handler  main.o
    0x00028b24   0x00000044   Code   RO          595    i.bsp_event_to_button_action_assign  bsp.o
    0x00028b68   0x00000018   Code   RO          596    i.bsp_indication_set  bsp.o
    0x00028b80   0x00000094   Code   RO          597    i.bsp_init          bsp.o
    0x00028c14   0x000001c8   Code   RO          598    i.bsp_led_indication  bsp.o
    0x00028ddc   0x00000006   Code   RO          600    i.bsp_wakeup_button_enable  bsp.o
    0x00028de2   0x00000002   PAD
    0x00028de4   0x00000094   Code   RO         6605    i.buf_prealloc      nrf_log_frontend.o
    0x00028e78   0x0000002e   Code   RO         5835    i.buffer_add        nrf_fprintf_format.o
    0x00028ea6   0x00000002   PAD
    0x00028ea8   0x00000018   Code   RO         6606    i.buffer_is_empty   nrf_log_frontend.o
    0x00028ec0   0x00000028   Code   RO         4469    i.button_get        app_button.o
    0x00028ee8   0x00000008   Code   RO          601    i.button_timer_handler  bsp.o
    0x00028ef0   0x00000028   Code   RO         1364    i.car_update_needed  gatt_cache_manager.o
    0x00028f18   0x00000040   Code   RO         1365    i.car_update_pending_handle  gatt_cache_manager.o
    0x00028f58   0x0000001c   Code   RO         3759    i.channel_free      nrfx_gpiote.o
    0x00028f74   0x00000048   Code   RO         3760    i.channel_port_alloc  nrfx_gpiote.o
    0x00028fbc   0x00000010   Code   RO         3761    i.channel_port_get  nrfx_gpiote.o
    0x00028fcc   0x00000060   Code   RO         3109    i.char_add          ble_dis.o
    0x0002902c   0x00000190   Code   RO         1305    i.characteristic_add  ble_srv_common.o
    0x000291bc   0x0000003e   Code   RO         2192    i.claim             peer_id.o
    0x000291fa   0x00000002   PAD
    0x000291fc   0x00000028   Code   RO         3274    i.clock_clk_started_notify  nrf_drv_clock.o
    0x00029224   0x0000001c   Code   RO         3275    i.clock_irq_handler  nrf_drv_clock.o
    0x00029240   0x00000018   Code   RO         4718    i.compare_func      app_timer2.o
    0x00029258   0x0000003e   Code   RO         1125    i.conn_handle_list_get  ble_conn_state.o
    0x00029296   0x00000088   Code   RO          842    i.conn_int_encode   ble_advdata.o
    0x0002931e   0x00000004   Code   RO           11    i.conn_params_error_handler  main.o
    0x00029322   0x00000002   PAD
    0x00029324   0x00000048   Code   RO         1037    i.conn_params_negotiation  ble_conn_params.o
    0x0002936c   0x00000044   Code   RO         2734    i.conn_sec_failure  security_dispatcher.o
    0x000293b0   0x00000004   Code   RO         2589    i.conn_secure       peer_manager_handler.o
    0x000293b4   0x000000c0   Code   RO         1790    i.data_length_update  nrf_ble_gatt.o
    0x00029474   0x00000030   Code   RO         1366    i.db_update_pending_handle  gatt_cache_manager.o
    0x000294a4   0x0000008c   Code   RO         5120    i.delete_execute    fds.o
    0x00029530   0x000000aa   Code   RO         1306    i.descriptor_add    ble_srv_common.o
    0x000295da   0x00000002   PAD
    0x000295dc   0x00000048   Code   RO         4470    i.detection_delay_timeout_handler  app_button.o
    0x00029624   0x00000014   Code   RO         6607    i.dropped_sat16_get  nrf_log_frontend.o
    0x00029638   0x00000014   Code   RO         4952    i.drv_rtc_compare_disable  drv_rtc.o
    0x0002964c   0x0000000e   Code   RO         4955    i.drv_rtc_compare_pending  drv_rtc.o
    0x0002965a   0x00000050   Code   RO         4956    i.drv_rtc_compare_set  drv_rtc.o
    0x000296aa   0x00000008   Code   RO         4957    i.drv_rtc_counter_get  drv_rtc.o
    0x000296b2   0x00000002   PAD
    0x000296b4   0x000000d8   Code   RO         4958    i.drv_rtc_init      drv_rtc.o
    0x0002978c   0x0000001e   Code   RO         4959    i.drv_rtc_irq_trigger  drv_rtc.o
    0x000297aa   0x00000008   Code   RO         4961    i.drv_rtc_overflow_enable  drv_rtc.o
    0x000297b2   0x00000008   Code   RO         4962    i.drv_rtc_overflow_pending  drv_rtc.o
    0x000297ba   0x00000008   Code   RO         4963    i.drv_rtc_start     drv_rtc.o
    0x000297c2   0x00000008   Code   RO         4964    i.drv_rtc_stop      drv_rtc.o
    0x000297ca   0x000000de   Code   RO         4969    i.drv_rtc_windowed_compare_set  drv_rtc.o
    0x000298a8   0x0000000a   Code   RO         2735    i.encryption_failure  security_dispatcher.o
    0x000298b2   0x00000002   PAD
    0x000298b4   0x0000004c   Code   RO         5962    i.erase             nrf_fstorage_sd.o
    0x00029900   0x00000074   Code   RO         5121    i.event_prepare     fds.o
    0x00029974   0x00000020   Code   RO         5122    i.event_send        fds.o
    0x00029994   0x00000054   Code   RO         5963    i.event_send        nrf_fstorage_sd.o
    0x000299e8   0x00000098   Code   RO         2873    i.events_send_from_err_code  security_manager.o
    0x00029a80   0x00000012   Code   RO         4970    i.evt_enable        drv_rtc.o
    0x00029a92   0x00000002   PAD
    0x00029a94   0x000000e0   Code   RO         4471    i.evt_handle        app_button.o
    0x00029b74   0x00000014   Code   RO         4971    i.evt_pending       drv_rtc.o
    0x00029b88   0x0000001c   Code   RO         1367    i.evt_send          gatt_cache_manager.o
    0x00029ba4   0x0000001c   Code   RO         1529    i.evt_send          gatts_cache_manager.o
    0x00029bc0   0x0000002c   Code   RO         2283    i.evt_send          peer_manager.o
    0x00029bec   0x0000001c   Code   RO         2736    i.evt_send          security_dispatcher.o
    0x00029c08   0x0000000c   Code   RO         2874    i.evt_send          security_manager.o
    0x00029c14   0x000000e0   Code   RO         1933    i.fds_evt_handler   peer_data_storage.o
    0x00029cf4   0x00000048   Code   RO         5124    i.fds_file_delete   fds.o
    0x00029d3c   0x00000040   Code   RO         5125    i.fds_gc            fds.o
    0x00029d7c   0x000000e4   Code   RO         5126    i.fds_init          fds.o
    0x00029e60   0x00000048   Code   RO         5127    i.fds_record_close  fds.o
    0x00029ea8   0x0000000e   Code   RO         5129    i.fds_record_find   fds.o
    0x00029eb6   0x00000010   Code   RO         5130    i.fds_record_find_by_key  fds.o
    0x00029ec6   0x00000010   Code   RO         5131    i.fds_record_find_in_file  fds.o
    0x00029ed6   0x00000012   Code   RO         5132    i.fds_record_id_from_desc  fds.o
    0x00029ee8   0x0000004c   Code   RO         5134    i.fds_record_open   fds.o
    0x00029f34   0x00000010   Code   RO         5135    i.fds_record_update  fds.o
    0x00029f44   0x00000008   Code   RO         5136    i.fds_record_write  fds.o
    0x00029f4c   0x00000030   Code   RO         5138    i.fds_register      fds.o
    0x00029f7c   0x000000a0   Code   RO         5141    i.fds_stat          fds.o
    0x0002a01c   0x00000014   Code   RO         1934    i.file_id_within_pm_range  peer_data_storage.o
    0x0002a030   0x00000012   Code   RO         2737    i.flag_id_init      security_dispatcher.o
    0x0002a042   0x00000012   Code   RO         2875    i.flag_id_init      security_manager.o
    0x0002a054   0x0000000a   Code   RO         1126    i.flag_toggle       ble_conn_state.o
    0x0002a05e   0x00000028   Code   RO          951    i.flags_set         ble_advertising.o
    0x0002a086   0x00000002   PAD
    0x0002a088   0x00000030   Code   RO         2876    i.flags_set_from_err_code  security_manager.o
    0x0002a0b8   0x00000030   Code   RO         1127    i.for_each_set_flag  ble_conn_state.o
    0x0002a0e8   0x00000006   Code   RO         5142    i.fs_event_handler  fds.o
    0x0002a0ee   0x00000002   PAD
    0x0002a0f0   0x0000006c   Code   RO           12    i.gap_params_init   main.o
    0x0002a15c   0x00000078   Code   RO         5143    i.gc_execute        fds.o
    0x0002a1d4   0x0000004c   Code   RO         5144    i.gc_next_page      fds.o
    0x0002a220   0x00000040   Code   RO         5145    i.gc_page_erase     fds.o
    0x0002a260   0x00000034   Code   RO         5146    i.gc_record_copy    fds.o
    0x0002a294   0x00000024   Code   RO         5147    i.gc_record_find_next  fds.o
    0x0002a2b8   0x00000070   Code   RO         5148    i.gc_state_advance  fds.o
    0x0002a328   0x00000030   Code   RO         5149    i.gc_swap_pages     fds.o
    0x0002a358   0x00000230   Code   RO         1368    i.gcm_ble_evt_handler  gatt_cache_manager.o
    0x0002a588   0x0000003c   Code   RO         1369    i.gcm_im_evt_handler  gatt_cache_manager.o
    0x0002a5c4   0x00000094   Code   RO         1370    i.gcm_init          gatt_cache_manager.o
    0x0002a658   0x00000088   Code   RO         1373    i.gcm_pdb_evt_handler  gatt_cache_manager.o
    0x0002a6e0   0x00000034   Code   RO         4719    i.get_now           app_timer2.o
    0x0002a714   0x0000003c   Code   RO         4472    i.gpiote_event_handler  app_button.o
    0x0002a750   0x0000001c   Code   RO         1530    i.gscm_db_change_notification_done  gatts_cache_manager.o
    0x0002a76c   0x00000014   Code   RO         1531    i.gscm_init         gatts_cache_manager.o
    0x0002a780   0x00000090   Code   RO         1533    i.gscm_local_db_cache_apply  gatts_cache_manager.o
    0x0002a810   0x000000ac   Code   RO         1534    i.gscm_local_db_cache_update  gatts_cache_manager.o
    0x0002a8bc   0x00000018   Code   RO         1535    i.gscm_pdb_evt_handler  gatts_cache_manager.o
    0x0002a8d4   0x0000001e   Code   RO         1536    i.gscm_service_changed_ind_needed  gatts_cache_manager.o
    0x0002a8f2   0x00000002   PAD
    0x0002a8f4   0x0000005c   Code   RO         1537    i.gscm_service_changed_ind_send  gatts_cache_manager.o
    0x0002a950   0x0000002c   Code   RO         5150    i.header_check      fds.o
    0x0002a97c   0x00000012   Code   RO         5151    i.header_has_next   fds.o
    0x0002a98e   0x00000062   Code   RO         3156    i.hid_information_char_add  ble_hids.o
    0x0002a9f0   0x000000d0   Code   RO           13    i.hids_init         main.o
    0x0002aac0   0x00000030   Code   RO           14    i.identities_set    main.o
    0x0002aaf0   0x00000046   Code   RO         1626    i.im_address_resolve  id_manager.o
    0x0002ab36   0x00000002   PAD
    0x0002ab38   0x00000038   Code   RO         1627    i.im_ble_addr_get   id_manager.o
    0x0002ab70   0x000000dc   Code   RO         1628    i.im_ble_evt_handler  id_manager.o
    0x0002ac4c   0x00000040   Code   RO         1629    i.im_conn_handle_get  id_manager.o
    0x0002ac8c   0x000000ec   Code   RO         1630    i.im_device_identities_list_set  id_manager.o
    0x0002ad78   0x00000038   Code   RO         1631    i.im_find_duplicate_bonding_data  id_manager.o
    0x0002adb0   0x00000072   Code   RO         1634    i.im_is_duplicate_bonding_data  id_manager.o
    0x0002ae22   0x00000018   Code   RO         1635    i.im_master_id_is_valid  id_manager.o
    0x0002ae3a   0x0000002a   Code   RO         1636    i.im_master_ids_compare  id_manager.o
    0x0002ae64   0x00000014   Code   RO         1637    i.im_new_peer_id    id_manager.o
    0x0002ae78   0x0000002c   Code   RO         1638    i.im_peer_free      id_manager.o
    0x0002aea4   0x00000024   Code   RO         1639    i.im_peer_id_get_by_conn_handle  id_manager.o
    0x0002aec8   0x0000003c   Code   RO         1640    i.im_peer_id_get_by_master_id  id_manager.o
    0x0002af04   0x00000038   Code   RO         1643    i.im_whitelist_get  id_manager.o
    0x0002af3c   0x00000074   Code   RO         1644    i.im_whitelist_set  id_manager.o
    0x0002afb0   0x00000034   Code   RO         5964    i.init              nrf_fstorage_sd.o
    0x0002afe4   0x000000c8   Code   RO         5152    i.init_execute      fds.o
    0x0002b0ac   0x0000006c   Code   RO         3157    i.inp_rep_characteristics_add  ble_hids.o
    0x0002b118   0x00000014   Code   RO         1038    i.instance_get      ble_conn_params.o
    0x0002b12c   0x000000a6   Code   RO         5836    i.int_print         nrf_fprintf_format.o
    0x0002b1d2   0x00000002   PAD
    0x0002b1d4   0x00000088   Code   RO         4306    i.interrupts_enable  nrfx_uarte.o
    0x0002b25c   0x00000034   Code   RO         6608    i.invalid_packets_omit  nrf_log_frontend.o
    0x0002b290   0x00000010   Code   RO         5965    i.is_busy           nrf_fstorage_sd.o
    0x0002b2a0   0x00000044   Code   RO         1039    i.is_conn_params_ok  ble_conn_params.o
    0x0002b2e4   0x00000014   Code   RO         1645    i.is_valid_irk      id_manager.o
    0x0002b2f8   0x0000000c   Code   RO         5153    i.is_word_aligned   fds.o
    0x0002b304   0x00000030   Code   RO          602    i.leds_off          bsp.o
    0x0002b334   0x00000014   Code   RO          603    i.leds_timer_handler  bsp.o
    0x0002b348   0x00000014   Code   RO         1791    i.link_init         nrf_ble_gatt.o
    0x0002b35c   0x000000d0   Code   RO         2877    i.link_secure       security_manager.o
    0x0002b42c   0x0000003c   Code   RO         2738    i.link_secure_failure  security_dispatcher.o
    0x0002b468   0x0000002c   Code   RO         2878    i.link_secure_pending_handle  security_manager.o
    0x0002b494   0x000000a8   Code   RO         1374    i.local_db_apply_in_evt  gatt_cache_manager.o
    0x0002b53c   0x00000010   Code   RO         1375    i.local_db_update   gatt_cache_manager.o
    0x0002b54c   0x0000010c   Code   RO         1376    i.local_db_update_in_evt  gatt_cache_manager.o
    0x0002b658   0x000000a4   Code   RO         6609    i.log_skip          nrf_log_frontend.o
    0x0002b6fc   0x0000018c   Code   RO           15    i.main              main.o
    0x0002b888   0x00000012   Code   RO         3158    i.make_char_id      ble_hids.o
    0x0002b89a   0x00000064   Code   RO          843    i.manuf_specific_data_encode  ble_advdata.o
    0x0002b8fe   0x0000007e   Code   RO         6074    i.memobj_op         nrf_memobj.o
    0x0002b97c   0x00000030   Code   RO         6610    i.module_idx_get    nrf_log_frontend.o
    0x0002b9ac   0x0000008c   Code   RO           16    i.mouse_movement_send  main.o
    0x0002ba38   0x00000008   Code   RO         2685    i.mutex_lock_status_get  pm_buffer.o
    0x0002ba40   0x000000a6   Code   RO          844    i.name_encode       ble_advdata.o
    0x0002bae6   0x00000002   PAD
    0x0002bae8   0x00000014   Code   RO         2879    i.new_context_get   security_manager.o
    0x0002bafc   0x00000032   Code   RO         2880    i.new_evt           security_manager.o
    0x0002bb2e   0x00000030   Code   RO         2193    i.next_id_get       peer_id.o
    0x0002bb5e   0x00000010   Code   RO         5489    i.nrf_atfifo_clear  nrf_atfifo.o
    0x0002bb6e   0x00000026   Code   RO         5491    i.nrf_atfifo_init   nrf_atfifo.o
    0x0002bb94   0x00000016   Code   RO         5492    i.nrf_atfifo_item_alloc  nrf_atfifo.o
    0x0002bbaa   0x00000016   Code   RO         5493    i.nrf_atfifo_item_free  nrf_atfifo.o
    0x0002bbc0   0x00000016   Code   RO         5494    i.nrf_atfifo_item_get  nrf_atfifo.o
    0x0002bbd6   0x00000016   Code   RO         5495    i.nrf_atfifo_item_put  nrf_atfifo.o
    0x0002bbec   0x00000016   Code   RO         5557    i.nrf_atflags_clear  nrf_atflags.o
    0x0002bc02   0x00000020   Code   RO         5559    i.nrf_atflags_fetch_set  nrf_atflags.o
    0x0002bc22   0x0000004a   Code   RO         5561    i.nrf_atflags_find_and_set_flag  nrf_atflags.o
    0x0002bc6c   0x00000016   Code   RO         5562    i.nrf_atflags_get   nrf_atflags.o
    0x0002bc82   0x00000014   Code   RO         5564    i.nrf_atflags_set   nrf_atflags.o
    0x0002bc96   0x00000006   Code   RO         5625    i.nrf_atomic_flag_clear_fetch  nrf_atomic.o
    0x0002bc9c   0x00000006   Code   RO         5626    i.nrf_atomic_flag_set  nrf_atomic.o
    0x0002bca2   0x00000006   Code   RO         5627    i.nrf_atomic_flag_set_fetch  nrf_atomic.o
    0x0002bca8   0x0000000c   Code   RO         5628    i.nrf_atomic_u32_add  nrf_atomic.o
    0x0002bcb4   0x0000000c   Code   RO         5629    i.nrf_atomic_u32_and  nrf_atomic.o
    0x0002bcc0   0x0000000a   Code   RO         5631    i.nrf_atomic_u32_fetch_add  nrf_atomic.o
    0x0002bcca   0x0000000a   Code   RO         5632    i.nrf_atomic_u32_fetch_and  nrf_atomic.o
    0x0002bcd4   0x0000000a   Code   RO         5633    i.nrf_atomic_u32_fetch_or  nrf_atomic.o
    0x0002bcde   0x0000000a   Code   RO         5634    i.nrf_atomic_u32_fetch_store  nrf_atomic.o
    0x0002bce8   0x0000000c   Code   RO         5638    i.nrf_atomic_u32_or  nrf_atomic.o
    0x0002bcf4   0x0000000c   Code   RO         5640    i.nrf_atomic_u32_sub  nrf_atomic.o
    0x0002bd00   0x00000044   Code   RO         5759    i.nrf_balloc_alloc  nrf_balloc.o
    0x0002bd44   0x00000030   Code   RO         5760    i.nrf_balloc_free   nrf_balloc.o
    0x0002bd74   0x00000030   Code   RO         5761    i.nrf_balloc_init   nrf_balloc.o
    0x0002bda4   0x00000010   Code   RO         3762    i.nrf_bitmask_bit_is_set  nrfx_gpiote.o
    0x0002bdb4   0x00000022   Code   RO         1797    i.nrf_ble_gatt_init  nrf_ble_gatt.o
    0x0002bdd6   0x00000002   PAD
    0x0002bdd8   0x00000150   Code   RO         1798    i.nrf_ble_gatt_on_ble_evt  nrf_ble_gatt.o
    0x0002bf28   0x00000016   Code   RO         1892    i.nrf_ble_qwr_conn_handle_assign  nrf_ble_qwr.o
    0x0002bf3e   0x00000024   Code   RO         1893    i.nrf_ble_qwr_init  nrf_ble_qwr.o
    0x0002bf62   0x000000b6   Code   RO         1894    i.nrf_ble_qwr_on_ble_evt  nrf_ble_qwr.o
    0x0002c018   0x0000000e   Code   RO         3620    i.nrf_clock_event_check  nrfx_clock.o
    0x0002c026   0x00000010   Code   RO         3621    i.nrf_clock_event_clear  nrfx_clock.o
    0x0002c036   0x00000002   PAD
    0x0002c038   0x00000040   Code   RO         3282    i.nrf_drv_clock_init  nrf_drv_clock.o
    0x0002c078   0x00000034   Code   RO         3286    i.nrf_drv_clock_lfclk_release  nrf_drv_clock.o
    0x0002c0ac   0x00000068   Code   RO         3428    i.nrf_drv_uart_init  nrf_drv_uart.o
    0x0002c114   0x0000001a   Code   RO         5796    i.nrf_fprintf       nrf_fprintf.o
    0x0002c12e   0x00000018   Code   RO         5797    i.nrf_fprintf_buffer_flush  nrf_fprintf.o
    0x0002c146   0x000001da   Code   RO         5837    i.nrf_fprintf_fmt   nrf_fprintf_format.o
    0x0002c320   0x00000138   Code   RO         5877    i.nrf_fstorage_erase  nrf_fstorage.o
    0x0002c458   0x00000094   Code   RO         5878    i.nrf_fstorage_init  nrf_fstorage.o
    0x0002c4ec   0x00000018   Code   RO         5966    i.nrf_fstorage_sdh_req_handler  nrf_fstorage_sd.o
    0x0002c504   0x00000020   Code   RO         5967    i.nrf_fstorage_sdh_state_handler  nrf_fstorage_sd.o
    0x0002c524   0x000000a4   Code   RO         5968    i.nrf_fstorage_sys_evt_handler  nrf_fstorage_sd.o
    0x0002c5c8   0x000001dc   Code   RO         5884    i.nrf_fstorage_write  nrf_fstorage.o
    0x0002c7a4   0x00000024   Code   RO          489    i.nrf_gpio_cfg      boards.o
    0x0002c7c8   0x00000024   Code   RO         3763    i.nrf_gpio_cfg      nrfx_gpiote.o
    0x0002c7ec   0x00000024   Code   RO         4118    i.nrf_gpio_cfg      nrfx_uart.o
    0x0002c810   0x00000024   Code   RO         4307    i.nrf_gpio_cfg      nrfx_uarte.o
    0x0002c834   0x00000012   Code   RO         4119    i.nrf_gpio_cfg_default  nrfx_uart.o
    0x0002c846   0x00000012   Code   RO         4308    i.nrf_gpio_cfg_default  nrfx_uarte.o
    0x0002c858   0x00000012   Code   RO         4120    i.nrf_gpio_cfg_input  nrfx_uart.o
    0x0002c86a   0x00000012   Code   RO         4309    i.nrf_gpio_cfg_input  nrfx_uarte.o
    0x0002c87c   0x00000014   Code   RO         4121    i.nrf_gpio_cfg_output  nrfx_uart.o
    0x0002c890   0x00000014   Code   RO         4310    i.nrf_gpio_cfg_output  nrfx_uarte.o
    0x0002c8a4   0x00000022   Code   RO         3765    i.nrf_gpio_cfg_sense_set  nrfx_gpiote.o
    0x0002c8c6   0x00000002   PAD
    0x0002c8c8   0x0000002c   Code   RO         3766    i.nrf_gpio_latches_read_and_clear  nrfx_gpiote.o
    0x0002c8f4   0x0000001e   Code   RO         3767    i.nrf_gpio_pin_present_check  nrfx_gpiote.o
    0x0002c912   0x00000016   Code   RO          490    i.nrf_gpio_pin_write  boards.o
    0x0002c928   0x00000014   Code   RO         3768    i.nrf_gpiote_event_clear  nrfx_gpiote.o
    0x0002c93c   0x00000010   Code   RO         3769    i.nrf_gpiote_event_is_set  nrfx_gpiote.o
    0x0002c94c   0x0000005c   Code   RO         6611    i.nrf_log_backend_add  nrf_log_frontend.o
    0x0002c9a8   0x000000c8   Code   RO         6456    i.nrf_log_backend_serial_put  nrf_log_backend_serial.o
    0x0002ca70   0x00000002   Code   RO         6496    i.nrf_log_backend_uart_flush  nrf_log_backend_uart.o
    0x0002ca72   0x00000006   Code   RO         6497    i.nrf_log_backend_uart_init  nrf_log_backend_uart.o
    0x0002ca78   0x0000002c   Code   RO         6498    i.nrf_log_backend_uart_panic_set  nrf_log_backend_uart.o
    0x0002caa4   0x00000018   Code   RO         6499    i.nrf_log_backend_uart_put  nrf_log_backend_uart.o
    0x0002cabc   0x00000030   Code   RO         6613    i.nrf_log_color_id_get  nrf_log_frontend.o
    0x0002caec   0x0000001c   Code   RO         6569    i.nrf_log_default_backends_init  nrf_log_default_backends.o
    0x0002cb08   0x00000238   Code   RO         6614    i.nrf_log_frontend_dequeue  nrf_log_frontend.o
    0x0002cd40   0x00000008   Code   RO         6616    i.nrf_log_frontend_std_0  nrf_log_frontend.o
    0x0002cd48   0x0000000e   Code   RO         6617    i.nrf_log_frontend_std_1  nrf_log_frontend.o
    0x0002cd56   0x00000010   Code   RO         6618    i.nrf_log_frontend_std_2  nrf_log_frontend.o
    0x0002cd66   0x00000012   Code   RO         6619    i.nrf_log_frontend_std_3  nrf_log_frontend.o
    0x0002cd78   0x00000014   Code   RO         6620    i.nrf_log_frontend_std_4  nrf_log_frontend.o
    0x0002cd8c   0x000000b0   Code   RO         6792    i.nrf_log_hexdump_entry_process  nrf_log_str_formatter.o
    0x0002ce3c   0x00000028   Code   RO         6623    i.nrf_log_init      nrf_log_frontend.o
    0x0002ce64   0x00000014   Code   RO         6624    i.nrf_log_module_cnt_get  nrf_log_frontend.o
    0x0002ce78   0x0000001c   Code   RO         6627    i.nrf_log_module_name_get  nrf_log_frontend.o
    0x0002ce94   0x00000028   Code   RO         6628    i.nrf_log_panic     nrf_log_frontend.o
    0x0002cebc   0x000000b6   Code   RO         6793    i.nrf_log_std_entry_process  nrf_log_str_formatter.o
    0x0002cf72   0x00000060   Code   RO         6075    i.nrf_memobj_alloc  nrf_memobj.o
    0x0002cfd2   0x00000032   Code   RO         6076    i.nrf_memobj_free   nrf_memobj.o
    0x0002d004   0x00000008   Code   RO         6077    i.nrf_memobj_get    nrf_memobj.o
    0x0002d00c   0x00000004   Code   RO         6078    i.nrf_memobj_pool_init  nrf_memobj.o
    0x0002d010   0x0000001e   Code   RO         6079    i.nrf_memobj_put    nrf_memobj.o
    0x0002d02e   0x00000010   Code   RO         6080    i.nrf_memobj_read   nrf_memobj.o
    0x0002d03e   0x00000010   Code   RO         6081    i.nrf_memobj_write  nrf_memobj.o
    0x0002d04e   0x00000002   PAD
    0x0002d050   0x00000028   Code   RO         6153    i.nrf_pwr_mgmt_init  nrf_pwr_mgmt.o
    0x0002d078   0x00000044   Code   RO         6154    i.nrf_pwr_mgmt_run  nrf_pwr_mgmt.o
    0x0002d0bc   0x00000004   Code   RO           17    i.nrf_qwr_error_handler  main.o
    0x0002d0c0   0x0000001c   Code   RO         6227    i.nrf_ringbuf_init  nrf_ringbuf.o
    0x0002d0dc   0x0000000c   Code   RO         4972    i.nrf_rtc_event_clear  drv_rtc.o
    0x0002d0e8   0x00000014   Code   RO         7332    i.nrf_sdh_ble_app_ram_start_get  nrf_sdh_ble.o
    0x0002d0fc   0x00000100   Code   RO         7333    i.nrf_sdh_ble_default_cfg_set  nrf_sdh_ble.o
    0x0002d1fc   0x00000130   Code   RO         7334    i.nrf_sdh_ble_enable  nrf_sdh_ble.o
    0x0002d32c   0x0000005c   Code   RO         7335    i.nrf_sdh_ble_evts_poll  nrf_sdh_ble.o
    0x0002d388   0x00000054   Code   RO         7209    i.nrf_sdh_disable_request  nrf_sdh.o
    0x0002d3dc   0x00000074   Code   RO         7210    i.nrf_sdh_enable_request  nrf_sdh.o
    0x0002d450   0x00000024   Code   RO         7211    i.nrf_sdh_evts_poll  nrf_sdh.o
    0x0002d474   0x0000000c   Code   RO         7212    i.nrf_sdh_is_enabled  nrf_sdh.o
    0x0002d480   0x0000001c   Code   RO         7214    i.nrf_sdh_request_continue  nrf_sdh.o
    0x0002d49c   0x0000003c   Code   RO         7386    i.nrf_sdh_soc_evts_poll  nrf_sdh_soc.o
    0x0002d4d8   0x0000000a   Code   RO         6285    i.nrf_section_iter_init  nrf_section_iter.o
    0x0002d4e2   0x00000024   Code   RO         6286    i.nrf_section_iter_item_set  nrf_section_iter.o
    0x0002d506   0x00000020   Code   RO         6287    i.nrf_section_iter_next  nrf_section_iter.o
    0x0002d526   0x00000022   Code   RO         6320    i.nrf_sortlist_add  nrf_sortlist.o
    0x0002d548   0x00000006   Code   RO         6322    i.nrf_sortlist_peek  nrf_sortlist.o
    0x0002d54e   0x0000000e   Code   RO         6323    i.nrf_sortlist_pop  nrf_sortlist.o
    0x0002d55c   0x0000001e   Code   RO         6324    i.nrf_sortlist_remove  nrf_sortlist.o
    0x0002d57a   0x00000002   PAD
    0x0002d57c   0x00000038   Code   RO         6376    i.nrf_strerror_find  nrf_strerror.o
    0x0002d5b4   0x00000014   Code   RO         6377    i.nrf_strerror_get  nrf_strerror.o
    0x0002d5c8   0x0000000a   Code   RO         4122    i.nrf_uart_event_check  nrfx_uart.o
    0x0002d5d2   0x0000000c   Code   RO         4123    i.nrf_uart_event_clear  nrfx_uart.o
    0x0002d5de   0x0000000c   Code   RO         4124    i.nrf_uart_int_enable_check  nrfx_uart.o
    0x0002d5ea   0x0000000a   Code   RO         4311    i.nrf_uarte_event_check  nrfx_uarte.o
    0x0002d5f4   0x0000000c   Code   RO         4312    i.nrf_uarte_event_clear  nrfx_uarte.o
    0x0002d600   0x00000010   Code   RO         3289    i.nrf_wdt_started   nrf_drv_clock.o
    0x0002d610   0x0000002c   Code   RO         3626    i.nrfx_clock_enable  nrfx_clock.o
    0x0002d63c   0x00000020   Code   RO         3629    i.nrfx_clock_init   nrfx_clock.o
    0x0002d65c   0x00000030   Code   RO         3632    i.nrfx_clock_lfclk_stop  nrfx_clock.o
    0x0002d68c   0x00000010   Code   RO         4973    i.nrfx_coredep_delay_us  drv_rtc.o
    0x0002d69c   0x000000a0   Code   RO         3775    i.nrfx_gpiote_in_event_enable  nrfx_gpiote.o
    0x0002d73c   0x000000cc   Code   RO         3777    i.nrfx_gpiote_in_init  nrfx_gpiote.o
    0x0002d808   0x00000014   Code   RO         3778    i.nrfx_gpiote_in_is_set  nrfx_gpiote.o
    0x0002d81c   0x00000074   Code   RO         3780    i.nrfx_gpiote_init  nrfx_gpiote.o
    0x0002d890   0x00000014   Code   RO         3781    i.nrfx_gpiote_is_init  nrfx_gpiote.o
    0x0002d8a4   0x00000010   Code   RO         4313    i.nrfx_is_in_ram    nrfx_uarte.o
    0x0002d8b4   0x0000003a   Code   RO         4064    i.nrfx_prs_acquire  nrfx_prs.o
    0x0002d8ee   0x00000012   Code   RO         4065    i.nrfx_prs_release  nrfx_prs.o
    0x0002d900   0x00000010   Code   RO         4125    i.nrfx_uart_0_irq_handler  nrfx_uart.o
    0x0002d910   0x000000d4   Code   RO         4127    i.nrfx_uart_init    nrfx_uart.o
    0x0002d9e4   0x000000a8   Code   RO         4133    i.nrfx_uart_tx      nrfx_uart.o
    0x0002da8c   0x00000020   Code   RO         4135    i.nrfx_uart_tx_in_progress  nrfx_uart.o
    0x0002daac   0x000000c0   Code   RO         4136    i.nrfx_uart_uninit  nrfx_uart.o
    0x0002db6c   0x00000010   Code   RO         4314    i.nrfx_uarte_0_irq_handler  nrfx_uarte.o
    0x0002db7c   0x0000006c   Code   RO         4316    i.nrfx_uarte_init   nrfx_uarte.o
    0x0002dbe8   0x000000ac   Code   RO         4320    i.nrfx_uarte_tx     nrfx_uarte.o
    0x0002dc94   0x0000001c   Code   RO         4322    i.nrfx_uarte_tx_in_progress  nrfx_uarte.o
    0x0002dcb0   0x00000108   Code   RO         4323    i.nrfx_uarte_uninit  nrfx_uarte.o
    0x0002ddb8   0x000001b4   Code   RO           18    i.on_adv_evt        main.o
    0x0002df6c   0x000000ac   Code   RO         3159    i.on_connect        ble_hids.o
    0x0002e018   0x000000a8   Code   RO         1799    i.on_connected_evt  nrf_ble_gatt.o
    0x0002e0c0   0x000000ac   Code   RO         1800    i.on_exchange_mtu_request_evt  nrf_ble_gatt.o
    0x0002e16c   0x00000020   Code   RO           19    i.on_hids_evt       main.o
    0x0002e18c   0x0000005e   Code   RO         3160    i.on_protocol_mode_read_auth  ble_hids.o
    0x0002e1ea   0x0000003c   Code   RO         3161    i.on_report_cccd_write  ble_hids.o
    0x0002e226   0x00000084   Code   RO         3162    i.on_report_value_read_auth  ble_hids.o
    0x0002e2aa   0x00000076   Code   RO         3163    i.on_report_value_write  ble_hids.o
    0x0002e320   0x000000ce   Code   RO         3164    i.on_rw_authorize_request  ble_hids.o
    0x0002e3ee   0x00000002   PAD
    0x0002e3f0   0x000001a8   Code   RO         3165    i.on_write          ble_hids.o
    0x0002e598   0x00000024   Code   RO         5154    i.page_identify     fds.o
    0x0002e5bc   0x0000001c   Code   RO         5155    i.page_offsets_update  fds.o
    0x0002e5d8   0x0000006c   Code   RO         5156    i.page_scan         fds.o
    0x0002e644   0x0000001c   Code   RO         5157    i.page_tag_write_data  fds.o
    0x0002e660   0x00000024   Code   RO         5158    i.page_tag_write_swap  fds.o
    0x0002e684   0x00000130   Code   RO         5159    i.pages_init        fds.o
    0x0002e7b4   0x0000000c   Code   RO         2739    i.pairing           security_dispatcher.o
    0x0002e7c0   0x00000074   Code   RO         2740    i.pairing_failure   security_dispatcher.o
    0x0002e834   0x0000002e   Code   RO         2741    i.pairing_success_evt_send  security_dispatcher.o
    0x0002e862   0x00000006   Code   RO         2881    i.params_reply_pending_handle  security_manager.o
    0x0002e868   0x00000020   Code   RO         2882    i.params_req_send   security_manager.o
    0x0002e888   0x0000001c   Code   RO         2073    i.pdb_evt_send      peer_database.o
    0x0002e8a4   0x00000090   Code   RO         2074    i.pdb_init          peer_database.o
    0x0002e934   0x0000007c   Code   RO         2075    i.pdb_pds_evt_handler  peer_database.o
    0x0002e9b0   0x00000006   Code   RO         2076    i.pdb_peer_data_ptr_get  peer_database.o
    0x0002e9b6   0x00000002   PAD
    0x0002e9b8   0x0000008c   Code   RO         2077    i.pdb_peer_free     peer_database.o
    0x0002ea44   0x000000dc   Code   RO         2078    i.pdb_write_buf_get  peer_database.o
    0x0002eb20   0x00000014   Code   RO         2079    i.pdb_write_buf_release  peer_database.o
    0x0002eb34   0x00000036   Code   RO         2080    i.pdb_write_buf_store  peer_database.o
    0x0002eb6a   0x00000002   PAD
    0x0002eb6c   0x00000010   Code   RO         1935    i.pds_evt_send      peer_data_storage.o
    0x0002eb7c   0x000000dc   Code   RO         1936    i.pds_init          peer_data_storage.o
    0x0002ec58   0x00000004   Code   RO         1937    i.pds_next_deleted_peer_id_get  peer_data_storage.o
    0x0002ec5c   0x00000004   Code   RO         1938    i.pds_next_peer_id_get  peer_data_storage.o
    0x0002ec60   0x00000058   Code   RO         1941    i.pds_peer_data_iterate  peer_data_storage.o
    0x0002ecb8   0x00000010   Code   RO         1942    i.pds_peer_data_iterate_prepare  peer_data_storage.o
    0x0002ecc8   0x00000072   Code   RO         1943    i.pds_peer_data_read  peer_data_storage.o
    0x0002ed3a   0x00000002   PAD
    0x0002ed3c   0x000000b4   Code   RO         1944    i.pds_peer_data_store  peer_data_storage.o
    0x0002edf0   0x00000008   Code   RO         1945    i.pds_peer_id_allocate  peer_data_storage.o
    0x0002edf8   0x00000016   Code   RO         1946    i.pds_peer_id_free  peer_data_storage.o
    0x0002ee0e   0x00000004   Code   RO         1947    i.pds_peer_id_is_allocated  peer_data_storage.o
    0x0002ee12   0x00000004   Code   RO         1948    i.pds_peer_id_is_deleted  peer_data_storage.o
    0x0002ee16   0x00000002   PAD
    0x0002ee18   0x000000a8   Code   RO         1949    i.peer_data_delete_process  peer_data_storage.o
    0x0002eec0   0x00000030   Code   RO         1950    i.peer_data_find    peer_data_storage.o
    0x0002eef0   0x00000024   Code   RO         1951    i.peer_data_id_is_valid  peer_data_storage.o
    0x0002ef14   0x0000001a   Code   RO         2081    i.peer_data_point_to_buffer  peer_database.o
    0x0002ef2e   0x00000002   PAD
    0x0002ef30   0x0000000c   Code   RO         2194    i.peer_id_allocate  peer_id.o
    0x0002ef3c   0x00000024   Code   RO         2195    i.peer_id_delete    peer_id.o
    0x0002ef60   0x0000001c   Code   RO         2196    i.peer_id_free      peer_id.o
    0x0002ef7c   0x0000000c   Code   RO         2197    i.peer_id_get_next_deleted  peer_id.o
    0x0002ef88   0x00000030   Code   RO         2198    i.peer_id_get_next_used  peer_id.o
    0x0002efb8   0x0000000c   Code   RO         2199    i.peer_id_init      peer_id.o
    0x0002efc4   0x00000014   Code   RO         2200    i.peer_id_is_allocated  peer_id.o
    0x0002efd8   0x00000014   Code   RO         2201    i.peer_id_is_deleted  peer_id.o
    0x0002efec   0x0000006c   Code   RO           20    i.peer_manager_init  main.o
    0x0002f058   0x000000c0   Code   RO         1646    i.peers_id_keys_get  id_manager.o
    0x0002f118   0x00000012   Code   RO          952    i.phy_is_valid      ble_advertising.o
    0x0002f12a   0x00000002   PAD
    0x0002f12c   0x0000001c   Code   RO         3799    i.pin_configured_set  nrfx_gpiote.o
    0x0002f148   0x00000018   Code   RO         3800    i.pin_in_use_by_port  nrfx_gpiote.o
    0x0002f160   0x00000018   Code   RO         3801    i.pin_in_use_by_te  nrfx_gpiote.o
    0x0002f178   0x00000064   Code   RO         2686    i.pm_buffer_block_acquire  pm_buffer.o
    0x0002f1dc   0x00000024   Code   RO         2687    i.pm_buffer_init    pm_buffer.o
    0x0002f200   0x00000028   Code   RO         2688    i.pm_buffer_ptr_get  pm_buffer.o
    0x0002f228   0x00000032   Code   RO         2689    i.pm_buffer_release  pm_buffer.o
    0x0002f25a   0x00000002   PAD
    0x0002f25c   0x00000014   Code   RO         2288    i.pm_conn_sec_status_get  peer_manager.o
    0x0002f270   0x0000001c   Code   RO         2289    i.pm_conn_secure    peer_manager.o
    0x0002f28c   0x00000014   Code   RO         2290    i.pm_device_identities_list_set  peer_manager.o
    0x0002f2a0   0x00000098   Code   RO           21    i.pm_evt_handler    main.o
    0x0002f338   0x00000004   Code   RO         2291    i.pm_gcm_evt_handler  peer_manager.o
    0x0002f33c   0x00000004   Code   RO         2292    i.pm_gscm_evt_handler  peer_manager.o
    0x0002f340   0x00000244   Code   RO         2592    i.pm_handler_flash_clean  peer_manager_handler.o
    0x0002f584   0x0000001c   Code   RO         2593    i.pm_handler_flash_clean_on_return  peer_manager_handler.o
    0x0002f5a0   0x00000054   Code   RO         2594    i.pm_handler_on_pm_evt  peer_manager_handler.o
    0x0002f5f4   0x00000310   Code   RO         2595    i.pm_handler_pm_evt_log  peer_manager_handler.o
    0x0002f904   0x00000004   Code   RO         2295    i.pm_im_evt_handler  peer_manager.o
    0x0002f908   0x000001bc   Code   RO         2296    i.pm_init           peer_manager.o
    0x0002fac4   0x00000028   Code   RO         2299    i.pm_next_peer_id_get  peer_manager.o
    0x0002faec   0x00000118   Code   RO         2300    i.pm_pdb_evt_handler  peer_manager.o
    0x0002fc04   0x00000012   Code   RO         2304    i.pm_peer_data_bonding_load  peer_manager.o
    0x0002fc16   0x00000002   PAD
    0x0002fc18   0x00000028   Code   RO         2307    i.pm_peer_data_load  peer_manager.o
    0x0002fc40   0x00000014   Code   RO         2311    i.pm_peer_delete    peer_manager.o
    0x0002fc54   0x00000110   Code   RO         2313    i.pm_peer_id_list   peer_manager.o
    0x0002fd64   0x0000011c   Code   RO         2315    i.pm_peer_rank_highest  peer_manager.o
    0x0002fe80   0x000000e8   Code   RO         2316    i.pm_peer_ranks_get  peer_manager.o
    0x0002ff68   0x00000094   Code   RO         2317    i.pm_peers_delete   peer_manager.o
    0x0002fffc   0x0000002c   Code   RO         2320    i.pm_register       peer_manager.o
    0x00030028   0x00000014   Code   RO         2322    i.pm_sec_params_set  peer_manager.o
    0x0003003c   0x0000000a   Code   RO         2323    i.pm_sm_evt_handler  peer_manager.o
    0x00030046   0x00000002   PAD
    0x00030048   0x0000002c   Code   RO         2324    i.pm_whitelist_get  peer_manager.o
    0x00030074   0x00000014   Code   RO         2325    i.pm_whitelist_set  peer_manager.o
    0x00030088   0x00000034   Code   RO         3110    i.pnp_id_encode     ble_dis.o
    0x000300bc   0x000000b4   Code   RO         3802    i.port_event_handle  nrfx_gpiote.o
    0x00030170   0x00000010   Code   RO         3803    i.port_handler_polarity_get  nrfx_gpiote.o
    0x00030180   0x0000003c   Code   RO         6795    i.postfix_process   nrf_log_str_formatter.o
    0x000301bc   0x00000098   Code   RO         6796    i.prefix_process    nrf_log_str_formatter.o
    0x00030254   0x00000018   Code   RO         4066    i.prs_box_get       nrfx_prs.o
    0x0003026c   0x0000001c   Code   RO         5160    i.queue_buf_get     fds.o
    0x00030288   0x00000010   Code   RO         5161    i.queue_buf_store   fds.o
    0x00030298   0x00000014   Code   RO         5969    i.queue_free        nrf_fstorage_sd.o
    0x000302ac   0x000000a4   Code   RO         5162    i.queue_process     fds.o
    0x00030350   0x000000a0   Code   RO         5970    i.queue_process     nrf_fstorage_sd.o
    0x000303f0   0x0000001c   Code   RO         5163    i.queue_start       fds.o
    0x0003040c   0x00000024   Code   RO         5971    i.queue_start       nrf_fstorage_sd.o
    0x00030430   0x0000001c   Code   RO         2598    i.rank_highest      peer_manager_handler.o
    0x0003044c   0x00000034   Code   RO         2326    i.rank_vars_update  peer_manager.o
    0x00030480   0x0000000e   Code   RO         5972    i.read              nrf_fstorage_sd.o
    0x0003048e   0x00000002   PAD
    0x00030490   0x000000ac   Code   RO         2082    i.reattempt_previous_operations  peer_database.o
    0x0003053c   0x00000090   Code   RO         5164    i.record_find       fds.o
    0x000305cc   0x000000a0   Code   RO         5165    i.record_find_by_desc  fds.o
    0x0003066c   0x0000005c   Code   RO         5166    i.record_find_next  fds.o
    0x000306c8   0x0000003c   Code   RO         5167    i.record_header_flag_dirty  fds.o
    0x00030704   0x00000088   Code   RO         5168    i.records_stat      fds.o
    0x0003078c   0x00000010   Code   RO         2203    i.release           peer_id.o
    0x0003079c   0x0000009a   Code   RO         3166    i.rep_char_add      ble_hids.o
    0x00030836   0x000000be   Code   RO         3167    i.rep_map_char_add  ble_hids.o
    0x000308f4   0x000000f2   Code   RO         3168    i.rep_value_identify  ble_hids.o
    0x000309e6   0x00000004   Code   RO         5973    i.rmap              nrf_fstorage_sd.o
    0x000309ea   0x00000002   PAD
    0x000309ec   0x0000005c   Code   RO         4720    i.rtc_irq           app_timer2.o
    0x00030a48   0x00000064   Code   RO         4721    i.rtc_schedule      app_timer2.o
    0x00030aac   0x00000074   Code   RO         4722    i.rtc_update        app_timer2.o
    0x00030b20   0x00000032   Code   RO         4137    i.rx_byte           nrfx_uart.o
    0x00030b52   0x00000016   Code   RO         4138    i.rx_done_event     nrfx_uart.o
    0x00030b68   0x00000016   Code   RO         4324    i.rx_done_event     nrfx_uarte.o
    0x00030b7e   0x00000002   PAD
    0x00030b80   0x00000024   Code   RO         1377    i.sc_send_pending_handle  gatt_cache_manager.o
    0x00030ba4   0x00000008   Code   RO         4723    i.scheduled_timeout_handler  app_timer2.o
    0x00030bac   0x00000058   Code   RO         3290    i.sd_state_evt_handler  nrf_drv_clock.o
    0x00030c04   0x00000030   Code   RO         7217    i.sdh_request_observer_notify  nrf_sdh.o
    0x00030c34   0x0000002c   Code   RO         7218    i.sdh_state_observer_notify  nrf_sdh.o
    0x00030c60   0x000000d8   Code   RO         2742    i.sec_info_request_process  security_dispatcher.o
    0x00030d38   0x000000f4   Code   RO         2743    i.sec_keyset_fill   security_dispatcher.o
    0x00030e2c   0x00000076   Code   RO         2883    i.sec_params_verify  security_manager.o
    0x00030ea2   0x00000002   PAD
    0x00030ea4   0x00000060   Code   RO         2744    i.sec_proc_start    security_dispatcher.o
    0x00030f04   0x0000005c   Code   RO         2884    i.sec_req_process   security_manager.o
    0x00030f60   0x00000022   Code   RO         2745    i.send_config_req   security_dispatcher.o
    0x00030f82   0x00000002   PAD
    0x00030f84   0x00000010   Code   RO         1040    i.send_error_evt    ble_conn_params.o
    0x00030f94   0x00000028   Code   RO         1378    i.send_unexpected_error  gatt_cache_manager.o
    0x00030fbc   0x00000028   Code   RO         2746    i.send_unexpected_error  security_dispatcher.o
    0x00030fe4   0x0000001c   Code   RO         6406    i.sensorsim_decrement  sensorsim.o
    0x00031000   0x0000001c   Code   RO         6407    i.sensorsim_increment  sensorsim.o
    0x0003101c   0x00000016   Code   RO         6408    i.sensorsim_init    sensorsim.o
    0x00031032   0x0000001a   Code   RO         6409    i.sensorsim_measure  sensorsim.o
    0x0003104c   0x00000040   Code   RO         6500    i.serial_tx         nrf_log_backend_uart.o
    0x0003108c   0x00000014   Code   RO         1379    i.service_changed_pending_flags_check  gatt_cache_manager.o
    0x000310a0   0x00000094   Code   RO         1538    i.service_changed_pending_set  gatts_cache_manager.o
    0x00031134   0x00000168   Code   RO         1380    i.service_changed_send_in_evt  gatt_cache_manager.o
    0x0003129c   0x00000088   Code   RO          845    i.service_data_encode  ble_advdata.o
    0x00031324   0x00000004   Code   RO           22    i.service_error_handler  main.o
    0x00031328   0x000000ac   Code   RO           23    i.services_init     main.o
    0x000313d4   0x00000030   Code   RO         1307    i.set_security_req  ble_srv_common.o
    0x00031404   0x00000028   Code   RO           24    i.sleep_mode_enter  main.o
    0x0003142c   0x0000002c   Code   RO         2885    i.sm_ble_evt_handler  security_manager.o
    0x00031458   0x000000a2   Code   RO         2887    i.sm_conn_sec_status_get  security_manager.o
    0x000314fa   0x00000002   PAD
    0x000314fc   0x00000058   Code   RO         2888    i.sm_init           security_manager.o
    0x00031554   0x0000000a   Code   RO         2890    i.sm_link_secure    security_manager.o
    0x0003155e   0x00000002   PAD
    0x00031560   0x00000044   Code   RO         2891    i.sm_pdb_evt_handler  security_manager.o
    0x000315a4   0x00000028   Code   RO         2892    i.sm_sec_is_sufficient  security_manager.o
    0x000315cc   0x00000034   Code   RO         2894    i.sm_sec_params_set  security_manager.o
    0x00031600   0x0000002c   Code   RO         2895    i.sm_smd_evt_handler  security_manager.o
    0x0003162c   0x000000f4   Code   RO         2747    i.smd_ble_evt_handler  security_dispatcher.o
    0x00031720   0x00000068   Code   RO         2749    i.smd_init          security_dispatcher.o
    0x00031788   0x00000028   Code   RO         2750    i.smd_link_secure   security_dispatcher.o
    0x000317b0   0x000000ac   Code   RO         2751    i.smd_params_reply  security_dispatcher.o
    0x0003185c   0x00000040   Code   RO         2896    i.smd_params_reply_perform  security_manager.o
    0x0003189c   0x00000018   Code   RO         3291    i.soc_evt_handler   nrf_drv_clock.o
    0x000318b4   0x00000040   Code   RO         7219    i.softdevice_evt_irq_disable  nrf_sdh.o
    0x000318f4   0x00000058   Code   RO         7220    i.softdevices_evt_irq_enable  nrf_sdh.o
    0x0003194c   0x0000000c   Code   RO         4724    i.sortlist_pop      app_timer2.o
    0x00031958   0x00000030   Code   RO         4473    i.state_set         app_button.o
    0x00031988   0x00000094   Code   RO         6630    i.std_n             nrf_log_frontend.o
    0x00031a1c   0x0000006c   Code   RO         1381    i.store_car_value   gatt_cache_manager.o
    0x00031a88   0x00000042   Code   RO         3111    i.sys_id_encode     ble_dis.o
    0x00031aca   0x00000002   PAD
    0x00031acc   0x00000070   Code   RO         4725    i.timer_expire      app_timer2.o
    0x00031b3c   0x00000078   Code   RO         4726    i.timer_req_process  app_timer2.o
    0x00031bb4   0x00000038   Code   RO         4727    i.timer_req_schedule  app_timer2.o
    0x00031bec   0x00000018   Code   RO         4474    i.timer_start       app_button.o
    0x00031c04   0x00000020   Code   RO         4140    i.tx_byte           nrfx_uart.o
    0x00031c24   0x0000001a   Code   RO         4141    i.tx_done_event     nrfx_uart.o
    0x00031c3e   0x0000001a   Code   RO         4325    i.tx_done_event     nrfx_uarte.o
    0x00031c58   0x00000030   Code   RO         3429    i.uart_evt_handler  nrf_drv_uart.o
    0x00031c88   0x0000000c   Code   RO         6501    i.uart_evt_handler  nrf_log_backend_uart.o
    0x00031c94   0x00000050   Code   RO         6502    i.uart_init         nrf_log_backend_uart.o
    0x00031ce4   0x0000012a   Code   RO         4142    i.uart_irq_handler  nrfx_uart.o
    0x00031e0e   0x00000002   PAD
    0x00031e10   0x00000030   Code   RO         3430    i.uarte_evt_handler  nrf_drv_uart.o
    0x00031e40   0x00000112   Code   RO         4326    i.uarte_irq_handler  nrfx_uarte.o
    0x00031f52   0x0000000a   Code   RO          846    i.uint16_encode     ble_advdata.o
    0x00031f5c   0x00000020   Code   RO         5974    i.uninit            nrf_fstorage_sd.o
    0x00031f7c   0x000000b4   Code   RO         5838    i.unsigned_print    nrf_fprintf_format.o
    0x00032030   0x00000030   Code   RO         1382    i.update_pending_flags_check  gatt_cache_manager.o
    0x00032060   0x00000068   Code   RO         1041    i.update_timeout_handler  ble_conn_params.o
    0x000320c8   0x00000018   Code   RO          953    i.use_whitelist     ble_advertising.o
    0x000320e0   0x0000000c   Code   RO         1128    i.user_flag_is_acquired  ble_conn_state.o
    0x000320ec   0x00000024   Code   RO         1895    i.user_mem_reply    nrf_ble_qwr.o
    0x00032110   0x00000020   Code   RO         4475    i.usr_event         app_button.o
    0x00032130   0x00000030   Code   RO          847    i.uuid_list_encode  ble_advdata.o
    0x00032160   0x0000009e   Code   RO          848    i.uuid_list_sized_encode  ble_advdata.o
    0x000321fe   0x0000003a   Code   RO          604    i.wakeup_button_cfg  bsp.o
    0x00032238   0x00000084   Code   RO           25    i.whitelist_set     main.o
    0x000322bc   0x00000004   Code   RO         5975    i.wmap              nrf_fstorage_sd.o
    0x000322c0   0x00000050   Code   RO         5976    i.write             nrf_fstorage_sd.o
    0x00032310   0x0000014c   Code   RO         2083    i.write_buf_store   peer_database.o
    0x0003245c   0x00000034   Code   RO         2084    i.write_buffer_record_find  peer_database.o
    0x00032490   0x00000030   Code   RO         2085    i.write_buffer_record_find_next  peer_database.o
    0x000324c0   0x0000001c   Code   RO         2086    i.write_buffer_record_invalidate  peer_database.o
    0x000324dc   0x0000002c   Code   RO         2087    i.write_buffer_record_release  peer_database.o
    0x00032508   0x000000f4   Code   RO         5169    i.write_enqueue     fds.o
    0x000325fc   0x000000f8   Code   RO         5170    i.write_execute     fds.o
    0x000326f4   0x00000018   Code   RO         5171    i.write_space_free  fds.o
    0x0003270c   0x00000060   Code   RO         5172    i.write_space_reserve  fds.o
    0x0003276c   0x00000004   Data   RO           29    .constdata          main.o
    0x00032770   0x00000008   Data   RO          491    .constdata          boards.o
    0x00032778   0x0000002c   Data   RO          609    .constdata          bsp.o
    0x000327a4   0x0000006c   Data   RO         1383    .constdata          gatt_cache_manager.o
    0x00032810   0x00000004   Data   RO         1539    .constdata          gatts_cache_manager.o
    0x00032814   0x00000010   Data   RO         1540    .constdata          gatts_cache_manager.o
    0x00032824   0x00000004   Data   RO         1541    .constdata          gatts_cache_manager.o
    0x00032828   0x00000008   Data   RO         1648    .constdata          id_manager.o
    0x00032830   0x00000016   Data   RO         1801    .constdata          nrf_ble_gatt.o
    0x00032846   0x00000002   PAD
    0x00032848   0x00000018   Data   RO         1952    .constdata          peer_data_storage.o
    0x00032860   0x00000010   Data   RO         2089    .constdata          peer_database.o
    0x00032870   0x0000002c   Data   RO         2328    .constdata          peer_manager.o
    0x0003289c   0x00000014   Data   RO         2601    .constdata          peer_manager_handler.o
    0x000328b0   0x00000078   Data   RO         2753    .constdata          security_dispatcher.o
    0x00032928   0x00000008   Data   RO         2897    .constdata          security_manager.o
    0x00032930   0x00000004   Data   RO         3805    .constdata          nrfx_gpiote.o
    0x00032934   0x00000004   Data   RO         4145    .constdata          nrfx_uart.o
    0x00032938   0x00000004   Data   RO         4329    .constdata          nrfx_uarte.o
    0x0003293c   0x00000008   Data   RO         4478    .constdata          app_button.o
    0x00032944   0x00000014   Data   RO         4730    .constdata          app_timer2.o
    0x00032958   0x00000008   PAD
    0x00032960   0x00000006   Data   RO         4974    .constdata          drv_rtc.o
    0x00032966   0x00000002   PAD
    0x00032968   0x00000018   Data   RO         5175    .constdata          fds.o
    0x00032980   0x00000010   Data   RO         5839    .constdata          nrf_fprintf_format.o
    0x00032990   0x0000005e   Data   RO         5885    .constdata          nrf_fstorage.o
    0x000329ee   0x00000002   PAD
    0x000329f0   0x00000010   Data   RO         5979    .constdata          nrf_fstorage_sd.o
    0x00032a00   0x00000020   Data   RO         5980    .constdata          nrf_fstorage_sd.o
    0x00032a20   0x00000018   Data   RO         6158    .constdata          nrf_pwr_mgmt.o
    0x00032a38   0x0000000c   Data   RO         6159    .constdata          nrf_pwr_mgmt.o
    0x00032a44   0x0000013c   Data   RO         6378    .constdata          nrf_strerror.o
    0x00032b80   0x0000000c   Data   RO         6504    .constdata          nrf_log_backend_uart.o
    0x00032b8c   0x00000020   Data   RO         6505    .constdata          nrf_log_backend_uart.o
    0x00032bac   0x0000000c   Data   RO         6635    .constdata          nrf_log_frontend.o
    0x00032bb8   0x00000010   Data   RO         7221    .constdata          nrf_sdh.o
    0x00032bc8   0x00000028   Data   RO         7222    .constdata          nrf_sdh.o
    0x00032bf0   0x00000010   Data   RO         7223    .constdata          nrf_sdh.o
    0x00032c00   0x00000010   Data   RO         7224    .constdata          nrf_sdh.o
    0x00032c10   0x00000020   Data   RO         7336    .constdata          nrf_sdh_ble.o
    0x00032c30   0x00000010   Data   RO         7337    .constdata          nrf_sdh_ble.o
    0x00032c40   0x00000010   Data   RO         7387    .constdata          nrf_sdh_soc.o
    0x00032c50   0x0000000c   Data   RO         7388    .constdata          nrf_sdh_soc.o
    0x00032c5c   0x00000081   Data   RO         7489    .constdata          mc_w.l(ctype_o.o)
    0x00032cdd   0x00000003   PAD
    0x00032ce0   0x00000004   Data   RO         7490    .constdata          mc_w.l(ctype_o.o)
    0x00032ce4   0x000001a4   Data   RO         1384    .conststring        gatt_cache_manager.o
    0x00032e88   0x0000019c   Data   RO         1542    .conststring        gatts_cache_manager.o
    0x00033024   0x000000f0   Data   RO         1649    .conststring        id_manager.o
    0x00033114   0x000000a2   Data   RO         1802    .conststring        nrf_ble_gatt.o
    0x000331b6   0x00000002   PAD
    0x000331b8   0x000000e8   Data   RO         1953    .conststring        peer_data_storage.o
    0x000332a0   0x00000180   Data   RO         2090    .conststring        peer_database.o
    0x00033420   0x00000090   Data   RO         2329    .conststring        peer_manager.o
    0x000334b0   0x0000030f   Data   RO         2602    .conststring        peer_manager_handler.o
    0x000337bf   0x00000001   PAD
    0x000337c0   0x000002b2   Data   RO         2754    .conststring        security_dispatcher.o
    0x00033a72   0x00000002   PAD
    0x00033a74   0x0000017b   Data   RO         2898    .conststring        security_manager.o
    0x00033bef   0x00000001   PAD
    0x00033bf0   0x0000004f   Data   RO         5886    .conststring        nrf_fstorage.o
    0x00033c3f   0x00000001   PAD
    0x00033c40   0x000003eb   Data   RO         6379    .conststring        nrf_strerror.o
    0x0003402b   0x00000001   PAD
    0x0003402c   0x00000066   Data   RO         6797    .conststring        nrf_log_str_formatter.o
    0x00034092   0x00000002   PAD
    0x00034094   0x00000188   Data   RO         7338    .conststring        nrf_sdh_ble.o
    0x0003421c   0x00000011   Data   RO         1385    .conststrlit        gatt_cache_manager.o
    0x0003422d   0x00000003   PAD
    0x00034230   0x00000012   Data   RO         1543    .conststrlit        gatts_cache_manager.o
    0x00034242   0x00000002   PAD
    0x00034244   0x00000010   Data   RO         1650    .conststrlit        id_manager.o
    0x00034254   0x0000000d   Data   RO         1803    .conststrlit        nrf_ble_gatt.o
    0x00034261   0x00000003   PAD
    0x00034264   0x00000011   Data   RO         1954    .conststrlit        peer_data_storage.o
    0x00034275   0x00000003   PAD
    0x00034278   0x00000011   Data   RO         2091    .conststrlit        peer_database.o
    0x00034289   0x00000003   PAD
    0x0003428c   0x0000000d   Data   RO         2330    .conststrlit        peer_manager.o
    0x00034299   0x00000003   PAD
    0x0003429c   0x00000015   Data   RO         2605    .conststrlit        peer_manager_handler.o
    0x000342b1   0x00000003   PAD
    0x000342b4   0x00000011   Data   RO         2755    .conststrlit        security_dispatcher.o
    0x000342c5   0x00000003   PAD
    0x000342c8   0x00000010   Data   RO         2899    .conststrlit        security_manager.o
    0x000342d8   0x00000008   Data   RO         3054    .conststrlit        ble_bas.o
    0x000342e0   0x00000006   Data   RO         3297    .conststrlit        nrf_drv_clock.o
    0x000342e6   0x00000002   PAD
    0x000342e8   0x00000006   Data   RO         3636    .conststrlit        nrfx_clock.o
    0x000342ee   0x00000002   PAD
    0x000342f0   0x00000007   Data   RO         3809    .conststrlit        nrfx_gpiote.o
    0x000342f7   0x00000001   PAD
    0x000342f8   0x00000004   Data   RO         4068    .conststrlit        nrfx_prs.o
    0x000342fc   0x00000005   Data   RO         4148    .conststrlit        nrfx_uart.o
    0x00034301   0x00000003   PAD
    0x00034304   0x00000006   Data   RO         4332    .conststrlit        nrfx_uarte.o
    0x0003430a   0x00000002   PAD
    0x0003430c   0x0000000b   Data   RO         4479    .conststrlit        app_button.o
    0x00034317   0x00000001   PAD
    0x00034318   0x0000000a   Data   RO         4731    .conststrlit        app_timer2.o
    0x00034322   0x00000002   PAD
    0x00034324   0x0000000d   Data   RO         5887    .conststrlit        nrf_fstorage.o
    0x00034331   0x00000003   PAD
    0x00034334   0x00000009   Data   RO         6160    .conststrlit        nrf_pwr_mgmt.o
    0x0003433d   0x00000003   PAD
    0x00034340   0x00000009   Data   RO         6325    .conststrlit        nrf_sortlist.o
    0x00034349   0x00000003   PAD
    0x0003434c   0x00000011   Data   RO         6570    .conststrlit        nrf_log_default_backends.o
    0x0003435d   0x00000003   PAD
    0x00034360   0x00000004   Data   RO         6636    .conststrlit        nrf_log_frontend.o
    0x00034364   0x00000008   Data   RO         7225    .conststrlit        nrf_sdh.o
    0x0003436c   0x0000000c   Data   RO         7339    .conststrlit        nrf_sdh_ble.o
    0x00034378   0x0000000c   Data   RO         7389    .conststrlit        nrf_sdh_soc.o
    0x00034384   0x00000020   Data   RO         7550    Region$$Table       anon$$obj.o
    0x000343a4   0x00000010   Data   RO         6572    log_backends        nrf_log_default_backends.o
    0x000343b4   0x00000008   Data   RO         1387    log_const_data      gatt_cache_manager.o
    0x000343bc   0x00000008   Data   RO         1545    log_const_data      gatts_cache_manager.o
    0x000343c4   0x00000008   Data   RO         1652    log_const_data      id_manager.o
    0x000343cc   0x00000008   Data   RO         1804    log_const_data      nrf_ble_gatt.o
    0x000343d4   0x00000008   Data   RO         1956    log_const_data      peer_data_storage.o
    0x000343dc   0x00000008   Data   RO         2093    log_const_data      peer_database.o
    0x000343e4   0x00000008   Data   RO         2332    log_const_data      peer_manager.o
    0x000343ec   0x00000008   Data   RO         2608    log_const_data      peer_manager_handler.o
    0x000343f4   0x00000008   Data   RO         2757    log_const_data      security_dispatcher.o
    0x000343fc   0x00000008   Data   RO         2901    log_const_data      security_manager.o
    0x00034404   0x00000008   Data   RO         3055    log_const_data      ble_bas.o
    0x0003440c   0x00000008   Data   RO         3298    log_const_data      nrf_drv_clock.o
    0x00034414   0x00000008   Data   RO         3638    log_const_data      nrfx_clock.o
    0x0003441c   0x00000008   Data   RO         3810    log_const_data      nrfx_gpiote.o
    0x00034424   0x00000008   Data   RO         4070    log_const_data      nrfx_prs.o
    0x0003442c   0x00000008   Data   RO         4149    log_const_data      nrfx_uart.o
    0x00034434   0x00000008   Data   RO         4333    log_const_data      nrfx_uarte.o
    0x0003443c   0x00000008   Data   RO         4481    log_const_data      app_button.o
    0x00034444   0x00000008   Data   RO         4734    log_const_data      app_timer2.o
    0x0003444c   0x00000008   Data   RO         5888    log_const_data      nrf_fstorage.o
    0x00034454   0x00000008   Data   RO         6162    log_const_data      nrf_pwr_mgmt.o
    0x0003445c   0x00000008   Data   RO         6326    log_const_data      nrf_sortlist.o
    0x00034464   0x00000008   Data   RO         6640    log_const_data      nrf_log_frontend.o
    0x0003446c   0x00000008   Data   RO         7227    log_const_data      nrf_sdh.o
    0x00034474   0x00000008   Data   RO         7341    log_const_data      nrf_sdh_ble.o
    0x0003447c   0x00000008   Data   RO         7390    log_const_data      nrf_sdh_soc.o
    0x00034484   0x00000014   Data   RO         6641    nrf_balloc          nrf_log_frontend.o
    0x00034498   0x00000008   Data   RO         1130    sdh_ble_observers0  ble_conn_state.o
    0x000344a0   0x00000010   Data   RO           33    sdh_ble_observers1  main.o
    0x000344b0   0x00000008   Data   RO          712    sdh_ble_observers1  bsp_btn_ble.o
    0x000344b8   0x00000008   Data   RO         1044    sdh_ble_observers1  ble_conn_params.o
    0x000344c0   0x00000008   Data   RO         2333    sdh_ble_observers1  peer_manager.o
    0x000344c8   0x00000018   Data   RO           34    sdh_ble_observers2  main.o
    0x000344e0   0x00000008   Data   RO           35    sdh_ble_observers3  main.o
    0x000344e8   0x00000008   Data   RO         5982    sdh_req_observers0  nrf_fstorage_sd.o
    0x000344f0   0x00000008   Data   RO         3299    sdh_soc_observers0  nrf_drv_clock.o
    0x000344f8   0x00000008   Data   RO         5983    sdh_soc_observers0  nrf_fstorage_sd.o
    0x00034500   0x00000008   Data   RO         7342    sdh_stack_observers0  nrf_sdh_ble.o
    0x00034508   0x00000008   Data   RO         7391    sdh_stack_observers0  nrf_sdh_soc.o
    0x00034510   0x00000008   Data   RO         3300    sdh_state_observers0  nrf_drv_clock.o
    0x00034518   0x00000008   Data   RO         5984    sdh_state_observers0  nrf_fstorage_sd.o


    Execution Region RW_IRAM1 (Base: 0x20002250, Size: 0x00003750, Max: 0x0000ddb0, ABSOLUTE, COMPRESSED[0x00000134])

    Base Addr    Size         Type   Attr      Idx    E Section Name        Object

    0x20002250   0x00000008   Data   RW           30    .data               main.o
    0x20002258   0x00000230   Data   RW           31    .data               main.o
    0x20002488   0x00000003   Data   RW           32    .data               main.o
    0x2000248b   0x00000001   PAD
    0x2000248c   0x00000010   Data   RW          610    .data               bsp.o
    0x2000249c   0x00000008   Data   RW          711    .data               bsp_btn_ble.o
    0x200024a4   0x00000008   Data   RW         1043    .data               ble_conn_params.o
    0x200024ac   0x00000010   Data   RW         1386    .data               gatt_cache_manager.o
    0x200024bc   0x0000000c   Data   RW         1544    .data               gatts_cache_manager.o
    0x200024c8   0x00000001   Data   RW         1651    .data               id_manager.o
    0x200024c9   0x00000003   PAD
    0x200024cc   0x0000000c   Data   RW         1955    .data               peer_data_storage.o
    0x200024d8   0x00000008   Data   RW         2092    .data               peer_database.o
    0x200024e0   0x00000010   Data   RW         2331    .data               peer_manager.o
    0x200024f0   0x00000060   Data   RW         2606    .data               peer_manager_handler.o
    0x20002550   0x00000005   Data   RW         2756    .data               security_dispatcher.o
    0x20002555   0x00000003   PAD
    0x20002558   0x00000015   Data   RW         2900    .data               security_manager.o
    0x2000256d   0x00000001   PAD
    0x2000256e   0x0000004a   Data   RW         3112    .data               ble_dis.o
    0x200025b8   0x0000000c   Data   RW         3431    .data               nrf_drv_uart.o
    0x200025c4   0x00000008   Data   RW         3637    .data               nrfx_clock.o
    0x200025cc   0x00000008   Data   RW         4069    .data               nrfx_prs.o
    0x200025d4   0x00000004   PAD
    0x200025d8   0x00000018   Data   RW         4480    .data               app_button.o
    0x200025f0   0x00000010   Data   RW         4665    .data               app_scheduler.o
    0x20002600   0x00000020   Data   RW         4732    .data               app_timer2.o
    0x20002620   0x00000004   Data   RW         4733    .data               app_timer2.o
    0x20002624   0x0000000c   Data   RW         4975    .data               drv_rtc.o
    0x20002630   0x00000030   Data   RW         5176    .data               fds.o
    0x20002660   0x00000008   Data   RW         5981    .data               nrf_fstorage_sd.o
    0x20002668   0x00000008   Data   RW         6161    .data               nrf_pwr_mgmt.o
    0x20002670   0x00000018   Data   RW         6506    .data               nrf_log_backend_uart.o
    0x20002688   0x00000008   Data   RW         6571    .data               nrf_log_default_backends.o
    0x20002690   0x00000004   Data   RW         6637    .data               nrf_log_frontend.o
    0x20002694   0x00000008   Data   RW         6638    .data               nrf_log_frontend.o
    0x2000269c   0x00000008   Data   RW         6639    .data               nrf_log_frontend.o
    0x200026a4   0x00000040   Data   RW         6798    .data               nrf_log_str_formatter.o
    0x200026e4   0x00000003   Data   RW         7226    .data               nrf_sdh.o
    0x200026e7   0x00000001   Data   RW         7340    .data               nrf_sdh_ble.o
    0x200026e8   0x00000004   Data   RW         7430    .data               system_nrf52.o
    0x200026ec   0x00000014   Data   RW         5177    fs_data             fds.o
    0x20002700   0x00000020   Zero   RW           26    .bss                main.o
    0x20002720   0x0000057c   Zero   RW           27    .bss                main.o
    0x20002c9c   0x0000001c   Zero   RW           28    .bss                main.o
    0x20002cb8   0x00000020   Zero   RW          605    .bss                bsp.o
    0x20002cd8   0x00000020   Zero   RW          606    .bss                bsp.o
    0x20002cf8   0x0000000c   Zero   RW          607    .bss                bsp.o
    0x20002d04   0x00000004   PAD
    0x20002d08   0x00000020   Zero   RW          608    .bss                bsp.o
    0x20002d28   0x00000050   Zero   RW         1042    .bss                ble_conn_params.o
    0x20002d78   0x0000007c   Zero   RW         1129    .bss                ble_conn_state.o
    0x20002df4   0x000000d8   Zero   RW         1647    .bss                id_manager.o
    0x20002ecc   0x00000180   Zero   RW         2088    .bss                peer_database.o
    0x2000304c   0x00000040   Zero   RW         2204    .bss                peer_id.o
    0x2000308c   0x0000000c   Zero   RW         2327    .bss                peer_manager.o
    0x20003098   0x00000040   Zero   RW         2752    .bss                security_dispatcher.o
    0x200030d8   0x00000014   Zero   RW         3292    .bss                nrf_drv_clock.o
    0x200030ec   0x0000005c   Zero   RW         3804    .bss                nrfx_gpiote.o
    0x20003148   0x0000002c   Zero   RW         4143    .bss                nrfx_uart.o
    0x20003174   0x00000024   Zero   RW         4327    .bss                nrfx_uarte.o
    0x20003198   0x00000020   Zero   RW         4476    .bss                app_button.o
    0x200031b8   0x00000010   Zero   RW         4477    .bss                app_button.o
    0x200031c8   0x00000010   Zero   RW         4728    .bss                app_timer2.o
    0x200031d8   0x00000058   Zero   RW         4729    .bss                app_timer2.o
    0x20003230   0x0000000c   Zero   RW         4862    .bss                app_util_platform.o
    0x2000323c   0x00000010   Zero   RW         5173    .bss                fds.o
    0x2000324c   0x000000e0   Zero   RW         5174    .bss                fds.o
    0x2000332c   0x00000010   Zero   RW         5977    .bss                nrf_fstorage_sd.o
    0x2000333c   0x000000a0   Zero   RW         5978    .bss                nrf_fstorage_sd.o
    0x200033dc   0x0000000c   Zero   RW         6157    .bss                nrf_pwr_mgmt.o
    0x200033e8   0x00000040   Zero   RW         6503    .bss                nrf_log_backend_uart.o
    0x20003428   0x000000c0   Zero   RW         6631    .bss                nrf_log_frontend.o
    0x200034e8   0x00000080   Zero   RW         6632    .bss                nrf_log_frontend.o
    0x20003568   0x00000018   Zero   RW         6633    .bss                nrf_log_frontend.o
    0x20003580   0x00000420   Zero   RW         6634    .bss                nrf_log_frontend.o
    0x200039a0   0x00002000   Zero   RW         7418    STACK               arm_startup_nrf52.o

