Component: ARM Compiler 5.06 update 1 (build 61) Tool: armlink [4d35a8]

==============================================================================

Section Cross References

    main.o(i.advertising_init) refers to memseta.o(.text) for __aeabi_memclr4
    main.o(i.advertising_init) refers to ble_advertising.o(i.ble_advertising_init) for ble_advertising_init
    main.o(i.advertising_init) refers to app_error.o(i.app_error_handler_bare) for app_error_handler_bare
    main.o(i.advertising_init) refers to ble_advertising.o(i.ble_advertising_conn_cfg_tag_set) for ble_advertising_conn_cfg_tag_set
    main.o(i.advertising_init) refers to main.o(.data) for .data
    main.o(i.advertising_init) refers to main.o(i.on_adv_evt) for on_adv_evt
    main.o(i.advertising_init) refers to main.o(i.ble_advertising_error_handler) for ble_advertising_error_handler
    main.o(i.advertising_init) refers to main.o(.bss) for .bss
    main.o(i.advertising_start) refers to nrf_log_frontend.o(i.nrf_log_frontend_std_0) for nrf_log_frontend_std_0
    main.o(i.advertising_start) refers to peer_manager.o(i.pm_peers_delete) for pm_peers_delete
    main.o(i.advertising_start) refers to main.o(i.whitelist_set) for whitelist_set
    main.o(i.advertising_start) refers to ble_advertising.o(i.ble_advertising_start) for ble_advertising_start
    main.o(i.advertising_start) refers to app_error.o(i.app_error_handler_bare) for app_error_handler_bare
    main.o(i.advertising_start) refers to nrf_log_frontend.o(log_const_data) for m_nrf_log_app_logs_data_const
    main.o(i.advertising_start) refers to main.o(.bss) for .bss
    main.o(i.assert_nrf_callback) refers to app_error_handler_keil.o(.emb_text) for app_error_handler
    main.o(i.battery_level_meas_timeout_handler) refers to sensorsim.o(i.sensorsim_measure) for sensorsim_measure
    main.o(i.battery_level_meas_timeout_handler) refers to ble_bas.o(i.ble_bas_battery_level_update) for ble_bas_battery_level_update
    main.o(i.battery_level_meas_timeout_handler) refers to app_error.o(i.app_error_handler_bare) for app_error_handler_bare
    main.o(i.battery_level_meas_timeout_handler) refers to main.o(.bss) for .bss
    main.o(i.battery_level_meas_timeout_handler) refers to main.o(.data) for .data
    main.o(i.ble_advertising_error_handler) refers to app_error.o(i.app_error_handler_bare) for app_error_handler_bare
    main.o(i.ble_evt_handler) refers to app_error.o(i.app_error_handler_bare) for app_error_handler_bare
    main.o(i.ble_evt_handler) refers to main.o(i.buffer_dequeue) for buffer_dequeue
    main.o(i.ble_evt_handler) refers to nrf_log_frontend.o(i.nrf_log_frontend_std_0) for nrf_log_frontend_std_0
    main.o(i.ble_evt_handler) refers to bsp.o(i.bsp_indication_set) for bsp_indication_set
    main.o(i.ble_evt_handler) refers to nrf_ble_qwr.o(i.nrf_ble_qwr_conn_handle_assign) for nrf_ble_qwr_conn_handle_assign
    main.o(i.ble_evt_handler) refers to nrf_log_frontend.o(log_const_data) for m_nrf_log_app_logs_data_const
    main.o(i.ble_evt_handler) refers to main.o(.data) for .data
    main.o(i.ble_evt_handler) refers to main.o(.bss) for .bss
    main.o(i.bsp_event_handler) refers to main.o(i.keys_send) for keys_send
    main.o(i.bsp_event_handler) refers to main.o(i.sleep_mode_enter) for sleep_mode_enter
    main.o(i.bsp_event_handler) refers to app_error.o(i.app_error_handler_bare) for app_error_handler_bare
    main.o(i.bsp_event_handler) refers to ble_advertising.o(i.ble_advertising_restart_without_whitelist) for ble_advertising_restart_without_whitelist
    main.o(i.bsp_event_handler) refers to main.o(.data) for .data
    main.o(i.bsp_event_handler) refers to main.o(.bss) for .bss
    main.o(i.buffer_dequeue) refers to main.o(i.send_key_scan_press_release) for send_key_scan_press_release
    main.o(i.buffer_dequeue) refers to main.o(.bss) for .bss
    main.o(i.buffer_enqueue) refers to main.o(.bss) for .bss
    main.o(i.conn_params_error_handler) refers to app_error.o(i.app_error_handler_bare) for app_error_handler_bare
    main.o(i.gap_params_init) refers to app_error.o(i.app_error_handler_bare) for app_error_handler_bare
    main.o(i.hids_init) refers to memseta.o(.text) for __aeabi_memclr4
    main.o(i.hids_init) refers to ble_hids.o(i.ble_hids_init) for ble_hids_init
    main.o(i.hids_init) refers to app_error.o(i.app_error_handler_bare) for app_error_handler_bare
    main.o(i.hids_init) refers to main.o(.data) for .data
    main.o(i.hids_init) refers to main.o(i.on_hids_evt) for on_hids_evt
    main.o(i.hids_init) refers to main.o(i.service_error_handler) for service_error_handler
    main.o(i.identities_set) refers to peer_manager.o(i.pm_peer_id_list) for pm_peer_id_list
    main.o(i.identities_set) refers to app_error.o(i.app_error_handler_bare) for app_error_handler_bare
    main.o(i.identities_set) refers to peer_manager.o(i.pm_device_identities_list_set) for pm_device_identities_list_set
[...]
    m_nrf_log_peer_manager_pdb_logs_data_const 0x000342bc   Data           8  peer_database.o(log_const_data)
    m_nrf_log_peer_manager_logs_data_const   0x000342c4   Data           8  peer_manager.o(log_const_data)
    m_nrf_log_peer_manager_handler_logs_data_const 0x000342cc   Data           8  peer_manager_handler.o(log_const_data)
    m_nrf_log_peer_manager_smd_logs_data_const 0x000342d4   Data           8  security_dispatcher.o(log_const_data)
    m_nrf_log_peer_manager_sm_logs_data_const 0x000342dc   Data           8  security_manager.o(log_const_data)
    m_nrf_log_ble_bas_logs_data_const        0x000342e4   Data           8  ble_bas.o(log_const_data)
    m_nrf_log_clock_logs_data_const          0x000342ec   Data           8  nrf_drv_clock.o(log_const_data)
    m_nrf_log_CLOCK_logs_data_const          0x000342f4   Data           8  nrfx_clock.o(log_const_data)
    m_nrf_log_GPIOTE_logs_data_const         0x000342fc   Data           8  nrfx_gpiote.o(log_const_data)
    m_nrf_log_PRS_logs_data_const            0x00034304   Data           8  nrfx_prs.o(log_const_data)
    m_nrf_log_UART_logs_data_const           0x0003430c   Data           8  nrfx_uart.o(log_const_data)
    m_nrf_log_UARTE_logs_data_const          0x00034314   Data           8  nrfx_uarte.o(log_const_data)
    m_nrf_log_app_button_logs_data_const     0x0003431c   Data           8  app_button.o(log_const_data)
    m_nrf_log_app_timer_logs_data_const      0x00034324   Data           8  app_timer2.o(log_const_data)
    m_nrf_log_nrf_fstorage_logs_data_const   0x0003432c   Data           8  nrf_fstorage.o(log_const_data)
    m_nrf_log_pwr_mgmt_logs_data_const       0x00034334   Data           8  nrf_pwr_mgmt.o(log_const_data)
    m_nrf_log_sortlist_logs_data_const       0x0003433c   Data           8  nrf_sortlist.o(log_const_data)
    m_nrf_log_app_logs_data_const            0x00034344   Data           8  nrf_log_frontend.o(log_const_data)
    m_nrf_log_nrf_sdh_logs_data_const        0x0003434c   Data           8  nrf_sdh.o(log_const_data)
    m_nrf_log_nrf_sdh_ble_logs_data_const    0x00034354   Data           8  nrf_sdh_ble.o(log_const_data)
    m_nrf_log_nrf_sdh_soc_logs_data_const    0x0003435c   Data           8  nrf_sdh_soc.o(log_const_data)
    log_const_data$$Limit                    0x00034364   Number         0  nrf_sdh_soc.o(log_const_data)
    log_mempool                              0x00034364   Data          20  nrf_log_frontend.o(nrf_balloc)
    sdh_ble_observers0$$Base                 0x00034378   Number         0  ble_conn_state.o(sdh_ble_observers0)
    sdh_ble_observers0$$Limit                0x00034380   Number         0  ble_conn_state.o(sdh_ble_observers0)
    sdh_ble_observers1$$Base                 0x00034380   Number         0  main.o(sdh_ble_observers1)
    sdh_ble_observers1$$Limit                0x000343a8   Number         0  peer_manager.o(sdh_ble_observers1)
    sdh_ble_observers2$$Base                 0x000343a8   Number         0  main.o(sdh_ble_observers2)
    sdh_ble_observers2$$Limit                0x000343c0   Number         0  main.o(sdh_ble_observers2)
    sdh_ble_observers3$$Base                 0x000343c0   Number         0  main.o(sdh_ble_observers3)
    m_req_obs                                0x000343c8   Data           8  nrf_fstorage_sd.o(sdh_req_observers0)
    sdh_ble_observers3$$Limit                0x000343c8   Number         0  main.o(sdh_ble_observers3)
    sdh_req_observers0$$Base                 0x000343c8   Number         0  nrf_fstorage_sd.o(sdh_req_observers0)
    sdh_req_observers0$$Limit                0x000343d0   Number         0  nrf_fstorage_sd.o(sdh_req_observers0)
    sdh_soc_observers0$$Base                 0x000343d0   Number         0  nrf_drv_clock.o(sdh_soc_observers0)
    sdh_soc_observers0$$Limit                0x000343e0   Number         0  nrf_fstorage_sd.o(sdh_soc_observers0)
    sdh_stack_observers0$$Base               0x000343e0   Number         0  nrf_sdh_ble.o(sdh_stack_observers0)
    sdh_stack_observers0$$Limit              0x000343f0   Number         0  nrf_sdh_soc.o(sdh_stack_observers0)
    sdh_state_observers0$$Base               0x000343f0   Number         0  nrf_drv_clock.o(sdh_state_observers0)
    sdh_state_observers0$$Limit              0x00034400   Number         0  nrf_fstorage_sd.o(sdh_state_observers0)
    Image$$RW_IRAM1$$Base                    0x20002250   Number         0  anon$$obj.o ABSOLUTE
    nrf_drv_uart_use_easy_dma                0x2000259c   Data           1  nrf_drv_uart.o(.data)
    m_uart                                   0x20002654   Data          20  nrf_log_backend_uart.o(.data)
    SystemCoreClock                          0x200026c8   Data           4  system_nrf52.o(.data)
    fs_data$$Base                            0x200026cc   Number         0  fds.o(fs_data)
    m_fs                                     0x200026cc   Data          20  fds.o(fs_data)
    fs_data$$Limit                           0x200026e0   Number         0  fds.o(fs_data)
    nrf_nvic_state                           0x20003200   Data          12  app_util_platform.o(.bss)
    __initial_sp                             0x20005970   Data           0  arm_startup_nrf52.o(STACK)



==============================================================================

Memory Map of the image

  Image Entry point : 0x00026201

  Load Region LR_IROM1 (Base: 0x00026000, Size: 0x0000e890, Max: 0x0005a000, ABSOLUTE, COMPRESSED[0x0000e50c])

    Execution Region ER_IROM1 (Base: 0x00026000, Size: 0x0000e400, Max: 0x0005a000, ABSOLUTE)

    Base Addr    Size         Type   Attr      Idx    E Section Name        Object

    0x00026000   0x00000200   Data   RO         7439    RESET               arm_startup_nrf52.o
    0x00026200   0x00000000   Code   RO         7496  * .ARM.Collect$$$$00000000  mc_w.l(entry.o)
    0x00026200   0x00000004   Code   RO         7550    .ARM.Collect$$$$00000001  mc_w.l(entry2.o)
    0x00026204   0x00000004   Code   RO         7553    .ARM.Collect$$$$00000004  mc_w.l(entry5.o)
    0x00026208   0x00000000   Code   RO         7555    .ARM.Collect$$$$00000008  mc_w.l(entry7b.o)
    0x00026208   0x00000000   Code   RO         7557    .ARM.Collect$$$$0000000A  mc_w.l(entry8b.o)
    0x00026208   0x00000008   Code   RO         7558    .ARM.Collect$$$$0000000B  mc_w.l(entry9a.o)
    0x00026210   0x00000000   Code   RO         7560    .ARM.Collect$$$$0000000D  mc_w.l(entry10a.o)
    0x00026210   0x00000000   Code   RO         7562    .ARM.Collect$$$$0000000F  mc_w.l(entry11a.o)
    0x00026210   0x00000004   Code   RO         7551    .ARM.Collect$$$$00002712  mc_w.l(entry2.o)
    0x00026214   0x000000c8   Code   RO         5506    .emb_text           nrf_atfifo.o
    0x000262dc   0x000000e2   Code   RO         5642    .emb_text           nrf_atomic.o
    0x000263be   0x00000002   PAD
    0x000263c0   0x00000024   Code   RO         7440    .text               arm_startup_nrf52.o
    0x000263e4   0x00000062   Code   RO         7504    .text               mc_w.l(uldiv.o)
    0x00026446   0x0000001e   Code   RO         7506    .text               mc_w.l(llshl.o)
    0x00026464   0x00000008   Code   RO         7508    .text               mc_w.l(ctype_o.o)
    0x0002646c   0x00000024   Code   RO         7536    .text               mc_w.l(memcpya.o)
    0x00026490   0x00000024   Code   RO         7538    .text               mc_w.l(memseta.o)
    0x000264b4   0x0000000e   Code   RO         7540    .text               mc_w.l(strlen.o)
    0x000264c2   0x0000001a   Code   RO         7544    .text               mc_w.l(memcmp.o)
    0x000264dc   0x00000020   Code   RO         7565    .text               mc_w.l(llushr.o)
    0x000264fc   0x00000024   Code   RO         7568    .text               mc_w.l(init.o)
    0x00026520   0x00000056   Code   RO         7578    .text               mc_w.l(__dczerorl2.o)
    0x00026576   0x00000002   PAD
    0x00026578   0x000000a4   Code   RO         3771    i.GPIOTE_IRQHandler  nrfx_gpiote.o
    0x0002661c   0x00000058   Code   RO         3632    i.POWER_CLOCK_IRQHandler  nrfx_clock.o
    0x00026674   0x00000010   Code   RO         4970    i.RTC1_IRQHandler   drv_rtc.o
    0x00026684   0x00000020   Code   RO         7225    i.SWI2_EGU2_IRQHandler  nrf_sdh.o
    0x000266a4   0x00000084   Code   RO         7448    i.SystemInit        system_nrf52.o
    0x00026728   0x0000000c   Code   RO         4076    i.UARTE0_UART0_IRQHandler  nrfx_prs.o
    0x00026734   0x0000000e   Code   RO         7572    i.__scatterload_copy  mc_w.l(handlers.o)
    0x00026742   0x00000002   Code   RO         7573    i.__scatterload_null  mc_w.l(handlers.o)
    0x00026744   0x0000000e   Code   RO         7574    i.__scatterload_zeroinit  mc_w.l(handlers.o)
    0x00026752   0x00000002   PAD
    0x00026754   0x00000024   Code   RO         7226    i.__sd_nvic_app_accessible_irq  nrf_sdh.o
    0x00026778   0x0000013c   Code   RO         2601    i._conn_secure      peer_manager_handler.o
    0x000268b4   0x00000026   Code   RO         1637    i.addr_compare      id_manager.o
    0x000268da   0x0000000c   Code   RO         5894    i.addr_is_aligned32  nrf_fstorage.o
    0x000268e6   0x00000018   Code   RO         5895    i.addr_is_within_bounds  nrf_fstorage.o
    0x000268fe   0x00000010   Code   RO          954    i.adv_set_data_size_max_get  ble_advertising.o
    0x0002690e   0x00000036   Code   RO          720    i.advertising_buttons_configure  bsp_btn_ble.o
    0x00026944   0x00000088   Code   RO            4    i.advertising_init  main.o
    0x000269cc   0x00000058   Code   RO            5    i.advertising_start  main.o
    0x00026a24   0x00000052   Code   RO         1638    i.ah                id_manager.o
    0x00026a76   0x00000006   Code   RO          603    i.alert_timer_handler  bsp.o
    0x00026a7c   0x0000000c   Code   RO         2745    i.allow_repairing   security_dispatcher.o
    0x00026a88   0x00000024   Code   RO         4479    i.app_button_enable  app_button.o
    0x00026aac   0x00000080   Code   RO         4480    i.app_button_init   app_button.o
    0x00026b2c   0x00000084   Code   RO         4637    i.app_error_fault_handler  app_error_weak.o
    0x00026bb0   0x00000016   Code   RO         4577    i.app_error_handler_bare  app_error.o
    0x00026bc6   0x00000002   PAD
    0x00026bc8   0x000000a0   Code   RO         4680    i.app_sched_event_put  app_scheduler.o
    0x00026c68   0x00000040   Code   RO         4681    i.app_sched_execute  app_scheduler.o
    0x00026ca8   0x0000002c   Code   RO         4682    i.app_sched_init    app_scheduler.o
    0x00026cd4   0x0000000c   Code   RO         4729    i.app_timer_cnt_get  app_timer2.o
    0x00026ce0   0x00000016   Code   RO         4730    i.app_timer_create  app_timer2.o
    0x00026cf6   0x00000002   PAD
    0x00026cf8   0x0000005c   Code   RO         4731    i.app_timer_init    app_timer2.o
    0x00026d54   0x00000030   Code   RO         4734    i.app_timer_start   app_timer2.o
    0x00026d84   0x0000000c   Code   RO         4735    i.app_timer_stop    app_timer2.o
    0x00026d90   0x00000048   Code   RO         4875    i.app_util_critical_region_enter  app_util_platform.o
    0x00026dd8   0x00000034   Code   RO         4876    i.app_util_critical_region_exit  app_util_platform.o
    0x00026e0c   0x00000088   Code   RO         4130    i.apply_config      nrfx_uart.o
    0x00026e94   0x00000088   Code   RO         4318    i.apply_config      nrfx_uarte.o
    0x00026f1c   0x00000004   Code   RO         1376    i.apply_pending_handle  gatt_cache_manager.o
    0x00026f20   0x00000004   Code   RO         7227    i.appsh_events_poll  nrf_sdh.o
    0x00026f24   0x00000180   Code   RO         2746    i.auth_status_success_process  security_dispatcher.o
    0x000270a4   0x0000009c   Code   RO         3061    i.battery_level_char_add  ble_bas.o
    0x00027140   0x00000048   Code   RO            7    i.battery_level_meas_timeout_handler  main.o
    0x00027188   0x0000000a   Code   RO         3062    i.battery_notification_send  ble_bas.o
    0x00027192   0x00000048   Code   RO         1290    i.blcm_link_ctx_get  ble_link_ctx_manager.o
    0x000271da   0x00000182   Code   RO          848    i.ble_advdata_encode  ble_advdata.o
    0x0002735c   0x00000020   Code   RO          850    i.ble_advdata_parse  ble_advdata.o
    0x0002737c   0x00000046   Code   RO          851    i.ble_advdata_search  ble_advdata.o
    0x000273c2   0x00000006   Code   RO          956    i.ble_advertising_conn_cfg_tag_set  ble_advertising.o
    0x000273c8   0x00000004   Code   RO            8    i.ble_advertising_error_handler  main.o
    0x000273cc   0x000000f8   Code   RO          957    i.ble_advertising_init  ble_advertising.o
    0x000274c4   0x0000006a   Code   RO          959    i.ble_advertising_on_ble_evt  ble_advertising.o
    0x0002752e   0x00000026   Code   RO          960    i.ble_advertising_peer_addr_reply  ble_advertising.o
    0x00027554   0x0000003a   Code   RO          961    i.ble_advertising_restart_without_whitelist  ble_advertising.o
    0x0002758e   0x00000230   Code   RO          962    i.ble_advertising_start  ble_advertising.o
    0x000277be   0x00000024   Code   RO          963    i.ble_advertising_whitelist_reply  ble_advertising.o
    0x000277e2   0x00000002   PAD
    0x000277e4   0x000000c0   Code   RO         3063    i.ble_bas_battery_level_update  ble_bas.o
    0x000278a4   0x0000003e   Code   RO         3065    i.ble_bas_init      ble_bas.o
    0x000278e2   0x00000052   Code   RO         3066    i.ble_bas_on_ble_evt  ble_bas.o
    0x00027934   0x00000068   Code   RO         1047    i.ble_conn_params_init  ble_conn_params.o
    0x0002799c   0x0000000c   Code   RO         1121    i.ble_conn_state_conn_handles  ble_conn_state.o
    0x000279a8   0x00000012   Code   RO         1122    i.ble_conn_state_conn_idx  ble_conn_state.o
    0x000279ba   0x00000002   PAD
    0x000279bc   0x00000020   Code   RO         1123    i.ble_conn_state_encrypted  ble_conn_state.o
    0x000279dc   0x0000002c   Code   RO         1125    i.ble_conn_state_for_each_set_user_flag  ble_conn_state.o
    0x00027a08   0x00000020   Code   RO         1127    i.ble_conn_state_lesc  ble_conn_state.o
    0x00027a28   0x00000020   Code   RO         1128    i.ble_conn_state_mitm_protected  ble_conn_state.o
    0x00027a48   0x00000024   Code   RO         1131    i.ble_conn_state_role  ble_conn_state.o
    0x00027a6c   0x00000024   Code   RO         1132    i.ble_conn_state_status  ble_conn_state.o
    0x00027a90   0x00000018   Code   RO         1133    i.ble_conn_state_user_flag_acquire  ble_conn_state.o
    0x00027aa8   0x00000030   Code   RO         1134    i.ble_conn_state_user_flag_get  ble_conn_state.o
    0x00027ad8   0x00000038   Code   RO         1135    i.ble_conn_state_user_flag_set  ble_conn_state.o
    0x00027b10   0x00000014   Code   RO         1136    i.ble_conn_state_valid  ble_conn_state.o
    0x00027b24   0x00000060   Code   RO          854    i.ble_device_addr_encode  ble_advdata.o
    0x00027b84   0x0000013c   Code   RO         3121    i.ble_dis_init      ble_dis.o
    0x00027cc0   0x000000d4   Code   RO            9    i.ble_evt_handler   main.o
    0x00027d94   0x00000070   Code   RO          721    i.ble_evt_handler   bsp_btn_ble.o
    0x00027e04   0x000000fc   Code   RO         1049    i.ble_evt_handler   ble_conn_params.o
    0x00027f00   0x00000118   Code   RO         1137    i.ble_evt_handler   ble_conn_state.o
    0x00028018   0x00000028   Code   RO         2295    i.ble_evt_handler   peer_manager.o
    0x00028040   0x00000082   Code   RO         3162    i.ble_hids_boot_kb_inp_rep_send  ble_hids.o
    0x000280c2   0x00000270   Code   RO         3164    i.ble_hids_init     ble_hids.o
    0x00028332   0x00000002   PAD
    0x00028334   0x000000c4   Code   RO         3165    i.ble_hids_inp_rep_send  ble_hids.o
    0x000283f8   0x00000022   Code   RO         3166    i.ble_hids_on_ble_evt  ble_hids.o
    0x0002841a   0x00000002   PAD
    0x0002841c   0x00000096   Code   RO         3167    i.ble_hids_outp_rep_get  ble_hids.o
    0x000284b2   0x00000012   Code   RO         1314    i.ble_srv_ascii_to_utf8  ble_srv_common.o
    0x000284c4   0x00000008   Code   RO         1316    i.ble_srv_is_notification_enabled  ble_srv_common.o
    0x000284cc   0x0000000c   Code   RO         1317    i.ble_srv_report_ref_encode  ble_srv_common.o
    0x000284d8   0x0000006c   Code   RO         3168    i.boot_inp_rep_char_add  ble_hids.o
    0x00028544   0x0000000c   Code   RO          490    i.bsp_board_button_idx_to_pin  boards.o
    0x00028550   0x00000020   Code   RO          491    i.bsp_board_button_state_get  boards.o
    0x00028570   0x00000054   Code   RO          492    i.bsp_board_init    boards.o
    0x000285c4   0x00000024   Code   RO          494    i.bsp_board_led_invert  boards.o
    0x000285e8   0x00000010   Code   RO          495    i.bsp_board_led_off  boards.o
    0x000285f8   0x00000010   Code   RO          496    i.bsp_board_led_on  boards.o
    0x00028608   0x00000020   Code   RO          497    i.bsp_board_led_state_get  boards.o
    0x00028628   0x00000012   Code   RO          498    i.bsp_board_leds_off  boards.o
    0x0002863a   0x00000012   Code   RO          499    i.bsp_board_leds_on  boards.o
    0x0002864c   0x00000024   Code   RO          500    i.bsp_board_pin_to_button_idx  boards.o
    0x00028670   0x00000038   Code   RO          722    i.bsp_btn_ble_init  bsp_btn_ble.o
    0x000286a8   0x0000001e   Code   RO          723    i.bsp_btn_ble_sleep_mode_prepare  bsp_btn_ble.o
    0x000286c6   0x00000002   PAD
    0x000286c8   0x00000090   Code   RO          604    i.bsp_button_event_handler  bsp.o
    0x00028758   0x0000000c   Code   RO          605    i.bsp_button_is_pressed  bsp.o
    0x00028764   0x00000078   Code   RO           10    i.bsp_event_handler  main.o
    0x000287dc   0x00000044   Code   RO          608    i.bsp_event_to_button_action_assign  bsp.o
    0x00028820   0x00000018   Code   RO          609    i.bsp_indication_set  bsp.o
    0x00028838   0x00000094   Code   RO          610    i.bsp_init          bsp.o
    0x000288cc   0x000001c8   Code   RO          611    i.bsp_led_indication  bsp.o
    0x00028a94   0x00000006   Code   RO          613    i.bsp_wakeup_button_enable  bsp.o
    0x00028a9a   0x00000002   PAD
    0x00028a9c   0x00000094   Code   RO         6624    i.buf_prealloc      nrf_log_frontend.o
    0x00028b30   0x0000002e   Code   RO         5854    i.buffer_add        nrf_fprintf_format.o
    0x00028b5e   0x00000002   PAD
    0x00028b60   0x00000078   Code   RO           11    i.buffer_dequeue    main.o
    0x00028bd8   0x00000050   Code   RO           12    i.buffer_enqueue    main.o
    0x00028c28   0x00000018   Code   RO         6625    i.buffer_is_empty   nrf_log_frontend.o
    0x00028c40   0x00000028   Code   RO         4482    i.button_get        app_button.o
    0x00028c68   0x00000008   Code   RO          614    i.button_timer_handler  bsp.o
    0x00028c70   0x00000028   Code   RO         1377    i.car_update_needed  gatt_cache_manager.o
    0x00028c98   0x00000040   Code   RO         1378    i.car_update_pending_handle  gatt_cache_manager.o
    0x00028cd8   0x0000001c   Code   RO         3772    i.channel_free      nrfx_gpiote.o
    0x00028cf4   0x00000048   Code   RO         3773    i.channel_port_alloc  nrfx_gpiote.o
    0x00028d3c   0x00000010   Code   RO         3774    i.channel_port_get  nrfx_gpiote.o
    0x00028d4c   0x00000060   Code   RO         3122    i.char_add          ble_dis.o
    0x00028dac   0x00000190   Code   RO         1318    i.characteristic_add  ble_srv_common.o
    0x00028f3c   0x0000003e   Code   RO         2205    i.claim             peer_id.o
    0x00028f7a   0x00000002   PAD
    0x00028f7c   0x00000028   Code   RO         3287    i.clock_clk_started_notify  nrf_drv_clock.o
    0x00028fa4   0x0000001c   Code   RO         3288    i.clock_irq_handler  nrf_drv_clock.o
    0x00028fc0   0x00000018   Code   RO         4737    i.compare_func      app_timer2.o
    0x00028fd8   0x0000003e   Code   RO         1138    i.conn_handle_list_get  ble_conn_state.o
    0x00029016   0x00000088   Code   RO          855    i.conn_int_encode   ble_advdata.o
    0x0002909e   0x00000004   Code   RO           13    i.conn_params_error_handler  main.o
    0x000290a2   0x00000002   PAD
    0x000290a4   0x00000048   Code   RO         1050    i.conn_params_negotiation  ble_conn_params.o
    0x000290ec   0x00000044   Code   RO         2747    i.conn_sec_failure  security_dispatcher.o
    0x00029130   0x00000004   Code   RO         2602    i.conn_secure       peer_manager_handler.o
    0x00029134   0x000000c0   Code   RO         1803    i.data_length_update  nrf_ble_gatt.o
    0x000291f4   0x00000030   Code   RO         1379    i.db_update_pending_handle  gatt_cache_manager.o
    0x00029224   0x0000008c   Code   RO         5139    i.delete_execute    fds.o
    0x000292b0   0x000000aa   Code   RO         1319    i.descriptor_add    ble_srv_common.o
    0x0002935a   0x00000002   PAD
    0x0002935c   0x00000048   Code   RO         4483    i.detection_delay_timeout_handler  app_button.o
    0x000293a4   0x00000014   Code   RO         6626    i.dropped_sat16_get  nrf_log_frontend.o
    0x000293b8   0x00000014   Code   RO         4971    i.drv_rtc_compare_disable  drv_rtc.o
    0x000293cc   0x0000000e   Code   RO         4974    i.drv_rtc_compare_pending  drv_rtc.o
    0x000293da   0x00000050   Code   RO         4975    i.drv_rtc_compare_set  drv_rtc.o
    0x0002942a   0x00000008   Code   RO         4976    i.drv_rtc_counter_get  drv_rtc.o
    0x00029432   0x00000002   PAD
    0x00029434   0x000000d8   Code   RO         4977    i.drv_rtc_init      drv_rtc.o
    0x0002950c   0x0000001e   Code   RO         4978    i.drv_rtc_irq_trigger  drv_rtc.o
    0x0002952a   0x00000008   Code   RO         4980    i.drv_rtc_overflow_enable  drv_rtc.o
    0x00029532   0x00000008   Code   RO         4981    i.drv_rtc_overflow_pending  drv_rtc.o
    0x0002953a   0x00000008   Code   RO         4982    i.drv_rtc_start     drv_rtc.o
    0x00029542   0x00000008   Code   RO         4983    i.drv_rtc_stop      drv_rtc.o
    0x0002954a   0x000000de   Code   RO         4988    i.drv_rtc_windowed_compare_set  drv_rtc.o
    0x00029628   0x0000000a   Code   RO         2748    i.encryption_failure  security_dispatcher.o
    0x00029632   0x00000002   PAD
    0x00029634   0x0000004c   Code   RO         5981    i.erase             nrf_fstorage_sd.o
    0x00029680   0x00000074   Code   RO         5140    i.event_prepare     fds.o
    0x000296f4   0x00000020   Code   RO         5141    i.event_send        fds.o
    0x00029714   0x00000054   Code   RO         5982    i.event_send        nrf_fstorage_sd.o
    0x00029768   0x00000098   Code   RO         2886    i.events_send_from_err_code  security_manager.o
    0x00029800   0x00000012   Code   RO         4989    i.evt_enable        drv_rtc.o
    0x00029812   0x00000002   PAD
    0x00029814   0x000000e0   Code   RO         4484    i.evt_handle        app_button.o
    0x000298f4   0x00000014   Code   RO         4990    i.evt_pending       drv_rtc.o
    0x00029908   0x0000001c   Code   RO         1380    i.evt_send          gatt_cache_manager.o
    0x00029924   0x0000001c   Code   RO         1542    i.evt_send          gatts_cache_manager.o
    0x00029940   0x0000002c   Code   RO         2296    i.evt_send          peer_manager.o
    0x0002996c   0x0000001c   Code   RO         2749    i.evt_send          security_dispatcher.o
    0x00029988   0x0000000c   Code   RO         2887    i.evt_send          security_manager.o
    0x00029994   0x000000e0   Code   RO         1946    i.fds_evt_handler   peer_data_storage.o
    0x00029a74   0x00000048   Code   RO         5143    i.fds_file_delete   fds.o
    0x00029abc   0x00000040   Code   RO         5144    i.fds_gc            fds.o
    0x00029afc   0x000000e4   Code   RO         5145    i.fds_init          fds.o
    0x00029be0   0x00000048   Code   RO         5146    i.fds_record_close  fds.o
    0x00029c28   0x0000000e   Code   RO         5148    i.fds_record_find   fds.o
    0x00029c36   0x00000010   Code   RO         5149    i.fds_record_find_by_key  fds.o
    0x00029c46   0x00000010   Code   RO         5150    i.fds_record_find_in_file  fds.o
    0x00029c56   0x00000012   Code   RO         5151    i.fds_record_id_from_desc  fds.o
    0x00029c68   0x0000004c   Code   RO         5153    i.fds_record_open   fds.o
    0x00029cb4   0x00000010   Code   RO         5154    i.fds_record_update  fds.o
    0x00029cc4   0x00000008   Code   RO         5155    i.fds_record_write  fds.o
    0x00029ccc   0x00000030   Code   RO         5157    i.fds_register      fds.o
    0x00029cfc   0x000000a0   Code   RO         5160    i.fds_stat          fds.o
    0x00029d9c   0x00000014   Code   RO         1947    i.file_id_within_pm_range  peer_data_storage.o
    0x00029db0   0x00000012   Code   RO         2750    i.flag_id_init      security_dispatcher.o
    0x00029dc2   0x00000012   Code   RO         2888    i.flag_id_init      security_manager.o
    0x00029dd4   0x0000000a   Code   RO         1139    i.flag_toggle       ble_conn_state.o
    0x00029dde   0x00000028   Code   RO          964    i.flags_set         ble_advertising.o
    0x00029e06   0x00000002   PAD
    0x00029e08   0x00000030   Code   RO         2889    i.flags_set_from_err_code  security_manager.o
    0x00029e38   0x00000030   Code   RO         1140    i.for_each_set_flag  ble_conn_state.o
    0x00029e68   0x00000006   Code   RO         5161    i.fs_event_handler  fds.o
    0x00029e6e   0x00000002   PAD
    0x00029e70   0x0000006c   Code   RO           14    i.gap_params_init   main.o
    0x00029edc   0x00000078   Code   RO         5162    i.gc_execute        fds.o
    0x00029f54   0x0000004c   Code   RO         5163    i.gc_next_page      fds.o
    0x00029fa0   0x00000040   Code   RO         5164    i.gc_page_erase     fds.o
    0x00029fe0   0x00000034   Code   RO         5165    i.gc_record_copy    fds.o
    0x0002a014   0x00000024   Code   RO         5166    i.gc_record_find_next  fds.o
    0x0002a038   0x00000070   Code   RO         5167    i.gc_state_advance  fds.o
    0x0002a0a8   0x00000030   Code   RO         5168    i.gc_swap_pages     fds.o
    0x0002a0d8   0x00000230   Code   RO         1381    i.gcm_ble_evt_handler  gatt_cache_manager.o
    0x0002a308   0x0000003c   Code   RO         1382    i.gcm_im_evt_handler  gatt_cache_manager.o
    0x0002a344   0x00000094   Code   RO         1383    i.gcm_init          gatt_cache_manager.o
    0x0002a3d8   0x00000088   Code   RO         1386    i.gcm_pdb_evt_handler  gatt_cache_manager.o
    0x0002a460   0x00000034   Code   RO         4738    i.get_now           app_timer2.o
    0x0002a494   0x0000003c   Code   RO         4485    i.gpiote_event_handler  app_button.o
    0x0002a4d0   0x0000001c   Code   RO         1543    i.gscm_db_change_notification_done  gatts_cache_manager.o
    0x0002a4ec   0x00000014   Code   RO         1544    i.gscm_init         gatts_cache_manager.o
    0x0002a500   0x00000090   Code   RO         1546    i.gscm_local_db_cache_apply  gatts_cache_manager.o
    0x0002a590   0x000000ac   Code   RO         1547    i.gscm_local_db_cache_update  gatts_cache_manager.o
    0x0002a63c   0x00000018   Code   RO         1548    i.gscm_pdb_evt_handler  gatts_cache_manager.o
    0x0002a654   0x0000001e   Code   RO         1549    i.gscm_service_changed_ind_needed  gatts_cache_manager.o
    0x0002a672   0x00000002   PAD
    0x0002a674   0x0000005c   Code   RO         1550    i.gscm_service_changed_ind_send  gatts_cache_manager.o
    0x0002a6d0   0x0000002c   Code   RO         5169    i.header_check      fds.o
    0x0002a6fc   0x00000012   Code   RO         5170    i.header_has_next   fds.o
    0x0002a70e   0x00000062   Code   RO         3169    i.hid_information_char_add  ble_hids.o
    0x0002a770   0x000000e4   Code   RO           15    i.hids_init         main.o
    0x0002a854   0x00000030   Code   RO           16    i.identities_set    main.o
    0x0002a884   0x00000046   Code   RO         1639    i.im_address_resolve  id_manager.o
    0x0002a8ca   0x00000002   PAD
    0x0002a8cc   0x00000038   Code   RO         1640    i.im_ble_addr_get   id_manager.o
    0x0002a904   0x000000dc   Code   RO         1641    i.im_ble_evt_handler  id_manager.o
    0x0002a9e0   0x00000040   Code   RO         1642    i.im_conn_handle_get  id_manager.o
    0x0002aa20   0x000000ec   Code   RO         1643    i.im_device_identities_list_set  id_manager.o
    0x0002ab0c   0x00000038   Code   RO         1644    i.im_find_duplicate_bonding_data  id_manager.o
    0x0002ab44   0x00000072   Code   RO         1647    i.im_is_duplicate_bonding_data  id_manager.o
    0x0002abb6   0x00000018   Code   RO         1648    i.im_master_id_is_valid  id_manager.o
    0x0002abce   0x0000002a   Code   RO         1649    i.im_master_ids_compare  id_manager.o
    0x0002abf8   0x00000014   Code   RO         1650    i.im_new_peer_id    id_manager.o
    0x0002ac0c   0x0000002c   Code   RO         1651    i.im_peer_free      id_manager.o
    0x0002ac38   0x00000024   Code   RO         1652    i.im_peer_id_get_by_conn_handle  id_manager.o
    0x0002ac5c   0x0000003c   Code   RO         1653    i.im_peer_id_get_by_master_id  id_manager.o
    0x0002ac98   0x00000038   Code   RO         1656    i.im_whitelist_get  id_manager.o
    0x0002acd0   0x00000074   Code   RO         1657    i.im_whitelist_set  id_manager.o
    0x0002ad44   0x00000034   Code   RO         5983    i.init              nrf_fstorage_sd.o
    0x0002ad78   0x000000c8   Code   RO         5171    i.init_execute      fds.o
    0x0002ae40   0x0000006c   Code   RO         3170    i.inp_rep_characteristics_add  ble_hids.o
    0x0002aeac   0x00000014   Code   RO         1051    i.instance_get      ble_conn_params.o
    0x0002aec0   0x000000a6   Code   RO         5855    i.int_print         nrf_fprintf_format.o
    0x0002af66   0x00000002   PAD
    0x0002af68   0x00000088   Code   RO         4319    i.interrupts_enable  nrfx_uarte.o
    0x0002aff0   0x00000034   Code   RO         6627    i.invalid_packets_omit  nrf_log_frontend.o
    0x0002b024   0x00000010   Code   RO         5984    i.is_busy           nrf_fstorage_sd.o
    0x0002b034   0x00000044   Code   RO         1052    i.is_conn_params_ok  ble_conn_params.o
    0x0002b078   0x00000014   Code   RO         1658    i.is_valid_irk      id_manager.o
    0x0002b08c   0x0000000c   Code   RO         5172    i.is_word_aligned   fds.o
    0x0002b098   0x0000004c   Code   RO           17    i.keys_send         main.o
    0x0002b0e4   0x00000030   Code   RO          615    i.leds_off          bsp.o
    0x0002b114   0x00000014   Code   RO          616    i.leds_timer_handler  bsp.o
    0x0002b128   0x00000014   Code   RO         1804    i.link_init         nrf_ble_gatt.o
    0x0002b13c   0x000000d0   Code   RO         2890    i.link_secure       security_manager.o
    0x0002b20c   0x0000003c   Code   RO         2751    i.link_secure_failure  security_dispatcher.o
    0x0002b248   0x0000002c   Code   RO         2891    i.link_secure_pending_handle  security_manager.o
    0x0002b274   0x000000a8   Code   RO         1387    i.local_db_apply_in_evt  gatt_cache_manager.o
    0x0002b31c   0x00000010   Code   RO         1388    i.local_db_update   gatt_cache_manager.o
    0x0002b32c   0x0000010c   Code   RO         1389    i.local_db_update_in_evt  gatt_cache_manager.o
    0x0002b438   0x000000a4   Code   RO         6628    i.log_skip          nrf_log_frontend.o
    0x0002b4dc   0x000001b8   Code   RO           18    i.main              main.o
    0x0002b694   0x00000012   Code   RO         3171    i.make_char_id      ble_hids.o
    0x0002b6a6   0x00000064   Code   RO          856    i.manuf_specific_data_encode  ble_advdata.o
    0x0002b70a   0x0000007e   Code   RO         6093    i.memobj_op         nrf_memobj.o
    0x0002b788   0x00000030   Code   RO         6629    i.module_idx_get    nrf_log_frontend.o
    0x0002b7b8   0x00000008   Code   RO         2698    i.mutex_lock_status_get  pm_buffer.o
    0x0002b7c0   0x000000a6   Code   RO          857    i.name_encode       ble_advdata.o
    0x0002b866   0x00000002   PAD
    0x0002b868   0x00000014   Code   RO         2892    i.new_context_get   security_manager.o
    0x0002b87c   0x00000032   Code   RO         2893    i.new_evt           security_manager.o
    0x0002b8ae   0x00000030   Code   RO         2206    i.next_id_get       peer_id.o
    0x0002b8de   0x00000010   Code   RO         5508    i.nrf_atfifo_clear  nrf_atfifo.o
    0x0002b8ee   0x00000026   Code   RO         5510    i.nrf_atfifo_init   nrf_atfifo.o
    0x0002b914   0x00000016   Code   RO         5511    i.nrf_atfifo_item_alloc  nrf_atfifo.o
    0x0002b92a   0x00000016   Code   RO         5512    i.nrf_atfifo_item_free  nrf_atfifo.o
    0x0002b940   0x00000016   Code   RO         5513    i.nrf_atfifo_item_get  nrf_atfifo.o
    0x0002b956   0x00000016   Code   RO         5514    i.nrf_atfifo_item_put  nrf_atfifo.o
    0x0002b96c   0x00000016   Code   RO         5576    i.nrf_atflags_clear  nrf_atflags.o
    0x0002b982   0x00000020   Code   RO         5578    i.nrf_atflags_fetch_set  nrf_atflags.o
    0x0002b9a2   0x0000004a   Code   RO         5580    i.nrf_atflags_find_and_set_flag  nrf_atflags.o
    0x0002b9ec   0x00000016   Code   RO         5581    i.nrf_atflags_get   nrf_atflags.o
    0x0002ba02   0x00000014   Code   RO         5583    i.nrf_atflags_set   nrf_atflags.o
    0x0002ba16   0x00000006   Code   RO         5644    i.nrf_atomic_flag_clear_fetch  nrf_atomic.o
    0x0002ba1c   0x00000006   Code   RO         5645    i.nrf_atomic_flag_set  nrf_atomic.o
    0x0002ba22   0x00000006   Code   RO         5646    i.nrf_atomic_flag_set_fetch  nrf_atomic.o
    0x0002ba28   0x0000000c   Code   RO         5647    i.nrf_atomic_u32_add  nrf_atomic.o
    0x0002ba34   0x0000000c   Code   RO         5648    i.nrf_atomic_u32_and  nrf_atomic.o
    0x0002ba40   0x0000000a   Code   RO         5650    i.nrf_atomic_u32_fetch_add  nrf_atomic.o
    0x0002ba4a   0x0000000a   Code   RO         5651    i.nrf_atomic_u32_fetch_and  nrf_atomic.o
    0x0002ba54   0x0000000a   Code   RO         5652    i.nrf_atomic_u32_fetch_or  nrf_atomic.o
    0x0002ba5e   0x0000000a   Code   RO         5653    i.nrf_atomic_u32_fetch_store  nrf_atomic.o
    0x0002ba68   0x0000000c   Code   RO         5657    i.nrf_atomic_u32_or  nrf_atomic.o
    0x0002ba74   0x0000000c   Code   RO         5659    i.nrf_atomic_u32_sub  nrf_atomic.o
    0x0002ba80   0x00000044   Code   RO         5778    i.nrf_balloc_alloc  nrf_balloc.o
    0x0002bac4   0x00000030   Code   RO         5779    i.nrf_balloc_free   nrf_balloc.o
    0x0002baf4   0x00000030   Code   RO         5780    i.nrf_balloc_init   nrf_balloc.o
    0x0002bb24   0x00000010   Code   RO         3775    i.nrf_bitmask_bit_is_set  nrfx_gpiote.o
    0x0002bb34   0x00000022   Code   RO         1810    i.nrf_ble_gatt_init  nrf_ble_gatt.o
    0x0002bb56   0x00000002   PAD
    0x0002bb58   0x00000150   Code   RO         1811    i.nrf_ble_gatt_on_ble_evt  nrf_ble_gatt.o
    0x0002bca8   0x00000016   Code   RO         1905    i.nrf_ble_qwr_conn_handle_assign  nrf_ble_qwr.o
    0x0002bcbe   0x00000024   Code   RO         1906    i.nrf_ble_qwr_init  nrf_ble_qwr.o
    0x0002bce2   0x000000b6   Code   RO         1907    i.nrf_ble_qwr_on_ble_evt  nrf_ble_qwr.o
    0x0002bd98   0x0000000e   Code   RO         3633    i.nrf_clock_event_check  nrfx_clock.o
    0x0002bda6   0x00000010   Code   RO         3634    i.nrf_clock_event_clear  nrfx_clock.o
    0x0002bdb6   0x00000002   PAD
    0x0002bdb8   0x00000040   Code   RO         3295    i.nrf_drv_clock_init  nrf_drv_clock.o
    0x0002bdf8   0x00000034   Code   RO         3299    i.nrf_drv_clock_lfclk_release  nrf_drv_clock.o
    0x0002be2c   0x00000068   Code   RO         3441    i.nrf_drv_uart_init  nrf_drv_uart.o
    0x0002be94   0x0000001a   Code   RO         5815    i.nrf_fprintf       nrf_fprintf.o
    0x0002beae   0x00000018   Code   RO         5816    i.nrf_fprintf_buffer_flush  nrf_fprintf.o
    0x0002bec6   0x000001da   Code   RO         5856    i.nrf_fprintf_fmt   nrf_fprintf_format.o
    0x0002c0a0   0x00000138   Code   RO         5896    i.nrf_fstorage_erase  nrf_fstorage.o
    0x0002c1d8   0x00000094   Code   RO         5897    i.nrf_fstorage_init  nrf_fstorage.o
    0x0002c26c   0x00000018   Code   RO         5985    i.nrf_fstorage_sdh_req_handler  nrf_fstorage_sd.o
    0x0002c284   0x00000020   Code   RO         5986    i.nrf_fstorage_sdh_state_handler  nrf_fstorage_sd.o
    0x0002c2a4   0x000000a4   Code   RO         5987    i.nrf_fstorage_sys_evt_handler  nrf_fstorage_sd.o
    0x0002c348   0x000001dc   Code   RO         5903    i.nrf_fstorage_write  nrf_fstorage.o
    0x0002c524   0x00000024   Code   RO          502    i.nrf_gpio_cfg      boards.o
    0x0002c548   0x00000024   Code   RO         3776    i.nrf_gpio_cfg      nrfx_gpiote.o
    0x0002c56c   0x00000024   Code   RO         4131    i.nrf_gpio_cfg      nrfx_uart.o
    0x0002c590   0x00000024   Code   RO         4320    i.nrf_gpio_cfg      nrfx_uarte.o
    0x0002c5b4   0x00000012   Code   RO         4132    i.nrf_gpio_cfg_default  nrfx_uart.o
    0x0002c5c6   0x00000012   Code   RO         4321    i.nrf_gpio_cfg_default  nrfx_uarte.o
    0x0002c5d8   0x00000012   Code   RO         4133    i.nrf_gpio_cfg_input  nrfx_uart.o
    0x0002c5ea   0x00000012   Code   RO         4322    i.nrf_gpio_cfg_input  nrfx_uarte.o
    0x0002c5fc   0x00000014   Code   RO         4134    i.nrf_gpio_cfg_output  nrfx_uart.o
    0x0002c610   0x00000014   Code   RO         4323    i.nrf_gpio_cfg_output  nrfx_uarte.o
    0x0002c624   0x00000022   Code   RO         3778    i.nrf_gpio_cfg_sense_set  nrfx_gpiote.o
    0x0002c646   0x00000002   PAD
    0x0002c648   0x0000002c   Code   RO         3779    i.nrf_gpio_latches_read_and_clear  nrfx_gpiote.o
    0x0002c674   0x0000001e   Code   RO         3780    i.nrf_gpio_pin_present_check  nrfx_gpiote.o
    0x0002c692   0x00000016   Code   RO          503    i.nrf_gpio_pin_write  boards.o
    0x0002c6a8   0x00000014   Code   RO         3781    i.nrf_gpiote_event_clear  nrfx_gpiote.o
    0x0002c6bc   0x00000010   Code   RO         3782    i.nrf_gpiote_event_is_set  nrfx_gpiote.o
    0x0002c6cc   0x0000005c   Code   RO         6630    i.nrf_log_backend_add  nrf_log_frontend.o
    0x0002c728   0x000000c8   Code   RO         6475    i.nrf_log_backend_serial_put  nrf_log_backend_serial.o
    0x0002c7f0   0x00000002   Code   RO         6515    i.nrf_log_backend_uart_flush  nrf_log_backend_uart.o
    0x0002c7f2   0x00000006   Code   RO         6516    i.nrf_log_backend_uart_init  nrf_log_backend_uart.o
    0x0002c7f8   0x0000002c   Code   RO         6517    i.nrf_log_backend_uart_panic_set  nrf_log_backend_uart.o
    0x0002c824   0x00000018   Code   RO         6518    i.nrf_log_backend_uart_put  nrf_log_backend_uart.o
    0x0002c83c   0x00000030   Code   RO         6632    i.nrf_log_color_id_get  nrf_log_frontend.o
    0x0002c86c   0x0000001c   Code   RO         6588    i.nrf_log_default_backends_init  nrf_log_default_backends.o
    0x0002c888   0x00000238   Code   RO         6633    i.nrf_log_frontend_dequeue  nrf_log_frontend.o
    0x0002cac0   0x00000008   Code   RO         6635    i.nrf_log_frontend_std_0  nrf_log_frontend.o
    0x0002cac8   0x0000000e   Code   RO         6636    i.nrf_log_frontend_std_1  nrf_log_frontend.o
    0x0002cad6   0x00000010   Code   RO         6637    i.nrf_log_frontend_std_2  nrf_log_frontend.o
    0x0002cae6   0x00000012   Code   RO         6638    i.nrf_log_frontend_std_3  nrf_log_frontend.o
    0x0002caf8   0x00000014   Code   RO         6639    i.nrf_log_frontend_std_4  nrf_log_frontend.o
    0x0002cb0c   0x000000b0   Code   RO         6811    i.nrf_log_hexdump_entry_process  nrf_log_str_formatter.o
    0x0002cbbc   0x00000028   Code   RO         6642    i.nrf_log_init      nrf_log_frontend.o
    0x0002cbe4   0x00000014   Code   RO         6643    i.nrf_log_module_cnt_get  nrf_log_frontend.o
    0x0002cbf8   0x0000001c   Code   RO         6646    i.nrf_log_module_name_get  nrf_log_frontend.o
    0x0002cc14   0x00000028   Code   RO         6647    i.nrf_log_panic     nrf_log_frontend.o
    0x0002cc3c   0x000000b6   Code   RO         6812    i.nrf_log_std_entry_process  nrf_log_str_formatter.o
    0x0002ccf2   0x00000060   Code   RO         6094    i.nrf_memobj_alloc  nrf_memobj.o
    0x0002cd52   0x00000032   Code   RO         6095    i.nrf_memobj_free   nrf_memobj.o
    0x0002cd84   0x00000008   Code   RO         6096    i.nrf_memobj_get    nrf_memobj.o
    0x0002cd8c   0x00000004   Code   RO         6097    i.nrf_memobj_pool_init  nrf_memobj.o
    0x0002cd90   0x0000001e   Code   RO         6098    i.nrf_memobj_put    nrf_memobj.o
    0x0002cdae   0x00000010   Code   RO         6099    i.nrf_memobj_read   nrf_memobj.o
    0x0002cdbe   0x00000010   Code   RO         6100    i.nrf_memobj_write  nrf_memobj.o
    0x0002cdce   0x00000002   PAD
    0x0002cdd0   0x00000028   Code   RO         6172    i.nrf_pwr_mgmt_init  nrf_pwr_mgmt.o
    0x0002cdf8   0x00000044   Code   RO         6173    i.nrf_pwr_mgmt_run  nrf_pwr_mgmt.o
    0x0002ce3c   0x00000004   Code   RO           19    i.nrf_qwr_error_handler  main.o
    0x0002ce40   0x0000001c   Code   RO         6246    i.nrf_ringbuf_init  nrf_ringbuf.o
    0x0002ce5c   0x0000000c   Code   RO         4991    i.nrf_rtc_event_clear  drv_rtc.o
    0x0002ce68   0x00000014   Code   RO         7351    i.nrf_sdh_ble_app_ram_start_get  nrf_sdh_ble.o
    0x0002ce7c   0x00000100   Code   RO         7352    i.nrf_sdh_ble_default_cfg_set  nrf_sdh_ble.o
    0x0002cf7c   0x00000130   Code   RO         7353    i.nrf_sdh_ble_enable  nrf_sdh_ble.o
    0x0002d0ac   0x0000005c   Code   RO         7354    i.nrf_sdh_ble_evts_poll  nrf_sdh_ble.o
    0x0002d108   0x00000054   Code   RO         7228    i.nrf_sdh_disable_request  nrf_sdh.o
    0x0002d15c   0x00000074   Code   RO         7229    i.nrf_sdh_enable_request  nrf_sdh.o
    0x0002d1d0   0x00000024   Code   RO         7230    i.nrf_sdh_evts_poll  nrf_sdh.o
    0x0002d1f4   0x0000000c   Code   RO         7231    i.nrf_sdh_is_enabled  nrf_sdh.o
    0x0002d200   0x0000001c   Code   RO         7233    i.nrf_sdh_request_continue  nrf_sdh.o
    0x0002d21c   0x0000003c   Code   RO         7405    i.nrf_sdh_soc_evts_poll  nrf_sdh_soc.o
    0x0002d258   0x0000000a   Code   RO         6304    i.nrf_section_iter_init  nrf_section_iter.o
    0x0002d262   0x00000024   Code   RO         6305    i.nrf_section_iter_item_set  nrf_section_iter.o
    0x0002d286   0x00000020   Code   RO         6306    i.nrf_section_iter_next  nrf_section_iter.o
    0x0002d2a6   0x00000022   Code   RO         6339    i.nrf_sortlist_add  nrf_sortlist.o
    0x0002d2c8   0x00000006   Code   RO         6341    i.nrf_sortlist_peek  nrf_sortlist.o
    0x0002d2ce   0x0000000e   Code   RO         6342    i.nrf_sortlist_pop  nrf_sortlist.o
    0x0002d2dc   0x0000001e   Code   RO         6343    i.nrf_sortlist_remove  nrf_sortlist.o
    0x0002d2fa   0x00000002   PAD
    0x0002d2fc   0x00000038   Code   RO         6395    i.nrf_strerror_find  nrf_strerror.o
    0x0002d334   0x00000014   Code   RO         6396    i.nrf_strerror_get  nrf_strerror.o
    0x0002d348   0x0000000a   Code   RO         4135    i.nrf_uart_event_check  nrfx_uart.o
    0x0002d352   0x0000000c   Code   RO         4136    i.nrf_uart_event_clear  nrfx_uart.o
    0x0002d35e   0x0000000c   Code   RO         4137    i.nrf_uart_int_enable_check  nrfx_uart.o
    0x0002d36a   0x0000000a   Code   RO         4324    i.nrf_uarte_event_check  nrfx_uarte.o
    0x0002d374   0x0000000c   Code   RO         4325    i.nrf_uarte_event_clear  nrfx_uarte.o
    0x0002d380   0x00000010   Code   RO         3302    i.nrf_wdt_started   nrf_drv_clock.o
    0x0002d390   0x0000002c   Code   RO         3639    i.nrfx_clock_enable  nrfx_clock.o
    0x0002d3bc   0x00000020   Code   RO         3642    i.nrfx_clock_init   nrfx_clock.o
    0x0002d3dc   0x00000030   Code   RO         3645    i.nrfx_clock_lfclk_stop  nrfx_clock.o
    0x0002d40c   0x00000010   Code   RO         4992    i.nrfx_coredep_delay_us  drv_rtc.o
    0x0002d41c   0x000000a0   Code   RO         3788    i.nrfx_gpiote_in_event_enable  nrfx_gpiote.o
    0x0002d4bc   0x000000cc   Code   RO         3790    i.nrfx_gpiote_in_init  nrfx_gpiote.o
    0x0002d588   0x00000014   Code   RO         3791    i.nrfx_gpiote_in_is_set  nrfx_gpiote.o
    0x0002d59c   0x00000074   Code   RO         3793    i.nrfx_gpiote_init  nrfx_gpiote.o
    0x0002d610   0x00000014   Code   RO         3794    i.nrfx_gpiote_is_init  nrfx_gpiote.o
    0x0002d624   0x00000010   Code   RO         4326    i.nrfx_is_in_ram    nrfx_uarte.o
    0x0002d634   0x0000003a   Code   RO         4077    i.nrfx_prs_acquire  nrfx_prs.o
    0x0002d66e   0x00000012   Code   RO         4078    i.nrfx_prs_release  nrfx_prs.o
    0x0002d680   0x00000010   Code   RO         4138    i.nrfx_uart_0_irq_handler  nrfx_uart.o
    0x0002d690   0x000000d4   Code   RO         4140    i.nrfx_uart_init    nrfx_uart.o
    0x0002d764   0x000000a8   Code   RO         4146    i.nrfx_uart_tx      nrfx_uart.o
    0x0002d80c   0x00000020   Code   RO         4148    i.nrfx_uart_tx_in_progress  nrfx_uart.o
    0x0002d82c   0x000000c0   Code   RO         4149    i.nrfx_uart_uninit  nrfx_uart.o
    0x0002d8ec   0x00000010   Code   RO         4327    i.nrfx_uarte_0_irq_handler  nrfx_uarte.o
    0x0002d8fc   0x0000006c   Code   RO         4329    i.nrfx_uarte_init   nrfx_uarte.o
    0x0002d968   0x000000ac   Code   RO         4333    i.nrfx_uarte_tx     nrfx_uarte.o
    0x0002da14   0x0000001c   Code   RO         4335    i.nrfx_uarte_tx_in_progress  nrfx_uarte.o
    0x0002da30   0x00000108   Code   RO         4336    i.nrfx_uarte_uninit  nrfx_uarte.o
    0x0002db38   0x00000018   Code   RO         7449    i.nvmc_config       system_nrf52.o
    0x0002db50   0x000001a0   Code   RO           20    i.on_adv_evt        main.o
    0x0002dcf0   0x000000ac   Code   RO         3172    i.on_connect        ble_hids.o
    0x0002dd9c   0x000000a8   Code   RO         1812    i.on_connected_evt  nrf_ble_gatt.o
    0x0002de44   0x000000ac   Code   RO         1813    i.on_exchange_mtu_request_evt  nrf_ble_gatt.o
    0x0002def0   0x000000d0   Code   RO           21    i.on_hid_rep_char_write  main.o
    0x0002dfc0   0x00000028   Code   RO           22    i.on_hids_evt       main.o
    0x0002dfe8   0x0000005e   Code   RO         3173    i.on_protocol_mode_read_auth  ble_hids.o
    0x0002e046   0x0000003c   Code   RO         3174    i.on_report_cccd_write  ble_hids.o
    0x0002e082   0x00000084   Code   RO         3175    i.on_report_value_read_auth  ble_hids.o
    0x0002e106   0x00000076   Code   RO         3176    i.on_report_value_write  ble_hids.o
    0x0002e17c   0x000000ce   Code   RO         3177    i.on_rw_authorize_request  ble_hids.o
    0x0002e24a   0x00000002   PAD
    0x0002e24c   0x000001a8   Code   RO         3178    i.on_write          ble_hids.o
    0x0002e3f4   0x00000024   Code   RO         5173    i.page_identify     fds.o
    0x0002e418   0x0000001c   Code   RO         5174    i.page_offsets_update  fds.o
    0x0002e434   0x0000006c   Code   RO         5175    i.page_scan         fds.o
    0x0002e4a0   0x0000001c   Code   RO         5176    i.page_tag_write_data  fds.o
    0x0002e4bc   0x00000024   Code   RO         5177    i.page_tag_write_swap  fds.o
    0x0002e4e0   0x00000130   Code   RO         5178    i.pages_init        fds.o
    0x0002e610   0x0000000c   Code   RO         2752    i.pairing           security_dispatcher.o
    0x0002e61c   0x00000074   Code   RO         2753    i.pairing_failure   security_dispatcher.o
    0x0002e690   0x0000002e   Code   RO         2754    i.pairing_success_evt_send  security_dispatcher.o
    0x0002e6be   0x00000006   Code   RO         2894    i.params_reply_pending_handle  security_manager.o
    0x0002e6c4   0x00000020   Code   RO         2895    i.params_req_send   security_manager.o
    0x0002e6e4   0x0000001c   Code   RO         2086    i.pdb_evt_send      peer_database.o
    0x0002e700   0x00000090   Code   RO         2087    i.pdb_init          peer_database.o
    0x0002e790   0x0000007c   Code   RO         2088    i.pdb_pds_evt_handler  peer_database.o
    0x0002e80c   0x00000006   Code   RO         2089    i.pdb_peer_data_ptr_get  peer_database.o
    0x0002e812   0x00000002   PAD
    0x0002e814   0x0000008c   Code   RO         2090    i.pdb_peer_free     peer_database.o
    0x0002e8a0   0x000000dc   Code   RO         2091    i.pdb_write_buf_get  peer_database.o
    0x0002e97c   0x00000014   Code   RO         2092    i.pdb_write_buf_release  peer_database.o
    0x0002e990   0x00000036   Code   RO         2093    i.pdb_write_buf_store  peer_database.o
    0x0002e9c6   0x00000002   PAD
    0x0002e9c8   0x00000010   Code   RO         1948    i.pds_evt_send      peer_data_storage.o
    0x0002e9d8   0x000000dc   Code   RO         1949    i.pds_init          peer_data_storage.o
    0x0002eab4   0x00000004   Code   RO         1950    i.pds_next_deleted_peer_id_get  peer_data_storage.o
    0x0002eab8   0x00000004   Code   RO         1951    i.pds_next_peer_id_get  peer_data_storage.o
    0x0002eabc   0x00000058   Code   RO         1954    i.pds_peer_data_iterate  peer_data_storage.o
    0x0002eb14   0x00000010   Code   RO         1955    i.pds_peer_data_iterate_prepare  peer_data_storage.o
    0x0002eb24   0x00000072   Code   RO         1956    i.pds_peer_data_read  peer_data_storage.o
    0x0002eb96   0x00000002   PAD
    0x0002eb98   0x000000b4   Code   RO         1957    i.pds_peer_data_store  peer_data_storage.o
    0x0002ec4c   0x00000008   Code   RO         1958    i.pds_peer_id_allocate  peer_data_storage.o
    0x0002ec54   0x00000016   Code   RO         1959    i.pds_peer_id_free  peer_data_storage.o
    0x0002ec6a   0x00000004   Code   RO         1960    i.pds_peer_id_is_allocated  peer_data_storage.o
    0x0002ec6e   0x00000004   Code   RO         1961    i.pds_peer_id_is_deleted  peer_data_storage.o
    0x0002ec72   0x00000002   PAD
    0x0002ec74   0x000000a8   Code   RO         1962    i.peer_data_delete_process  peer_data_storage.o
    0x0002ed1c   0x00000030   Code   RO         1963    i.peer_data_find    peer_data_storage.o
    0x0002ed4c   0x00000024   Code   RO         1964    i.peer_data_id_is_valid  peer_data_storage.o
    0x0002ed70   0x0000001a   Code   RO         2094    i.peer_data_point_to_buffer  peer_database.o
    0x0002ed8a   0x00000002   PAD
    0x0002ed8c   0x0000000c   Code   RO         2207    i.peer_id_allocate  peer_id.o
    0x0002ed98   0x00000024   Code   RO         2208    i.peer_id_delete    peer_id.o
    0x0002edbc   0x0000001c   Code   RO         2209    i.peer_id_free      peer_id.o
    0x0002edd8   0x0000000c   Code   RO         2210    i.peer_id_get_next_deleted  peer_id.o
    0x0002ede4   0x00000030   Code   RO         2211    i.peer_id_get_next_used  peer_id.o
    0x0002ee14   0x0000000c   Code   RO         2212    i.peer_id_init      peer_id.o
    0x0002ee20   0x00000014   Code   RO         2213    i.peer_id_is_allocated  peer_id.o
    0x0002ee34   0x00000014   Code   RO         2214    i.peer_id_is_deleted  peer_id.o
    0x0002ee48   0x0000006c   Code   RO           23    i.peer_manager_init  main.o
    0x0002eeb4   0x000000c0   Code   RO         1659    i.peers_id_keys_get  id_manager.o
    0x0002ef74   0x00000012   Code   RO          965    i.phy_is_valid      ble_advertising.o
    0x0002ef86   0x00000002   PAD
    0x0002ef88   0x0000001c   Code   RO         3812    i.pin_configured_set  nrfx_gpiote.o
    0x0002efa4   0x00000018   Code   RO         3813    i.pin_in_use_by_port  nrfx_gpiote.o
    0x0002efbc   0x00000018   Code   RO         3814    i.pin_in_use_by_te  nrfx_gpiote.o
    0x0002efd4   0x00000064   Code   RO         2699    i.pm_buffer_block_acquire  pm_buffer.o
    0x0002f038   0x00000024   Code   RO         2700    i.pm_buffer_init    pm_buffer.o
    0x0002f05c   0x00000028   Code   RO         2701    i.pm_buffer_ptr_get  pm_buffer.o
    0x0002f084   0x00000032   Code   RO         2702    i.pm_buffer_release  pm_buffer.o
    0x0002f0b6   0x00000002   PAD
    0x0002f0b8   0x00000014   Code   RO         2301    i.pm_conn_sec_status_get  peer_manager.o
    0x0002f0cc   0x0000001c   Code   RO         2302    i.pm_conn_secure    peer_manager.o
    0x0002f0e8   0x00000014   Code   RO         2303    i.pm_device_identities_list_set  peer_manager.o
    0x0002f0fc   0x00000098   Code   RO           24    i.pm_evt_handler    main.o
    0x0002f194   0x00000004   Code   RO         2304    i.pm_gcm_evt_handler  peer_manager.o
    0x0002f198   0x00000004   Code   RO         2305    i.pm_gscm_evt_handler  peer_manager.o
    0x0002f19c   0x00000244   Code   RO         2605    i.pm_handler_flash_clean  peer_manager_handler.o
    0x0002f3e0   0x0000001c   Code   RO         2606    i.pm_handler_flash_clean_on_return  peer_manager_handler.o
    0x0002f3fc   0x00000054   Code   RO         2607    i.pm_handler_on_pm_evt  peer_manager_handler.o
    0x0002f450   0x00000310   Code   RO         2608    i.pm_handler_pm_evt_log  peer_manager_handler.o
    0x0002f760   0x00000004   Code   RO         2308    i.pm_im_evt_handler  peer_manager.o
    0x0002f764   0x000001bc   Code   RO         2309    i.pm_init           peer_manager.o
    0x0002f920   0x00000028   Code   RO         2312    i.pm_next_peer_id_get  peer_manager.o
    0x0002f948   0x00000118   Code   RO         2313    i.pm_pdb_evt_handler  peer_manager.o
    0x0002fa60   0x00000012   Code   RO         2317    i.pm_peer_data_bonding_load  peer_manager.o
    0x0002fa72   0x00000002   PAD
    0x0002fa74   0x00000028   Code   RO         2320    i.pm_peer_data_load  peer_manager.o
    0x0002fa9c   0x00000014   Code   RO         2324    i.pm_peer_delete    peer_manager.o
    0x0002fab0   0x00000110   Code   RO         2326    i.pm_peer_id_list   peer_manager.o
    0x0002fbc0   0x0000011c   Code   RO         2328    i.pm_peer_rank_highest  peer_manager.o
    0x0002fcdc   0x000000e8   Code   RO         2329    i.pm_peer_ranks_get  peer_manager.o
    0x0002fdc4   0x00000094   Code   RO         2330    i.pm_peers_delete   peer_manager.o
    0x0002fe58   0x0000002c   Code   RO         2333    i.pm_register       peer_manager.o
    0x0002fe84   0x00000014   Code   RO         2335    i.pm_sec_params_set  peer_manager.o
    0x0002fe98   0x0000000a   Code   RO         2336    i.pm_sm_evt_handler  peer_manager.o
    0x0002fea2   0x00000002   PAD
    0x0002fea4   0x0000002c   Code   RO         2337    i.pm_whitelist_get  peer_manager.o
    0x0002fed0   0x00000014   Code   RO         2338    i.pm_whitelist_set  peer_manager.o
    0x0002fee4   0x00000034   Code   RO         3123    i.pnp_id_encode     ble_dis.o
    0x0002ff18   0x000000b4   Code   RO         3815    i.port_event_handle  nrfx_gpiote.o
    0x0002ffcc   0x00000010   Code   RO         3816    i.port_handler_polarity_get  nrfx_gpiote.o
    0x0002ffdc   0x0000003c   Code   RO         6814    i.postfix_process   nrf_log_str_formatter.o
    0x00030018   0x00000098   Code   RO         6815    i.prefix_process    nrf_log_str_formatter.o
    0x000300b0   0x00000018   Code   RO         4079    i.prs_box_get       nrfx_prs.o
    0x000300c8   0x0000001c   Code   RO         5179    i.queue_buf_get     fds.o
    0x000300e4   0x00000010   Code   RO         5180    i.queue_buf_store   fds.o
    0x000300f4   0x00000014   Code   RO         5988    i.queue_free        nrf_fstorage_sd.o
    0x00030108   0x000000a4   Code   RO         5181    i.queue_process     fds.o
    0x000301ac   0x000000a0   Code   RO         5989    i.queue_process     nrf_fstorage_sd.o
    0x0003024c   0x0000001c   Code   RO         5182    i.queue_start       fds.o
    0x00030268   0x00000024   Code   RO         5990    i.queue_start       nrf_fstorage_sd.o
    0x0003028c   0x0000001c   Code   RO         2611    i.rank_highest      peer_manager_handler.o
    0x000302a8   0x00000034   Code   RO         2339    i.rank_vars_update  peer_manager.o
    0x000302dc   0x0000000e   Code   RO         5991    i.read              nrf_fstorage_sd.o
    0x000302ea   0x00000002   PAD
    0x000302ec   0x000000ac   Code   RO         2095    i.reattempt_previous_operations  peer_database.o
    0x00030398   0x00000090   Code   RO         5183    i.record_find       fds.o
    0x00030428   0x000000a0   Code   RO         5184    i.record_find_by_desc  fds.o
    0x000304c8   0x0000005c   Code   RO         5185    i.record_find_next  fds.o
    0x00030524   0x0000003c   Code   RO         5186    i.record_header_flag_dirty  fds.o
    0x00030560   0x00000088   Code   RO         5187    i.records_stat      fds.o
    0x000305e8   0x00000010   Code   RO         2216    i.release           peer_id.o
    0x000305f8   0x0000009a   Code   RO         3179    i.rep_char_add      ble_hids.o
    0x00030692   0x000000be   Code   RO         3180    i.rep_map_char_add  ble_hids.o
    0x00030750   0x000000f2   Code   RO         3181    i.rep_value_identify  ble_hids.o
    0x00030842   0x00000004   Code   RO         5992    i.rmap              nrf_fstorage_sd.o
    0x00030846   0x00000002   PAD
    0x00030848   0x0000005c   Code   RO         4739    i.rtc_irq           app_timer2.o
    0x000308a4   0x00000064   Code   RO         4740    i.rtc_schedule      app_timer2.o
    0x00030908   0x00000074   Code   RO         4741    i.rtc_update        app_timer2.o
    0x0003097c   0x00000032   Code   RO         4150    i.rx_byte           nrfx_uart.o
    0x000309ae   0x00000016   Code   RO         4151    i.rx_done_event     nrfx_uart.o
    0x000309c4   0x00000016   Code   RO         4337    i.rx_done_event     nrfx_uarte.o
    0x000309da   0x00000002   PAD
    0x000309dc   0x00000024   Code   RO         1390    i.sc_send_pending_handle  gatt_cache_manager.o
    0x00030a00   0x00000008   Code   RO         4742    i.scheduled_timeout_handler  app_timer2.o
    0x00030a08   0x00000058   Code   RO         3303    i.sd_state_evt_handler  nrf_drv_clock.o
    0x00030a60   0x00000030   Code   RO         7236    i.sdh_request_observer_notify  nrf_sdh.o
    0x00030a90   0x0000002c   Code   RO         7237    i.sdh_state_observer_notify  nrf_sdh.o
    0x00030abc   0x000000d8   Code   RO         2755    i.sec_info_request_process  security_dispatcher.o
    0x00030b94   0x000000f4   Code   RO         2756    i.sec_keyset_fill   security_dispatcher.o
    0x00030c88   0x00000076   Code   RO         2896    i.sec_params_verify  security_manager.o
    0x00030cfe   0x00000002   PAD
    0x00030d00   0x00000060   Code   RO         2757    i.sec_proc_start    security_dispatcher.o
    0x00030d60   0x0000005c   Code   RO         2897    i.sec_req_process   security_manager.o
    0x00030dbc   0x00000022   Code   RO         2758    i.send_config_req   security_dispatcher.o
    0x00030dde   0x00000002   PAD
    0x00030de0   0x00000010   Code   RO         1053    i.send_error_evt    ble_conn_params.o
    0x00030df0   0x00000080   Code   RO           25    i.send_key_scan_press_release  main.o
    0x00030e70   0x00000028   Code   RO         1391    i.send_unexpected_error  gatt_cache_manager.o
    0x00030e98   0x00000028   Code   RO         2759    i.send_unexpected_error  security_dispatcher.o
    0x00030ec0   0x0000001c   Code   RO         6425    i.sensorsim_decrement  sensorsim.o
    0x00030edc   0x0000001c   Code   RO         6426    i.sensorsim_increment  sensorsim.o
    0x00030ef8   0x00000016   Code   RO         6427    i.sensorsim_init    sensorsim.o
    0x00030f0e   0x0000001a   Code   RO         6428    i.sensorsim_measure  sensorsim.o
    0x00030f28   0x00000040   Code   RO         6519    i.serial_tx         nrf_log_backend_uart.o
    0x00030f68   0x00000014   Code   RO         1392    i.service_changed_pending_flags_check  gatt_cache_manager.o
    0x00030f7c   0x00000094   Code   RO         1551    i.service_changed_pending_set  gatts_cache_manager.o
    0x00031010   0x00000168   Code   RO         1393    i.service_changed_send_in_evt  gatt_cache_manager.o
    0x00031178   0x00000088   Code   RO          858    i.service_data_encode  ble_advdata.o
    0x00031200   0x00000004   Code   RO           26    i.service_error_handler  main.o
    0x00031204   0x000000ac   Code   RO           27    i.services_init     main.o
    0x000312b0   0x00000030   Code   RO         1320    i.set_security_req  ble_srv_common.o
    0x000312e0   0x00000028   Code   RO           28    i.sleep_mode_enter  main.o
    0x00031308   0x0000002c   Code   RO         2898    i.sm_ble_evt_handler  security_manager.o
    0x00031334   0x000000a2   Code   RO         2900    i.sm_conn_sec_status_get  security_manager.o
    0x000313d6   0x00000002   PAD
    0x000313d8   0x00000058   Code   RO         2901    i.sm_init           security_manager.o
    0x00031430   0x0000000a   Code   RO         2903    i.sm_link_secure    security_manager.o
    0x0003143a   0x00000002   PAD
    0x0003143c   0x00000044   Code   RO         2904    i.sm_pdb_evt_handler  security_manager.o
    0x00031480   0x00000028   Code   RO         2905    i.sm_sec_is_sufficient  security_manager.o
    0x000314a8   0x00000034   Code   RO         2907    i.sm_sec_params_set  security_manager.o
    0x000314dc   0x0000002c   Code   RO         2908    i.sm_smd_evt_handler  security_manager.o
    0x00031508   0x000000f4   Code   RO         2760    i.smd_ble_evt_handler  security_dispatcher.o
    0x000315fc   0x00000068   Code   RO         2762    i.smd_init          security_dispatcher.o
    0x00031664   0x00000028   Code   RO         2763    i.smd_link_secure   security_dispatcher.o
    0x0003168c   0x000000ac   Code   RO         2764    i.smd_params_reply  security_dispatcher.o
    0x00031738   0x00000040   Code   RO         2909    i.smd_params_reply_perform  security_manager.o
    0x00031778   0x00000018   Code   RO         3304    i.soc_evt_handler   nrf_drv_clock.o
    0x00031790   0x00000040   Code   RO         7238    i.softdevice_evt_irq_disable  nrf_sdh.o
    0x000317d0   0x00000058   Code   RO         7239    i.softdevices_evt_irq_enable  nrf_sdh.o
    0x00031828   0x0000000c   Code   RO         4743    i.sortlist_pop      app_timer2.o
    0x00031834   0x00000030   Code   RO         4486    i.state_set         app_button.o
    0x00031864   0x00000094   Code   RO         6649    i.std_n             nrf_log_frontend.o
    0x000318f8   0x0000006c   Code   RO         1394    i.store_car_value   gatt_cache_manager.o
    0x00031964   0x00000042   Code   RO         3124    i.sys_id_encode     ble_dis.o
    0x000319a6   0x00000002   PAD
    0x000319a8   0x00000070   Code   RO         4744    i.timer_expire      app_timer2.o
    0x00031a18   0x00000078   Code   RO         4745    i.timer_req_process  app_timer2.o
    0x00031a90   0x00000038   Code   RO         4746    i.timer_req_schedule  app_timer2.o
    0x00031ac8   0x00000018   Code   RO         4487    i.timer_start       app_button.o
    0x00031ae0   0x00000020   Code   RO         4153    i.tx_byte           nrfx_uart.o
    0x00031b00   0x0000001a   Code   RO         4154    i.tx_done_event     nrfx_uart.o
    0x00031b1a   0x0000001a   Code   RO         4338    i.tx_done_event     nrfx_uarte.o
    0x00031b34   0x00000030   Code   RO         3442    i.uart_evt_handler  nrf_drv_uart.o
    0x00031b64   0x0000000c   Code   RO         6520    i.uart_evt_handler  nrf_log_backend_uart.o
    0x00031b70   0x00000050   Code   RO         6521    i.uart_init         nrf_log_backend_uart.o
    0x00031bc0   0x0000012a   Code   RO         4155    i.uart_irq_handler  nrfx_uart.o
    0x00031cea   0x00000002   PAD
    0x00031cec   0x00000030   Code   RO         3443    i.uarte_evt_handler  nrf_drv_uart.o
    0x00031d1c   0x00000112   Code   RO         4339    i.uarte_irq_handler  nrfx_uarte.o
    0x00031e2e   0x0000000a   Code   RO          859    i.uint16_encode     ble_advdata.o
    0x00031e38   0x00000020   Code   RO         5993    i.uninit            nrf_fstorage_sd.o
    0x00031e58   0x000000b4   Code   RO         5857    i.unsigned_print    nrf_fprintf_format.o
    0x00031f0c   0x00000030   Code   RO         1395    i.update_pending_flags_check  gatt_cache_manager.o
    0x00031f3c   0x00000068   Code   RO         1054    i.update_timeout_handler  ble_conn_params.o
    0x00031fa4   0x00000018   Code   RO          966    i.use_whitelist     ble_advertising.o
    0x00031fbc   0x0000000c   Code   RO         1141    i.user_flag_is_acquired  ble_conn_state.o
    0x00031fc8   0x00000024   Code   RO         1908    i.user_mem_reply    nrf_ble_qwr.o
    0x00031fec   0x00000020   Code   RO         4488    i.usr_event         app_button.o
    0x0003200c   0x00000030   Code   RO          860    i.uuid_list_encode  ble_advdata.o
    0x0003203c   0x0000009e   Code   RO          861    i.uuid_list_sized_encode  ble_advdata.o
    0x000320da   0x0000003a   Code   RO          617    i.wakeup_button_cfg  bsp.o
    0x00032114   0x00000084   Code   RO           29    i.whitelist_set     main.o
    0x00032198   0x00000004   Code   RO         5994    i.wmap              nrf_fstorage_sd.o
    0x0003219c   0x00000050   Code   RO         5995    i.write             nrf_fstorage_sd.o
    0x000321ec   0x0000014c   Code   RO         2096    i.write_buf_store   peer_database.o
    0x00032338   0x00000034   Code   RO         2097    i.write_buffer_record_find  peer_database.o
    0x0003236c   0x00000030   Code   RO         2098    i.write_buffer_record_find_next  peer_database.o
    0x0003239c   0x0000001c   Code   RO         2099    i.write_buffer_record_invalidate  peer_database.o
    0x000323b8   0x0000002c   Code   RO         2100    i.write_buffer_record_release  peer_database.o
    0x000323e4   0x000000f4   Code   RO         5188    i.write_enqueue     fds.o
    0x000324d8   0x000000f8   Code   RO         5189    i.write_execute     fds.o
    0x000325d0   0x00000018   Code   RO         5190    i.write_space_free  fds.o
    0x000325e8   0x00000060   Code   RO         5191    i.write_space_reserve  fds.o
    0x00032648   0x00000004   Data   RO           33    .constdata          main.o
    0x0003264c   0x00000008   Data   RO          504    .constdata          boards.o
    0x00032654   0x0000002c   Data   RO          622    .constdata          bsp.o
    0x00032680   0x0000006c   Data   RO         1396    .constdata          gatt_cache_manager.o
    0x000326ec   0x00000004   Data   RO         1552    .constdata          gatts_cache_manager.o
    0x000326f0   0x00000010   Data   RO         1553    .constdata          gatts_cache_manager.o
    0x00032700   0x00000004   Data   RO         1554    .constdata          gatts_cache_manager.o
    0x00032704   0x00000008   Data   RO         1661    .constdata          id_manager.o
    0x0003270c   0x00000016   Data   RO         1814    .constdata          nrf_ble_gatt.o
    0x00032722   0x00000002   PAD
    0x00032724   0x00000018   Data   RO         1965    .constdata          peer_data_storage.o
    0x0003273c   0x00000010   Data   RO         2102    .constdata          peer_database.o
    0x0003274c   0x0000002c   Data   RO         2341    .constdata          peer_manager.o
    0x00032778   0x00000014   Data   RO         2614    .constdata          peer_manager_handler.o
    0x0003278c   0x00000078   Data   RO         2766    .constdata          security_dispatcher.o
    0x00032804   0x00000008   Data   RO         2910    .constdata          security_manager.o
    0x0003280c   0x00000004   Data   RO         3818    .constdata          nrfx_gpiote.o
    0x00032810   0x00000004   Data   RO         4158    .constdata          nrfx_uart.o
    0x00032814   0x00000004   Data   RO         4342    .constdata          nrfx_uarte.o
    0x00032818   0x00000008   Data   RO         4491    .constdata          app_button.o
    0x00032820   0x00000014   Data   RO         4749    .constdata          app_timer2.o
    0x00032834   0x0000000c   PAD
    0x00032840   0x00000006   Data   RO         4993    .constdata          drv_rtc.o
    0x00032846   0x00000002   PAD
    0x00032848   0x00000018   Data   RO         5194    .constdata          fds.o
    0x00032860   0x00000010   Data   RO         5858    .constdata          nrf_fprintf_format.o
    0x00032870   0x0000005e   Data   RO         5904    .constdata          nrf_fstorage.o
    0x000328ce   0x00000002   PAD
    0x000328d0   0x00000010   Data   RO         5998    .constdata          nrf_fstorage_sd.o
    0x000328e0   0x00000020   Data   RO         5999    .constdata          nrf_fstorage_sd.o
    0x00032900   0x00000018   Data   RO         6177    .constdata          nrf_pwr_mgmt.o
    0x00032918   0x0000000c   Data   RO         6178    .constdata          nrf_pwr_mgmt.o
    0x00032924   0x0000013c   Data   RO         6397    .constdata          nrf_strerror.o
    0x00032a60   0x0000000c   Data   RO         6523    .constdata          nrf_log_backend_uart.o
    0x00032a6c   0x00000020   Data   RO         6524    .constdata          nrf_log_backend_uart.o
    0x00032a8c   0x0000000c   Data   RO         6654    .constdata          nrf_log_frontend.o
    0x00032a98   0x00000010   Data   RO         7240    .constdata          nrf_sdh.o
    0x00032aa8   0x00000028   Data   RO         7241    .constdata          nrf_sdh.o
    0x00032ad0   0x00000010   Data   RO         7242    .constdata          nrf_sdh.o
    0x00032ae0   0x00000010   Data   RO         7243    .constdata          nrf_sdh.o
    0x00032af0   0x00000020   Data   RO         7355    .constdata          nrf_sdh_ble.o
    0x00032b10   0x00000010   Data   RO         7356    .constdata          nrf_sdh_ble.o
    0x00032b20   0x00000010   Data   RO         7406    .constdata          nrf_sdh_soc.o
    0x00032b30   0x0000000c   Data   RO         7407    .constdata          nrf_sdh_soc.o
    0x00032b3c   0x00000081   Data   RO         7509    .constdata          mc_w.l(ctype_o.o)
    0x00032bbd   0x00000003   PAD
    0x00032bc0   0x00000004   Data   RO         7510    .constdata          mc_w.l(ctype_o.o)
    0x00032bc4   0x000001a4   Data   RO         1397    .conststring        gatt_cache_manager.o
    0x00032d68   0x0000019c   Data   RO         1555    .conststring        gatts_cache_manager.o
    0x00032f04   0x000000f0   Data   RO         1662    .conststring        id_manager.o
    0x00032ff4   0x000000a2   Data   RO         1815    .conststring        nrf_ble_gatt.o
    0x00033096   0x00000002   PAD
    0x00033098   0x000000e8   Data   RO         1966    .conststring        peer_data_storage.o
    0x00033180   0x00000180   Data   RO         2103    .conststring        peer_database.o
    0x00033300   0x00000090   Data   RO         2342    .conststring        peer_manager.o
    0x00033390   0x0000030f   Data   RO         2615    .conststring        peer_manager_handler.o
    0x0003369f   0x00000001   PAD
    0x000336a0   0x000002b2   Data   RO         2767    .conststring        security_dispatcher.o
    0x00033952   0x00000002   PAD
    0x00033954   0x0000017b   Data   RO         2911    .conststring        security_manager.o
    0x00033acf   0x00000001   PAD
    0x00033ad0   0x0000004f   Data   RO         5905    .conststring        nrf_fstorage.o
    0x00033b1f   0x00000001   PAD
    0x00033b20   0x000003eb   Data   RO         6398    .conststring        nrf_strerror.o
    0x00033f0b   0x00000001   PAD
    0x00033f0c   0x00000066   Data   RO         6816    .conststring        nrf_log_str_formatter.o
    0x00033f72   0x00000002   PAD
    0x00033f74   0x00000188   Data   RO         7357    .conststring        nrf_sdh_ble.o
    0x000340fc   0x00000011   Data   RO         1398    .conststrlit        gatt_cache_manager.o
    0x0003410d   0x00000003   PAD
    0x00034110   0x00000012   Data   RO         1556    .conststrlit        gatts_cache_manager.o
    0x00034122   0x00000002   PAD
    0x00034124   0x00000010   Data   RO         1663    .conststrlit        id_manager.o
    0x00034134   0x0000000d   Data   RO         1816    .conststrlit        nrf_ble_gatt.o
    0x00034141   0x00000003   PAD
    0x00034144   0x00000011   Data   RO         1967    .conststrlit        peer_data_storage.o
    0x00034155   0x00000003   PAD
    0x00034158   0x00000011   Data   RO         2104    .conststrlit        peer_database.o
    0x00034169   0x00000003   PAD
    0x0003416c   0x0000000d   Data   RO         2343    .conststrlit        peer_manager.o
    0x00034179   0x00000003   PAD
    0x0003417c   0x00000015   Data   RO         2618    .conststrlit        peer_manager_handler.o
    0x00034191   0x00000003   PAD
    0x00034194   0x00000011   Data   RO         2768    .conststrlit        security_dispatcher.o
    0x000341a5   0x00000003   PAD
    0x000341a8   0x00000010   Data   RO         2912    .conststrlit        security_manager.o
    0x000341b8   0x00000008   Data   RO         3067    .conststrlit        ble_bas.o
    0x000341c0   0x00000006   Data   RO         3310    .conststrlit        nrf_drv_clock.o
    0x000341c6   0x00000002   PAD
    0x000341c8   0x00000006   Data   RO         3649    .conststrlit        nrfx_clock.o
    0x000341ce   0x00000002   PAD
    0x000341d0   0x00000007   Data   RO         3822    .conststrlit        nrfx_gpiote.o
    0x000341d7   0x00000001   PAD
    0x000341d8   0x00000004   Data   RO         4081    .conststrlit        nrfx_prs.o
    0x000341dc   0x00000005   Data   RO         4161    .conststrlit        nrfx_uart.o
    0x000341e1   0x00000003   PAD
    0x000341e4   0x00000006   Data   RO         4345    .conststrlit        nrfx_uarte.o
    0x000341ea   0x00000002   PAD
    0x000341ec   0x0000000b   Data   RO         4492    .conststrlit        app_button.o
    0x000341f7   0x00000001   PAD
    0x000341f8   0x0000000a   Data   RO         4750    .conststrlit        app_timer2.o
    0x00034202   0x00000002   PAD
    0x00034204   0x0000000d   Data   RO         5906    .conststrlit        nrf_fstorage.o
    0x00034211   0x00000003   PAD
    0x00034214   0x00000009   Data   RO         6179    .conststrlit        nrf_pwr_mgmt.o
    0x0003421d   0x00000003   PAD
    0x00034220   0x00000009   Data   RO         6344    .conststrlit        nrf_sortlist.o
    0x00034229   0x00000003   PAD
    0x0003422c   0x00000011   Data   RO         6589    .conststrlit        nrf_log_default_backends.o
    0x0003423d   0x00000003   PAD
    0x00034240   0x00000004   Data   RO         6655    .conststrlit        nrf_log_frontend.o
    0x00034244   0x00000008   Data   RO         7244    .conststrlit        nrf_sdh.o
    0x0003424c   0x0000000c   Data   RO         7358    .conststrlit        nrf_sdh_ble.o
    0x00034258   0x0000000c   Data   RO         7408    .conststrlit        nrf_sdh_soc.o
    0x00034264   0x00000020   Data   RO         7570    Region$$Table       anon$$obj.o
    0x00034284   0x00000010   Data   RO         6591    log_backends        nrf_log_default_backends.o
    0x00034294   0x00000008   Data   RO         1400    log_const_data      gatt_cache_manager.o
    0x0003429c   0x00000008   Data   RO         1558    log_const_data      gatts_cache_manager.o
    0x000342a4   0x00000008   Data   RO         1665    log_const_data      id_manager.o
    0x000342ac   0x00000008   Data   RO         1817    log_const_data      nrf_ble_gatt.o
    0x000342b4   0x00000008   Data   RO         1969    log_const_data      peer_data_storage.o
    0x000342bc   0x00000008   Data   RO         2106    log_const_data      peer_database.o
    0x000342c4   0x00000008   Data   RO         2345    log_const_data      peer_manager.o
    0x000342cc   0x00000008   Data   RO         2621    log_const_data      peer_manager_handler.o
    0x000342d4   0x00000008   Data   RO         2770    log_const_data      security_dispatcher.o
    0x000342dc   0x00000008   Data   RO         2914    log_const_data      security_manager.o
    0x000342e4   0x00000008   Data   RO         3068    log_const_data      ble_bas.o
    0x000342ec   0x00000008   Data   RO         3311    log_const_data      nrf_drv_clock.o
    0x000342f4   0x00000008   Data   RO         3651    log_const_data      nrfx_clock.o
    0x000342fc   0x00000008   Data   RO         3823    log_const_data      nrfx_gpiote.o
    0x00034304   0x00000008   Data   RO         4083    log_const_data      nrfx_prs.o
    0x0003430c   0x00000008   Data   RO         4162    log_const_data      nrfx_uart.o
    0x00034314   0x00000008   Data   RO         4346    log_const_data      nrfx_uarte.o
    0x0003431c   0x00000008   Data   RO         4494    log_const_data      app_button.o
    0x00034324   0x00000008   Data   RO         4753    log_const_data      app_timer2.o
    0x0003432c   0x00000008   Data   RO         5907    log_const_data      nrf_fstorage.o
    0x00034334   0x00000008   Data   RO         6181    log_const_data      nrf_pwr_mgmt.o
    0x0003433c   0x00000008   Data   RO         6345    log_const_data      nrf_sortlist.o
    0x00034344   0x00000008   Data   RO         6659    log_const_data      nrf_log_frontend.o
    0x0003434c   0x00000008   Data   RO         7246    log_const_data      nrf_sdh.o
    0x00034354   0x00000008   Data   RO         7360    log_const_data      nrf_sdh_ble.o
    0x0003435c   0x00000008   Data   RO         7409    log_const_data      nrf_sdh_soc.o
    0x00034364   0x00000014   Data   RO         6660    nrf_balloc          nrf_log_frontend.o
    0x00034378   0x00000008   Data   RO         1143    sdh_ble_observers0  ble_conn_state.o
    0x00034380   0x00000010   Data   RO           36    sdh_ble_observers1  main.o
    0x00034390   0x00000008   Data   RO          725    sdh_ble_observers1  bsp_btn_ble.o
    0x00034398   0x00000008   Data   RO         1057    sdh_ble_observers1  ble_conn_params.o
    0x000343a0   0x00000008   Data   RO         2346    sdh_ble_observers1  peer_manager.o
    0x000343a8   0x00000018   Data   RO           37    sdh_ble_observers2  main.o
    0x000343c0   0x00000008   Data   RO           38    sdh_ble_observers3  main.o
    0x000343c8   0x00000008   Data   RO         6001    sdh_req_observers0  nrf_fstorage_sd.o
    0x000343d0   0x00000008   Data   RO         3312    sdh_soc_observers0  nrf_drv_clock.o
    0x000343d8   0x00000008   Data   RO         6002    sdh_soc_observers0  nrf_fstorage_sd.o
    0x000343e0   0x00000008   Data   RO         7361    sdh_stack_observers0  nrf_sdh_ble.o
    0x000343e8   0x00000008   Data   RO         7410    sdh_stack_observers0  nrf_sdh_soc.o
    0x000343f0   0x00000008   Data   RO         3313    sdh_state_observers0  nrf_drv_clock.o
    0x000343f8   0x00000008   Data   RO         6003    sdh_state_observers0  nrf_fstorage_sd.o


    Execution Region RW_IRAM1 (Base: 0x20002250, Size: 0x00003720, Max: 0x0000ddb0, ABSOLUTE, COMPRESSED[0x0000010c])

    Base Addr    Size         Type   Attr      Idx    E Section Name        Object

    0x20002250   0x00000008   Data   RW           34    .data               main.o
    0x20002258   0x00000218   Data   RW           35    .data               main.o
    0x20002470   0x00000010   Data   RW          623    .data               bsp.o
    0x20002480   0x00000008   Data   RW          724    .data               bsp_btn_ble.o
    0x20002488   0x00000008   Data   RW         1056    .data               ble_conn_params.o
    0x20002490   0x00000010   Data   RW         1399    .data               gatt_cache_manager.o
    0x200024a0   0x0000000c   Data   RW         1557    .data               gatts_cache_manager.o
    0x200024ac   0x00000001   Data   RW         1664    .data               id_manager.o
    0x200024ad   0x00000003   PAD
    0x200024b0   0x0000000c   Data   RW         1968    .data               peer_data_storage.o
    0x200024bc   0x00000008   Data   RW         2105    .data               peer_database.o
    0x200024c4   0x00000010   Data   RW         2344    .data               peer_manager.o
    0x200024d4   0x00000060   Data   RW         2619    .data               peer_manager_handler.o
    0x20002534   0x00000005   Data   RW         2769    .data               security_dispatcher.o
    0x20002539   0x00000003   PAD
    0x2000253c   0x00000015   Data   RW         2913    .data               security_manager.o
    0x20002551   0x00000001   PAD
    0x20002552   0x0000004a   Data   RW         3125    .data               ble_dis.o
    0x2000259c   0x0000000c   Data   RW         3444    .data               nrf_drv_uart.o
    0x200025a8   0x00000008   Data   RW         3650    .data               nrfx_clock.o
    0x200025b0   0x00000008   Data   RW         4082    .data               nrfx_prs.o
    0x200025b8   0x00000018   Data   RW         4493    .data               app_button.o
    0x200025d0   0x00000010   Data   RW         4684    .data               app_scheduler.o
    0x200025e0   0x00000020   Data   RW         4751    .data               app_timer2.o
    0x20002600   0x00000004   Data   RW         4752    .data               app_timer2.o
    0x20002604   0x0000000c   Data   RW         4994    .data               drv_rtc.o
    0x20002610   0x00000030   Data   RW         5195    .data               fds.o
    0x20002640   0x00000008   Data   RW         6000    .data               nrf_fstorage_sd.o
    0x20002648   0x00000008   Data   RW         6180    .data               nrf_pwr_mgmt.o
    0x20002650   0x00000018   Data   RW         6525    .data               nrf_log_backend_uart.o
    0x20002668   0x00000008   Data   RW         6590    .data               nrf_log_default_backends.o
    0x20002670   0x00000004   Data   RW         6656    .data               nrf_log_frontend.o
    0x20002674   0x00000008   Data   RW         6657    .data               nrf_log_frontend.o
    0x2000267c   0x00000008   Data   RW         6658    .data               nrf_log_frontend.o
    0x20002684   0x00000040   Data   RW         6817    .data               nrf_log_str_formatter.o
    0x200026c4   0x00000003   Data   RW         7245    .data               nrf_sdh.o
    0x200026c7   0x00000001   Data   RW         7359    .data               nrf_sdh_ble.o
    0x200026c8   0x00000004   Data   RW         7451    .data               system_nrf52.o
    0x200026cc   0x00000014   Data   RW         5196    fs_data             fds.o
    0x200026e0   0x00000020   Zero   RW           30    .bss                main.o
    0x20002700   0x00000568   Zero   RW           31    .bss                main.o
    0x20002c68   0x00000020   Zero   RW           32    .bss                main.o
    0x20002c88   0x00000020   Zero   RW          618    .bss                bsp.o
    0x20002ca8   0x00000020   Zero   RW          619    .bss                bsp.o
    0x20002cc8   0x0000000c   Zero   RW          620    .bss                bsp.o
    0x20002cd4   0x00000004   PAD
    0x20002cd8   0x00000020   Zero   RW          621    .bss                bsp.o
    0x20002cf8   0x00000050   Zero   RW         1055    .bss                ble_conn_params.o
    0x20002d48   0x0000007c   Zero   RW         1142    .bss                ble_conn_state.o
    0x20002dc4   0x000000d8   Zero   RW         1660    .bss                id_manager.o
    0x20002e9c   0x00000180   Zero   RW         2101    .bss                peer_database.o
    0x2000301c   0x00000040   Zero   RW         2217    .bss                peer_id.o
    0x2000305c   0x0000000c   Zero   RW         2340    .bss                peer_manager.o
    0x20003068   0x00000040   Zero   RW         2765    .bss                security_dispatcher.o
    0x200030a8   0x00000014   Zero   RW         3305    .bss                nrf_drv_clock.o
    0x200030bc   0x0000005c   Zero   RW         3817    .bss                nrfx_gpiote.o
    0x20003118   0x0000002c   Zero   RW         4156    .bss                nrfx_uart.o
    0x20003144   0x00000024   Zero   RW         4340    .bss                nrfx_uarte.o
    0x20003168   0x00000020   Zero   RW         4489    .bss                app_button.o
    0x20003188   0x00000010   Zero   RW         4490    .bss                app_button.o
    0x20003198   0x00000010   Zero   RW         4747    .bss                app_timer2.o
    0x200031a8   0x00000058   Zero   RW         4748    .bss                app_timer2.o
    0x20003200   0x0000000c   Zero   RW         4881    .bss                app_util_platform.o
    0x2000320c   0x00000010   Zero   RW         5192    .bss                fds.o
    0x2000321c   0x000000e0   Zero   RW         5193    .bss                fds.o
    0x200032fc   0x00000010   Zero   RW         5996    .bss                nrf_fstorage_sd.o
    0x2000330c   0x000000a0   Zero   RW         5997    .bss                nrf_fstorage_sd.o
    0x200033ac   0x0000000c   Zero   RW         6176    .bss                nrf_pwr_mgmt.o
    0x200033b8   0x00000040   Zero   RW         6522    .bss                nrf_log_backend_uart.o
    0x200033f8   0x000000c0   Zero   RW         6650    .bss                nrf_log_frontend.o
    0x200034b8   0x00000080   Zero   RW         6651    .bss                nrf_log_frontend.o
    0x20003538   0x00000018   Zero   RW         6652    .bss                nrf_log_frontend.o
    0x20003550   0x00000420   Zero   RW         6653    .bss                nrf_log_frontend.o
    0x20003970   0x00002000   Zero   RW         7437    STACK               arm_startup_nrf52.o


==============================================================================

Image component sizes


      Code (inc. data)   RO Data    RW Data    ZI Data      Debug   Object Name

       664         68         27         24         48      18122   app_button.o
        22          0          0          0          0       2553   app_error.o
       132         46          0          0          0      34109   app_error_weak.o
       268         16          0         16          0      42057   app_scheduler.o
       878         94         38         36        104      17953   app_timer2.o
       124         14          0          0         12      10722   app_util_platform.o
        36          8        512          0       8192        952   arm_startup_nrf52.o
      1338          0          0          0          0      53748   ble_advdata.o
      1150          6          0          0          0      13071   ble_advertising.o
       502          0         16          0          0       6667   ble_bas.o
       636         44          8          8         80       9523   ble_conn_params.o
       802         66          8          0        124      17605   ble_conn_state.o
       530         12          0         74          0       5735   ble_dis.o
      3258          0          0          0          0      25755   ble_hids.o
        72          0          0          0          0       1700   ble_link_ctx_manager.o
       656          6          0          0          0       6056   ble_srv_common.o
       358         40          8          0          0      14783   boards.o
       998         84         44         16        108      16343   bsp.o
       252         10          8          8          0       4956   bsp_btn_ble.o
       704         76          6         12          0      49069   drv_rtc.o
      3864        348         24         68        240      52070   fds.o
      2152        552        553         16          0      34479   gatt_cache_manager.o
       686         84        462         12          0      16927   gatts_cache_manager.o
      1546         70        272          1        216      20458   id_manager.o
      3140        654         52        544       1448     226210   main.o
       342          0          0          0          0       6910   nrf_atfifo.o
       170          0          0          0          0       4952   nrf_atflags.o
       332          0          0          0          0      10466   nrf_atomic.o
       164          0          0          0          0       3736   nrf_balloc.o
       922        272        205          0          0      37503   nrf_ble_gatt.o
       276          0          0          0          0       4833   nrf_ble_qwr.o
       312         36         30          0         20      43936   nrf_drv_clock.o
       200         26          0         12          0      18076   nrf_drv_uart.o
        50          0          0          0          0       3633   nrf_fprintf.o
       866          4         16          0          0       6678   nrf_fprintf_format.o
       972        432        194          0          0       8256   nrf_fstorage.o
       798         82         72          8        176      16471   nrf_fstorage_sd.o
       200          0          0          0          0      11721   nrf_log_backend_serial.o
       232         44         44         24         64      16206   nrf_log_backend_uart.o
        28          4         33          8          0       3417   nrf_log_default_backends.o
      1516        128         44         20       1400      32040   nrf_log_frontend.o
       570        108        102         64          0       5808   nrf_log_str_formatter.o
       346          0          0          0          0       9799   nrf_memobj.o
       108         16         53          8         12      40018   nrf_pwr_mgmt.o
        28          0          0          0          0       2447   nrf_ringbuf.o
       592         66        104          3          0      46428   nrf_sdh.o
       672        232        468          1          0       6017   nrf_sdh_ble.o
        60          4         56          0          0       2544   nrf_sdh_soc.o
        78          0          0          0          0       2884   nrf_section_iter.o
        84          0         17          0          0       4261   nrf_sortlist.o
        76         10       1319          0          0       2843   nrf_strerror.o
       242         32         14          8          0      47380   nrfx_clock.o
      1268        106         19          0         92      66481   nrfx_gpiote.o
       112         16         12          8          0       4648   nrfx_prs.o
      1310         42         17          0         44      31141   nrfx_uart.o
      1312         42         18          0         36      26555   nrfx_uarte.o
      1176        144        281         12          0      17251   peer_data_storage.o
      1438        262        425          8        384      19966   peer_database.o
       314         38          0          0         64       9479   peer_id.o
      2132        486        217         16         12      27635   peer_manager.o
      1824        842        832         96          0       9596   peer_manager_handler.o
       234          0          0          0          0       5595   pm_buffer.o
      1944        268        835          5         64      27511   security_dispatcher.o
      1372        122        411         21          0      55234   security_manager.o
       104          0          0          0          0       3555   sensorsim.o
       156         30          0          4          0       2705   system_nrf52.o

    ----------------------------------------------------------------------
     49792       6192       7984       1168      12944    1408238   Object Totals
         0          0         32          0          0          0   (incl. Generated)
        92          0         76          7          4          0   (incl. Padding)

    ----------------------------------------------------------------------

      Code (inc. data)   RO Data    RW Data    ZI Data      Debug   Library Member Name

        86          0          0          0          0          0   __dczerorl2.o
         8          4        133          0          0         68   ctype_o.o
         0          0          0          0          0          0   entry.o
         0          0          0          0          0          0   entry10a.o
         0          0          0          0          0          0   entry11a.o
         8          4          0          0          0          0   entry2.o
         4          0          0          0          0          0   entry5.o
         0          0          0          0          0          0   entry7b.o
         0          0          0          0          0          0   entry8b.o
         8          4          0          0          0          0   entry9a.o
        30          0          0          0          0          0   handlers.o
        36          8          0          0          0         68   init.o
        30          0          0          0          0         68   llshl.o
        32          0          0          0          0         68   llushr.o
        26          0          0          0          0         80   memcmp.o
        36          0          0          0          0         68   memcpya.o
        36          0          0          0          0        108   memseta.o
        14          0          0          0          0         68   strlen.o
        98          0          0          0          0         92   uldiv.o

    ----------------------------------------------------------------------
       456         20        136          0          0        688   Library Totals
         4          0          3          0          0          0   (incl. Padding)

    ----------------------------------------------------------------------

      Code (inc. data)   RO Data    RW Data    ZI Data      Debug   Library Name

       452         20        133          0          0        688   mc_w.l

    ----------------------------------------------------------------------
       456         20        136          0          0        688   Library Totals

    ----------------------------------------------------------------------

==============================================================================


      Code (inc. data)   RO Data    RW Data    ZI Data      Debug   

     50248       6212       8120       1168      12944    1348902   Grand Totals
     50248       6212       8120        268      12944    1348902   ELF Image Totals (compressed)
     50248       6212       8120        268          0          0   ROM Totals

==============================================================================

    Total RO  Size (Code + RO Data)                58368 (  57.00kB)
    Total RW  Size (RW Data + ZI Data)             14112 (  13.78kB)
    Total ROM Size (Code + RO Data + RW Data)      58636 (  57.26kB)

==============================================================================

