Component: ARM Compiler 5.06 update 1 (build 61) Tool: armlink [4d35a8]

==============================================================================

Section Cross References

    main.o(i.advertising_init) refers to memseta.o(.text) for __aeabi_memclr4
    main.o(i.advertising_init) refers to memcpya.o(.text) for __aeabi_memcpy4
    main.o(i.advertising_init) refers to ble_advertising.o(i.ble_advertising_init) for ble_advertising_init
    main.o(i.advertising_init) refers to app_error_handler_keil.o(.emb_text) for app_error_handler
    main.o(i.advertising_init) refers to ble_advertising.o(i.ble_advertising_conn_cfg_tag_set) for ble_advertising_conn_cfg_tag_set
    main.o(i.advertising_init) refers to main.o(.data) for m_adv_uuids
    main.o(i.advertising_init) refers to main.o(.bss) for m_sp_advdata
    main.o(i.advertising_init) refers to main.o(i.on_adv_evt) for on_adv_evt
    main.o(i.advertising_init) refers to main.o(i.ble_advertising_error_handler) for ble_advertising_error_handler
    main.o(i.advertising_start) refers to main.o(i.delete_bonds) for delete_bonds
    main.o(i.advertising_start) refers to main.o(i.whitelist_set) for whitelist_set
    main.o(i.advertising_start) refers to ble_advertising.o(i.ble_advertising_start) for ble_advertising_start
    main.o(i.advertising_start) refers to app_error_handler_keil.o(.emb_text) for app_error_handler
    main.o(i.advertising_start) refers to main.o(.bss) for m_advertising
    main.o(i.assert_nrf_callback) refers to app_error_handler_keil.o(.emb_text) for app_error_handler
    main.o(i.bas_init) refers to ble_bas.o(i.ble_bas_init) for ble_bas_init
    main.o(i.bas_init) refers to app_error_handler_keil.o(.emb_text) for app_error_handler
    main.o(i.bas_init) refers to main.o(.bss) for m_bas
    main.o(i.battery_level_meas_timeout_handler) refers to main.o(i.battery_level_update) for battery_level_update
    main.o(i.battery_level_update) refers to sensorsim.o(i.sensorsim_measure) for sensorsim_measure
    main.o(i.battery_level_update) refers to ble_bas.o(i.ble_bas_battery_level_update) for ble_bas_battery_level_update
    main.o(i.battery_level_update) refers to app_error_handler_keil.o(.emb_text) for app_error_handler
    main.o(i.battery_level_update) refers to main.o(.bss) for m_battery_sim_cfg
    main.o(i.battery_level_update) refers to main.o(.data) for m_battery_sim_state
    main.o(i.ble_advertising_error_handler) refers to app_error_handler_keil.o(.emb_text) for app_error_handler
    main.o(i.ble_evt_handler) refers to nrf_log_frontend.o(i.nrf_log_frontend_std_0) for nrf_log_frontend_std_0
    main.o(i.ble_evt_handler) refers to bsp.o(i.bsp_indication_set) for bsp_indication_set
    main.o(i.ble_evt_handler) refers to app_error_handler_keil.o(.emb_text) for app_error_handler
    main.o(i.ble_evt_handler) refers to nrf_ble_qwr.o(i.nrf_ble_qwr_conn_handle_assign) for nrf_ble_qwr_conn_handle_assign
    main.o(i.ble_evt_handler) refers to nrf_log_frontend.o(log_const_data) for m_nrf_log_app_logs_data_const
    main.o(i.ble_evt_handler) refers to main.o(.data) for m_conn_handle
    main.o(i.ble_evt_handler) refers to main.o(.bss) for m_qwr
    main.o(i.ble_stack_init) refers to nrf_sdh.o(i.nrf_sdh_enable_request) for nrf_sdh_enable_request
    main.o(i.ble_stack_init) refers to app_error_handler_keil.o(.emb_text) for app_error_handler
    main.o(i.ble_stack_init) refers to nrf_sdh_ble.o(i.nrf_sdh_ble_default_cfg_set) for nrf_sdh_ble_default_cfg_set
    main.o(i.ble_stack_init) refers to nrf_sdh_ble.o(i.nrf_sdh_ble_enable) for nrf_sdh_ble_enable
    main.o(i.bsp_event_handler) refers to main.o(i.sleep_mode_enter) for sleep_mode_enter
    main.o(i.bsp_event_handler) refers to app_error_handler_keil.o(.emb_text) for app_error_handler
    main.o(i.bsp_event_handler) refers to ble_advertising.o(i.ble_advertising_restart_without_whitelist) for ble_advertising_restart_without_whitelist
    main.o(i.bsp_event_handler) refers to main.o(i.mouse_movement_send) for mouse_movement_send
    main.o(i.bsp_event_handler) refers to main.o(i.keys_send) for keys_send
    main.o(i.bsp_event_handler) refers to main.o(i.mouse_buttons_send) for mouse_buttons_send
    main.o(i.bsp_event_handler) refers to main.o(.data) for m_conn_handle
    main.o(i.bsp_event_handler) refers to main.o(.bss) for m_advertising
    main.o(i.buffer_dequeue) refers to main.o(i.send_key_scan_press_release) for send_key_scan_press_release
    main.o(i.buffer_dequeue) refers to main.o(.bss) for buffer_list
    main.o(i.buffer_enqueue) refers to main.o(.bss) for buffer_list
    main.o(i.buffer_init) refers to main.o(.bss) for buffer_list
    main.o(i.buttons_leds_init) refers to bsp.o(i.bsp_init) for bsp_init
    main.o(i.buttons_leds_init) refers to app_error_handler_keil.o(.emb_text) for app_error_handler
    main.o(i.buttons_leds_init) refers to bsp_btn_ble.o(i.bsp_btn_ble_init) for bsp_btn_ble_init
[...]
    0x0002ac88   0x0000004c   Code   RO         1713    i.db_update_pending_handle  gatt_cache_manager.o
    0x0002acd4   0x00000060   Code   RO           21    i.delete_bonds      main.o
    0x0002ad34   0x00000052   Code   RO         6246    i.delete_execute    fds.o
    0x0002ad86   0x000000be   Code   RO         1643    i.descriptor_add    ble_srv_common.o
    0x0002ae44   0x00000060   Code   RO         5515    i.detection_delay_timeout_handler  app_button.o
    0x0002aea4   0x00000084   Code   RO           22    i.dis_init          main.o
    0x0002af28   0x00000022   Code   RO         3255    i.disconnect_process  security_dispatcher.o
    0x0002af4a   0x00000002   PAD
    0x0002af4c   0x00000024   Code   RO           23    i.diy_init          main.o
    0x0002af70   0x00000274   Code   RO           24    i.diy_main          main.o
    0x0002b1e4   0x00000018   Code   RO         7963    i.dropped_sat16_get  nrf_log_frontend.o
    0x0002b1fc   0x00000016   Code   RO         6030    i.drv_rtc_compare_disable  drv_rtc.o
    0x0002b212   0x0000001a   Code   RO         6033    i.drv_rtc_compare_pending  drv_rtc.o
    0x0002b22c   0x0000005c   Code   RO         6034    i.drv_rtc_compare_set  drv_rtc.o
    0x0002b288   0x0000000c   Code   RO         6035    i.drv_rtc_counter_get  drv_rtc.o
    0x0002b294   0x00000128   Code   RO         6036    i.drv_rtc_init      drv_rtc.o
    0x0002b3bc   0x00000024   Code   RO         6037    i.drv_rtc_irq_trigger  drv_rtc.o
    0x0002b3e0   0x00000012   Code   RO         6039    i.drv_rtc_overflow_enable  drv_rtc.o
    0x0002b3f2   0x00000010   Code   RO         6040    i.drv_rtc_overflow_pending  drv_rtc.o
    0x0002b402   0x0000000e   Code   RO         6041    i.drv_rtc_start     drv_rtc.o
    0x0002b410   0x0000000e   Code   RO         6042    i.drv_rtc_stop      drv_rtc.o
    0x0002b41e   0x000000fc   Code   RO         6047    i.drv_rtc_windowed_compare_set  drv_rtc.o
    0x0002b51a   0x00000002   PAD
    0x0002b51c   0x00000050   Code   RO         3754    i.encode_hid_information  ble_hids.o
    0x0002b56c   0x00000016   Code   RO         3256    i.encryption_failure  security_dispatcher.o
    0x0002b582   0x00000002   PAD
    0x0002b584   0x00000058   Code   RO         7237    i.erase             nrf_fstorage_sd.o
    0x0002b5dc   0x0000000e   Code   RO         7238    i.erase_execute     nrf_fstorage_sd.o
    0x0002b5ea   0x0000007e   Code   RO         6247    i.event_prepare     fds.o
    0x0002b668   0x00000028   Code   RO         6248    i.event_send        fds.o
    0x0002b690   0x00000068   Code   RO         7239    i.event_send        nrf_fstorage_sd.o
    0x0002b6f8   0x000000a0   Code   RO         3440    i.events_send_from_err_code  security_manager.o
    0x0002b798   0x00000018   Code   RO         6048    i.evt_disable       drv_rtc.o
    0x0002b7b0   0x0000001c   Code   RO         6049    i.evt_enable        drv_rtc.o
    0x0002b7cc   0x0000000c   Code   RO         3441    i.evt_forward       security_manager.o
    0x0002b7d8   0x000000f0   Code   RO         5516    i.evt_handle        app_button.o
    0x0002b8c8   0x0000001c   Code   RO         6050    i.evt_pending       drv_rtc.o
    0x0002b8e4   0x00000028   Code   RO         1714    i.evt_send          gatt_cache_manager.o
    0x0002b90c   0x00000028   Code   RO         1900    i.evt_send          gatts_cache_manager.o
    0x0002b934   0x00000020   Code   RO         2000    i.evt_send          id_manager.o
    0x0002b954   0x00000028   Code   RO         2773    i.evt_send          peer_manager.o
    0x0002b97c   0x00000028   Code   RO         3257    i.evt_send          security_dispatcher.o
    0x0002b9a4   0x00000020   Code   RO         3442    i.evt_send          security_manager.o
    0x0002b9c4   0x000000f4   Code   RO         2348    i.fds_evt_handler   peer_data_storage.o
    0x0002bab8   0x0000004c   Code   RO         6250    i.fds_file_delete   fds.o
    0x0002bb04   0x00000044   Code   RO         6251    i.fds_gc            fds.o
    0x0002bb48   0x000000cc   Code   RO         6252    i.fds_init          fds.o
    0x0002bc14   0x00000068   Code   RO         6253    i.fds_record_close  fds.o
    0x0002bc7c   0x00000016   Code   RO         6255    i.fds_record_find   fds.o
    0x0002bc92   0x00000014   Code   RO         6256    i.fds_record_find_by_key  fds.o
    0x0002bca6   0x00000014   Code   RO         6257    i.fds_record_find_in_file  fds.o
    0x0002bcba   0x00000014   Code   RO         6258    i.fds_record_id_from_desc  fds.o
    0x0002bcce   0x00000002   PAD
    0x0002bcd0   0x00000050   Code   RO         6260    i.fds_record_open   fds.o
    0x0002bd20   0x0000001c   Code   RO         6261    i.fds_record_update  fds.o
    0x0002bd3c   0x00000014   Code   RO         6262    i.fds_record_write  fds.o
    0x0002bd50   0x00000034   Code   RO         6264    i.fds_register      fds.o
    0x0002bd84   0x000000c4   Code   RO         6267    i.fds_stat          fds.o
    0x0002be48   0x00000072   Code   RO         3755    i.feature_rep_characteristics_add  ble_hids.o
    0x0002beba   0x00000002   PAD
    0x0002bebc   0x00000034   Code   RO         6268    i.file_find_and_delete  fds.o
    0x0002bef0   0x0000000a   Code   RO         2349    i.file_id_to_peer_id  peer_data_storage.o
    0x0002befa   0x00000018   Code   RO         2350    i.file_id_within_pm_range  peer_data_storage.o
    0x0002bf12   0x00000012   Code   RO         3258    i.flag_id_init      security_dispatcher.o
    0x0002bf24   0x00000012   Code   RO         3443    i.flag_id_init      security_manager.o
    0x0002bf36   0x0000001e   Code   RO         1441    i.flag_toggle       ble_conn_state.o
    0x0002bf54   0x00000036   Code   RO         1055    i.flags_encode      ble_advdata.o
    0x0002bf8a   0x0000002c   Code   RO         1185    i.flags_set         ble_advertising.o
    0x0002bfb6   0x00000002   PAD
    0x0002bfb8   0x0000004c   Code   RO         3444    i.flags_set_from_err_code  security_manager.o
    0x0002c004   0x0000001c   Code   RO         6269    i.flash_bounds_set  fds.o
    0x0002c020   0x00000036   Code   RO         6270    i.flash_end_addr    fds.o
    0x0002c056   0x00000002   PAD
    0x0002c058   0x0000001c   Code   RO         6271    i.flash_subsystem_init  fds.o
    0x0002c074   0x00000032   Code   RO         1442    i.for_each_set_flag  ble_conn_state.o
    0x0002c0a6   0x0000000c   Code   RO         6272    i.fs_event_handler  fds.o
    0x0002c0b2   0x00000002   PAD
    0x0002c0b4   0x000000bc   Code   RO           25    i.gap_params_init   main.o
    0x0002c170   0x0000003c   Code   RO           26    i.gatt_init         main.o
    0x0002c1ac   0x00000074   Code   RO         6273    i.gc_execute        fds.o
    0x0002c220   0x00000040   Code   RO         6274    i.gc_init           fds.o
    0x0002c260   0x00000028   Code   RO         6275    i.gc_next_page      fds.o
    0x0002c288   0x0000004c   Code   RO         6276    i.gc_page_erase     fds.o
    0x0002c2d4   0x00000050   Code   RO         6277    i.gc_page_next      fds.o
    0x0002c324   0x00000040   Code   RO         6278    i.gc_record_copy    fds.o
    0x0002c364   0x00000024   Code   RO         6279    i.gc_record_find_next  fds.o
    0x0002c388   0x00000058   Code   RO         6280    i.gc_state_advance  fds.o
    0x0002c3e0   0x0000002c   Code   RO         6281    i.gc_swap_erase     fds.o
    0x0002c40c   0x00000060   Code   RO         6282    i.gc_swap_pages     fds.o
    0x0002c46c   0x00000024   Code   RO         6283    i.gc_swap_promote   fds.o
    0x0002c490   0x00000018   Code   RO         6284    i.gc_tag_new_swap   fds.o
    0x0002c4a8   0x00000020   Code   RO         6285    i.gc_update_swap_offset  fds.o
    0x0002c4c8   0x00000298   Code   RO         1715    i.gcm_ble_evt_handler  gatt_cache_manager.o
    0x0002c760   0x00000026   Code   RO         1716    i.gcm_im_evt_handler  gatt_cache_manager.o
    0x0002c786   0x00000002   PAD
    0x0002c788   0x000000e4   Code   RO         1717    i.gcm_init          gatt_cache_manager.o
    0x0002c86c   0x0000009c   Code   RO         1720    i.gcm_pdb_evt_handler  gatt_cache_manager.o
    0x0002c908   0x00000040   Code   RO           27    i.get_ADC           main.o
    0x0002c948   0x0000003c   Code   RO         5769    i.get_now           app_timer2.o
    0x0002c984   0x00000048   Code   RO         5517    i.gpiote_event_handler  app_button.o
    0x0002c9cc   0x0000001c   Code   RO         1901    i.gscm_db_change_notification_done  gatts_cache_manager.o
    0x0002c9e8   0x00000014   Code   RO         1902    i.gscm_init         gatts_cache_manager.o
    0x0002c9fc   0x000000b8   Code   RO         1904    i.gscm_local_db_cache_apply  gatts_cache_manager.o
    0x0002cab4   0x000000c8   Code   RO         1905    i.gscm_local_db_cache_update  gatts_cache_manager.o
    0x0002cb7c   0x0000001c   Code   RO         1906    i.gscm_pdb_evt_handler  gatts_cache_manager.o
    0x0002cb98   0x00000028   Code   RO         1907    i.gscm_service_changed_ind_needed  gatts_cache_manager.o
    0x0002cbc0   0x00000074   Code   RO         1908    i.gscm_service_changed_ind_send  gatts_cache_manager.o
    0x0002cc34   0x00000030   Code   RO         6286    i.header_check      fds.o
    0x0002cc64   0x00000016   Code   RO         6287    i.header_has_next   fds.o
    0x0002cc7a   0x0000000e   Code   RO         6288    i.header_jump       fds.o
    0x0002cc88   0x0000004e   Code   RO         3756    i.hid_control_point_char_add  ble_hids.o
    0x0002ccd6   0x00000056   Code   RO         3757    i.hid_information_char_add  ble_hids.o
    0x0002cd2c   0x00000138   Code   RO           28    i.hids_init         main.o
    0x0002ce64   0x00000068   Code   RO           29    i.identities_set    main.o
    0x0002cecc   0x00000008   Code   RO           30    i.idle_state_handle  main.o
    0x0002ced4   0x0000004c   Code   RO         2001    i.im_address_resolve  id_manager.o
    0x0002cf20   0x00000038   Code   RO         2002    i.im_ble_addr_get   id_manager.o
    0x0002cf58   0x000000ec   Code   RO         2003    i.im_ble_evt_handler  id_manager.o
    0x0002d044   0x00000040   Code   RO         2004    i.im_conn_handle_get  id_manager.o
    0x0002d084   0x000000f8   Code   RO         2005    i.im_device_identities_list_set  id_manager.o
    0x0002d17c   0x00000038   Code   RO         2006    i.im_find_duplicate_bonding_data  id_manager.o
    0x0002d1b4   0x00000090   Code   RO         2009    i.im_is_duplicate_bonding_data  id_manager.o
    0x0002d244   0x00000022   Code   RO         2010    i.im_master_id_is_valid  id_manager.o
    0x0002d266   0x00000032   Code   RO         2011    i.im_master_ids_compare  id_manager.o
    0x0002d298   0x00000014   Code   RO         2012    i.im_new_peer_id    id_manager.o
    0x0002d2ac   0x00000030   Code   RO         2013    i.im_peer_free      id_manager.o
    0x0002d2dc   0x00000028   Code   RO         2014    i.im_peer_id_get_by_conn_handle  id_manager.o
    0x0002d304   0x00000040   Code   RO         2015    i.im_peer_id_get_by_master_id  id_manager.o
    0x0002d344   0x00000048   Code   RO         2018    i.im_whitelist_get  id_manager.o
    0x0002d38c   0x00000080   Code   RO         2019    i.im_whitelist_set  id_manager.o
    0x0002d40c   0x0000002e   Code   RO         3758    i.includes_add      ble_hids.o
    0x0002d43a   0x00000002   PAD
    0x0002d43c   0x0000003c   Code   RO         7240    i.init              nrf_fstorage_sd.o
    0x0002d478   0x00000134   Code   RO         6289    i.init_execute      fds.o
    0x0002d5ac   0x00000040   Code   RO         3759    i.inp_rep_cccd_identify  ble_hids.o
    0x0002d5ec   0x00000086   Code   RO         3760    i.inp_rep_characteristics_add  ble_hids.o
    0x0002d672   0x00000002   PAD
    0x0002d674   0x0000002c   Code   RO         1328    i.instance_get      ble_conn_params.o
    0x0002d6a0   0x000000be   Code   RO         7101    i.int_print         nrf_fprintf_format.o
    0x0002d75e   0x00000002   PAD
    0x0002d760   0x0000000c   Code   RO         1721    i.internal_state_reset  gatt_cache_manager.o
    0x0002d76c   0x00000018   Code   RO         1909    i.internal_state_reset  gatts_cache_manager.o
    0x0002d784   0x00000020   Code   RO         2523    i.internal_state_reset  peer_database.o
    0x0002d7a4   0x0000000e   Code   RO         2678    i.internal_state_reset  peer_id.o
    0x0002d7b2   0x00000002   PAD
    0x0002d7b4   0x00000018   Code   RO         2774    i.internal_state_reset  peer_manager.o
    0x0002d7cc   0x00000058   Code   RO         4884    i.interrupts_disable  nrfx_uart.o
    0x0002d824   0x00000058   Code   RO         5129    i.interrupts_disable  nrfx_uarte.o
    0x0002d87c   0x00000094   Code   RO         4885    i.interrupts_enable  nrfx_uart.o
    0x0002d910   0x000000b4   Code   RO         5130    i.interrupts_enable  nrfx_uarte.o
    0x0002d9c4   0x00000046   Code   RO         7965    i.invalid_packets_omit  nrf_log_frontend.o
    0x0002da0a   0x00000002   PAD
    0x0002da0c   0x00000014   Code   RO         7241    i.is_busy           nrf_fstorage_sd.o
    0x0002da20   0x00000072   Code   RO         1329    i.is_conn_params_ok  ble_conn_params.o
    0x0002da92   0x00000018   Code   RO         2020    i.is_valid_irk      id_manager.o
    0x0002daaa   0x00000010   Code   RO         6290    i.is_word_aligned   fds.o
    0x0002daba   0x0000000c   Code   RO         3930    i.item_dequeue      nrf_drv_clock.o
    0x0002dac6   0x00000026   Code   RO         3445    i.key_is_lesc       security_manager.o
    0x0002daec   0x00000070   Code   RO           31    i.keys_send         main.o
    0x0002db5c   0x00000026   Code   RO         4464    i.latch_pending_read_and_check  nrfx_gpiote.o
    0x0002db82   0x00000002   PAD
    0x0002db84   0x00000028   Code   RO          799    i.leds_off          bsp.o
    0x0002dbac   0x00000020   Code   RO          800    i.leds_timer_handler  bsp.o
    0x0002dbcc   0x00000018   Code   RO         3932    i.lfclk_stop        nrf_drv_clock.o
    0x0002dbe4   0x00000014   Code   RO         2171    i.link_init         nrf_ble_gatt.o
    0x0002dbf8   0x000000e8   Code   RO         3446    i.link_secure       security_manager.o
    0x0002dce0   0x00000018   Code   RO         3259    i.link_secure_authenticate  security_dispatcher.o
    0x0002dcf8   0x0000003c   Code   RO         3260    i.link_secure_failure  security_dispatcher.o
    0x0002dd34   0x0000003c   Code   RO         3447    i.link_secure_pending_handle  security_manager.o
    0x0002dd70   0x00000018   Code   RO         3261    i.link_secure_peripheral  security_dispatcher.o
    0x0002dd88   0x000000c4   Code   RO         1722    i.local_db_apply_in_evt  gatt_cache_manager.o
    0x0002de4c   0x00000018   Code   RO         1723    i.local_db_update   gatt_cache_manager.o
    0x0002de64   0x00000120   Code   RO         1724    i.local_db_update_in_evt  gatt_cache_manager.o
    0x0002df84   0x0000003c   Code   RO           32    i.log_init          main.o
    0x0002dfc0   0x000000cc   Code   RO         7966    i.log_skip          nrf_log_frontend.o
    0x0002e08c   0x000000a4   Code   RO           33    i.main              main.o
    0x0002e130   0x00000018   Code   RO         3761    i.make_char_id      ble_hids.o
    0x0002e148   0x00000076   Code   RO         1056    i.manuf_specific_data_encode  ble_advdata.o
    0x0002e1be   0x000000ca   Code   RO         7372    i.memobj_op         nrf_memobj.o
    0x0002e288   0x00000038   Code   RO         7967    i.module_idx_get    nrf_log_frontend.o
    0x0002e2c0   0x000000ac   Code   RO           34    i.mouse_buttons_send  main.o
    0x0002e36c   0x000000e0   Code   RO           35    i.mouse_movement_send  main.o
    0x0002e44c   0x00000026   Code   RO         3192    i.mutex_lock        pm_buffer.o
    0x0002e472   0x00000020   Code   RO         3193    i.mutex_lock_status_get  pm_buffer.o
    0x0002e492   0x00000020   Code   RO         3194    i.mutex_unlock      pm_buffer.o
    0x0002e4b2   0x000000c8   Code   RO         1057    i.name_encode       ble_advdata.o
    0x0002e57a   0x00000002   PAD
    0x0002e57c   0x00000020   Code   RO         3448    i.new_context_get   security_manager.o
    0x0002e59c   0x00000032   Code   RO         3449    i.new_evt           security_manager.o
    0x0002e5ce   0x00000034   Code   RO         2679    i.next_id_get       peer_id.o
    0x0002e602   0x00000002   PAD
    0x0002e604   0x00000018   Code   RO         5710    i.next_index        app_scheduler.o
    0x0002e61c   0x00000058   Code   RO         8901    i.nrf52_errata_108  system_nrf52.o
    0x0002e674   0x00000058   Code   RO         8913    i.nrf52_errata_12   system_nrf52.o
    0x0002e6cc   0x00000058   Code   RO         8924    i.nrf52_errata_136  system_nrf52.o
    0x0002e724   0x0000003c   Code   RO         8943    i.nrf52_errata_16   system_nrf52.o
    0x0002e760   0x0000003c   Code   RO         8960    i.nrf52_errata_182  system_nrf52.o
    0x0002e79c   0x00000058   Code   RO         9007    i.nrf52_errata_31   system_nrf52.o
    0x0002e7f4   0x0000003c   Code   RO         9008    i.nrf52_errata_32   system_nrf52.o
    0x0002e830   0x00000058   Code   RO         9012    i.nrf52_errata_36   system_nrf52.o
    0x0002e888   0x0000003c   Code   RO         9013    i.nrf52_errata_37   system_nrf52.o
    0x0002e8c4   0x0000003c   Code   RO         9029    i.nrf52_errata_57   system_nrf52.o
    0x0002e900   0x00000058   Code   RO         9035    i.nrf52_errata_66   system_nrf52.o
    0x0002e958   0x00000016   Code   RO         6738    i.nrf_atfifo_clear  nrf_atfifo.o
    0x0002e96e   0x00000028   Code   RO         6740    i.nrf_atfifo_init   nrf_atfifo.o
    0x0002e996   0x0000001c   Code   RO         6741    i.nrf_atfifo_item_alloc  nrf_atfifo.o
    0x0002e9b2   0x0000001c   Code   RO         6742    i.nrf_atfifo_item_free  nrf_atfifo.o
    0x0002e9ce   0x0000001c   Code   RO         6743    i.nrf_atfifo_item_get  nrf_atfifo.o
    0x0002e9ea   0x0000001c   Code   RO         6744    i.nrf_atfifo_item_put  nrf_atfifo.o
    0x0002ea06   0x0000001e   Code   RO         6809    i.nrf_atflags_clear  nrf_atflags.o
    0x0002ea24   0x0000002e   Code   RO         6811    i.nrf_atflags_fetch_set  nrf_atflags.o
    0x0002ea52   0x00000060   Code   RO         6813    i.nrf_atflags_find_and_set_flag  nrf_atflags.o
    0x0002eab2   0x0000001e   Code   RO         6814    i.nrf_atflags_get   nrf_atflags.o
    0x0002ead0   0x0000001e   Code   RO         6816    i.nrf_atflags_set   nrf_atflags.o
    0x0002eaee   0x0000000e   Code   RO         6877    i.nrf_atomic_flag_clear_fetch  nrf_atomic.o
    0x0002eafc   0x0000000e   Code   RO         6878    i.nrf_atomic_flag_set  nrf_atomic.o
    0x0002eb0a   0x0000000e   Code   RO         6879    i.nrf_atomic_flag_set_fetch  nrf_atomic.o
    0x0002eb18   0x00000016   Code   RO         6880    i.nrf_atomic_u32_add  nrf_atomic.o
    0x0002eb2e   0x00000016   Code   RO         6881    i.nrf_atomic_u32_and  nrf_atomic.o
    0x0002eb44   0x00000016   Code   RO         6883    i.nrf_atomic_u32_fetch_add  nrf_atomic.o
    0x0002eb5a   0x00000016   Code   RO         6884    i.nrf_atomic_u32_fetch_and  nrf_atomic.o
    0x0002eb70   0x00000016   Code   RO         6885    i.nrf_atomic_u32_fetch_or  nrf_atomic.o
    0x0002eb86   0x00000016   Code   RO         6886    i.nrf_atomic_u32_fetch_store  nrf_atomic.o
    0x0002eb9c   0x00000016   Code   RO         6890    i.nrf_atomic_u32_or  nrf_atomic.o
    0x0002ebb2   0x00000016   Code   RO         6892    i.nrf_atomic_u32_sub  nrf_atomic.o
    0x0002ebc8   0x00000052   Code   RO         7014    i.nrf_balloc_alloc  nrf_balloc.o
    0x0002ec1a   0x00000010   Code   RO         7015    i.nrf_balloc_block2idx  nrf_balloc.o
    0x0002ec2a   0x00000030   Code   RO         7016    i.nrf_balloc_free   nrf_balloc.o
    0x0002ec5a   0x0000000c   Code   RO         7017    i.nrf_balloc_idx2block  nrf_balloc.o
    0x0002ec66   0x0000003c   Code   RO         7018    i.nrf_balloc_init   nrf_balloc.o
    0x0002eca2   0x00000016   Code   RO         4465    i.nrf_bitmask_bit_is_set  nrfx_gpiote.o
    0x0002ecb8   0x00000034   Code   RO         2177    i.nrf_ble_gatt_init  nrf_ble_gatt.o
    0x0002ecec   0x0000012c   Code   RO         2178    i.nrf_ble_gatt_on_ble_evt  nrf_ble_gatt.o
    0x0002ee18   0x00000020   Code   RO         2292    i.nrf_ble_qwr_conn_handle_assign  nrf_ble_qwr.o
    0x0002ee38   0x00000032   Code   RO         2293    i.nrf_ble_qwr_init  nrf_ble_qwr.o
    0x0002ee6a   0x0000007c   Code   RO         2294    i.nrf_ble_qwr_on_ble_evt  nrf_ble_qwr.o
    0x0002eee6   0x00000012   Code   RO         4292    i.nrf_clock_event_check  nrfx_clock.o
    0x0002eef8   0x00000012   Code   RO         4293    i.nrf_clock_event_clear  nrfx_clock.o
    0x0002ef0a   0x00000002   PAD
    0x0002ef0c   0x0000000c   Code   RO         4294    i.nrf_clock_int_disable  nrfx_clock.o
    0x0002ef18   0x00000008   Code   RO         4296    i.nrf_clock_task_trigger  nrfx_clock.o
    0x0002ef20   0x00000030   Code   RO           36    i.nrf_delay_ms      main.o
    0x0002ef50   0x0000004c   Code   RO         3938    i.nrf_drv_clock_init  nrf_drv_clock.o
    0x0002ef9c   0x00000030   Code   RO         3942    i.nrf_drv_clock_lfclk_release  nrf_drv_clock.o
    0x0002efcc   0x0000008c   Code   RO         4097    i.nrf_drv_uart_init  nrf_drv_uart.o
    0x0002f058   0x0000002a   Code   RO         7061    i.nrf_fprintf       nrf_fprintf.o
    0x0002f082   0x0000001c   Code   RO         7062    i.nrf_fprintf_buffer_flush  nrf_fprintf.o
    0x0002f09e   0x000001f0   Code   RO         7102    i.nrf_fprintf_fmt   nrf_fprintf_format.o
    0x0002f28e   0x00000002   PAD
    0x0002f290   0x00000170   Code   RO         7148    i.nrf_fstorage_erase  nrf_fstorage.o
    0x0002f400   0x000000ac   Code   RO         7149    i.nrf_fstorage_init  nrf_fstorage.o
    0x0002f4ac   0x0000001c   Code   RO         7242    i.nrf_fstorage_sdh_req_handler  nrf_fstorage_sd.o
    0x0002f4c8   0x0000002c   Code   RO         7243    i.nrf_fstorage_sdh_state_handler  nrf_fstorage_sd.o
    0x0002f4f4   0x0000008c   Code   RO         7244    i.nrf_fstorage_sys_evt_handler  nrf_fstorage_sd.o
    0x0002f580   0x00000264   Code   RO         7155    i.nrf_fstorage_write  nrf_fstorage.o
    0x0002f7e4   0x00000028   Code   RO          673    i.nrf_gpio_cfg      boards.o
    0x0002f80c   0x00000028   Code   RO         4466    i.nrf_gpio_cfg      nrfx_gpiote.o
    0x0002f834   0x00000028   Code   RO         4886    i.nrf_gpio_cfg      nrfx_uart.o
    0x0002f85c   0x00000028   Code   RO         5131    i.nrf_gpio_cfg      nrfx_uarte.o
    0x0002f884   0x00000018   Code   RO         4887    i.nrf_gpio_cfg_default  nrfx_uart.o
    0x0002f89c   0x00000018   Code   RO         5132    i.nrf_gpio_cfg_default  nrfx_uarte.o
    0x0002f8b4   0x0000002e   Code   RO           37    i.nrf_gpio_cfg_input  main.o
    0x0002f8e2   0x0000001a   Code   RO         4888    i.nrf_gpio_cfg_input  nrfx_uart.o
    0x0002f8fc   0x0000001a   Code   RO         5133    i.nrf_gpio_cfg_input  nrfx_uarte.o
    0x0002f916   0x00000018   Code   RO         4889    i.nrf_gpio_cfg_output  nrfx_uart.o
    0x0002f92e   0x00000018   Code   RO         5134    i.nrf_gpio_cfg_output  nrfx_uarte.o
    0x0002f946   0x00000032   Code   RO         4468    i.nrf_gpio_cfg_sense_set  nrfx_gpiote.o
    0x0002f978   0x00000034   Code   RO         4469    i.nrf_gpio_latches_read_and_clear  nrfx_gpiote.o
    0x0002f9ac   0x00000022   Code   RO         4471    i.nrf_gpio_pin_present_check  nrfx_gpiote.o
    0x0002f9ce   0x00000018   Code   RO           38    i.nrf_gpio_pin_read  main.o
    0x0002f9e6   0x00000018   Code   RO         4472    i.nrf_gpio_pin_read  nrfx_gpiote.o
    0x0002f9fe   0x00000016   Code   RO         4890    i.nrf_gpio_pin_set  nrfx_uart.o
    0x0002fa14   0x00000016   Code   RO         5135    i.nrf_gpio_pin_set  nrfx_uarte.o
    0x0002fa2a   0x0000003a   Code   RO          674    i.nrf_gpio_pin_write  boards.o
    0x0002fa64   0x0000000c   Code   RO         4474    i.nrf_gpiote_event_addr_get  nrfx_gpiote.o
    0x0002fa70   0x0000001c   Code   RO         4475    i.nrf_gpiote_event_clear  nrfx_gpiote.o
    0x0002fa8c   0x00000016   Code   RO         4476    i.nrf_gpiote_event_is_set  nrfx_gpiote.o
    0x0002faa2   0x00000002   PAD
    0x0002faa4   0x0000000c   Code   RO         4477    i.nrf_gpiote_int_enable  nrfx_gpiote.o
    0x0002fab0   0x00000054   Code   RO         7968    i.nrf_log_backend_add  nrf_log_frontend.o
    0x0002fb04   0x00000008   Code   RO         7915    i.nrf_log_backend_enable  nrf_log_default_backends.o
    0x0002fb0c   0x00000002   Code   RO         7744    i.nrf_log_backend_rtt_flush  nrf_log_backend_rtt.o
    0x0002fb0e   0x00000008   Code   RO         7745    i.nrf_log_backend_rtt_init  nrf_log_backend_rtt.o
    0x0002fb16   0x00000002   Code   RO         7746    i.nrf_log_backend_rtt_panic_set  nrf_log_backend_rtt.o
    0x0002fb18   0x00000020   Code   RO         7747    i.nrf_log_backend_rtt_put  nrf_log_backend_rtt.o
    0x0002fb38   0x000000f2   Code   RO         7808    i.nrf_log_backend_serial_put  nrf_log_backend_serial.o
    0x0002fc2a   0x00000002   Code   RO         7842    i.nrf_log_backend_uart_flush  nrf_log_backend_uart.o
    0x0002fc2c   0x0000000c   Code   RO         7843    i.nrf_log_backend_uart_init  nrf_log_backend_uart.o
    0x0002fc38   0x00000038   Code   RO         7844    i.nrf_log_backend_uart_panic_set  nrf_log_backend_uart.o
    0x0002fc70   0x00000020   Code   RO         7845    i.nrf_log_backend_uart_put  nrf_log_backend_uart.o
    0x0002fc90   0x00000038   Code   RO         7970    i.nrf_log_color_id_get  nrf_log_frontend.o
    0x0002fcc8   0x00000038   Code   RO         7916    i.nrf_log_default_backends_init  nrf_log_default_backends.o
    0x0002fd00   0x0000031c   Code   RO         7971    i.nrf_log_frontend_dequeue  nrf_log_frontend.o
    0x0003001c   0x00000014   Code   RO         7973    i.nrf_log_frontend_std_0  nrf_log_frontend.o
    0x00030030   0x00000018   Code   RO         7974    i.nrf_log_frontend_std_1  nrf_log_frontend.o
    0x00030048   0x00000020   Code   RO         7975    i.nrf_log_frontend_std_2  nrf_log_frontend.o
    0x00030068   0x00000028   Code   RO         7976    i.nrf_log_frontend_std_3  nrf_log_frontend.o
    0x00030090   0x0000002c   Code   RO         7977    i.nrf_log_frontend_std_4  nrf_log_frontend.o
    0x000300bc   0x00000038   Code   RO         7978    i.nrf_log_frontend_std_5  nrf_log_frontend.o
    0x000300f4   0x000000bc   Code   RO         8164    i.nrf_log_hexdump_entry_process  nrf_log_str_formatter.o
    0x000301b0   0x00000048   Code   RO         7980    i.nrf_log_init      nrf_log_frontend.o
    0x000301f8   0x00000014   Code   RO         7981    i.nrf_log_module_cnt_get  nrf_log_frontend.o
    0x0003020c   0x00000024   Code   RO         7985    i.nrf_log_module_name_get  nrf_log_frontend.o
    0x00030230   0x00000034   Code   RO         7986    i.nrf_log_panic     nrf_log_frontend.o
    0x00030264   0x000000c8   Code   RO         8165    i.nrf_log_std_entry_process  nrf_log_str_formatter.o
    0x0003032c   0x0000007a   Code   RO         7373    i.nrf_memobj_alloc  nrf_memobj.o
    0x000303a6   0x00000040   Code   RO         7374    i.nrf_memobj_free   nrf_memobj.o
    0x000303e6   0x00000010   Code   RO         7375    i.nrf_memobj_get    nrf_memobj.o
    0x000303f6   0x0000000c   Code   RO         7376    i.nrf_memobj_pool_init  nrf_memobj.o
    0x00030402   0x0000001e   Code   RO         7377    i.nrf_memobj_put    nrf_memobj.o
    0x00030420   0x00000022   Code   RO         7378    i.nrf_memobj_read   nrf_memobj.o
    0x00030442   0x00000022   Code   RO         7379    i.nrf_memobj_write  nrf_memobj.o
    0x00030464   0x00000016   Code   RO         1725    i.nrf_mtx_unlock    gatt_cache_manager.o
    0x0003047a   0x00000002   PAD
    0x0003047c   0x00000040   Code   RO         7452    i.nrf_pwr_mgmt_init  nrf_pwr_mgmt.o
    0x000304bc   0x00000028   Code   RO           39    i.nrf_qwr_error_handler  main.o
    0x000304e4   0x0000001c   Code   RO         7532    i.nrf_ringbuf_init  nrf_ringbuf.o
    0x00030500   0x0000000c   Code   RO         6051    i.nrf_rtc_cc_get    drv_rtc.o
    0x0003050c   0x0000000a   Code   RO         6052    i.nrf_rtc_cc_set    drv_rtc.o
    0x00030516   0x00000008   Code   RO         6053    i.nrf_rtc_counter_get  drv_rtc.o
    0x0003051e   0x0000000e   Code   RO         6054    i.nrf_rtc_event_clear  drv_rtc.o
    0x0003052c   0x00000006   Code   RO         6055    i.nrf_rtc_event_disable  drv_rtc.o
    0x00030532   0x00000006   Code   RO         6056    i.nrf_rtc_event_enable  drv_rtc.o
    0x00030538   0x00000006   Code   RO         6057    i.nrf_rtc_int_disable  drv_rtc.o
    0x0003053e   0x00000006   Code   RO         6058    i.nrf_rtc_int_enable  drv_rtc.o
    0x00030544   0x00000006   Code   RO         6059    i.nrf_rtc_task_trigger  drv_rtc.o
    0x0003054a   0x00000002   PAD
    0x0003054c   0x00000010   Code   RO         5351    i.nrf_saadc_buffer_init  nrfx_saadc.o
    0x0003055c   0x00000018   Code   RO         5352    i.nrf_saadc_channel_input_set  nrfx_saadc.o
    0x00030574   0x00000014   Code   RO         5353    i.nrf_saadc_event_check  nrfx_saadc.o
    0x00030588   0x00000018   Code   RO         5354    i.nrf_saadc_event_clear  nrfx_saadc.o
    0x000305a0   0x0000000c   Code   RO         5355    i.nrf_saadc_int_disable  nrfx_saadc.o
    0x000305ac   0x0000000c   Code   RO         5356    i.nrf_saadc_int_enable  nrfx_saadc.o
    0x000305b8   0x0000000c   Code   RO         5358    i.nrf_saadc_task_trigger  nrfx_saadc.o
    0x000305c4   0x00000018   Code   RO         8713    i.nrf_sdh_ble_app_ram_start_get  nrf_sdh_ble.o
    0x000305dc   0x0000015c   Code   RO         8714    i.nrf_sdh_ble_default_cfg_set  nrf_sdh_ble.o
    0x00030738   0x0000014c   Code   RO         8715    i.nrf_sdh_ble_enable  nrf_sdh_ble.o
    0x00030884   0x000000b4   Code   RO         8716    i.nrf_sdh_ble_evts_poll  nrf_sdh_ble.o
    0x00030938   0x00000064   Code   RO         8580    i.nrf_sdh_disable_request  nrf_sdh.o
    0x0003099c   0x00000084   Code   RO         8581    i.nrf_sdh_enable_request  nrf_sdh.o
    0x00030a20   0x00000030   Code   RO         8582    i.nrf_sdh_evts_poll  nrf_sdh.o
    0x00030a50   0x0000000c   Code   RO         8583    i.nrf_sdh_is_enabled  nrf_sdh.o
    0x00030a5c   0x00000028   Code   RO         8585    i.nrf_sdh_request_continue  nrf_sdh.o
    0x00030a84   0x00000098   Code   RO         8772    i.nrf_sdh_soc_evts_poll  nrf_sdh_soc.o
    0x00030b1c   0x00000006   Code   RO         8588    i.nrf_section_iter_get  nrf_sdh.o
    0x00030b22   0x00000014   Code   RO         7590    i.nrf_section_iter_init  nrf_section_iter.o
    0x00030b36   0x0000002e   Code   RO         7591    i.nrf_section_iter_item_set  nrf_section_iter.o
    0x00030b64   0x0000002e   Code   RO         7592    i.nrf_section_iter_next  nrf_section_iter.o
    0x00030b92   0x00000028   Code   RO         7625    i.nrf_sortlist_add  nrf_sortlist.o
    0x00030bba   0x00000008   Code   RO         7627    i.nrf_sortlist_peek  nrf_sortlist.o
    0x00030bc2   0x00000018   Code   RO         7628    i.nrf_sortlist_pop  nrf_sortlist.o
    0x00030bda   0x00000026   Code   RO         7629    i.nrf_sortlist_remove  nrf_sortlist.o
    0x00030c00   0x00000040   Code   RO         7681    i.nrf_strerror_find  nrf_strerror.o
    0x00030c40   0x0000001c   Code   RO         7682    i.nrf_strerror_get  nrf_strerror.o
    0x00030c5c   0x0000000c   Code   RO         4891    i.nrf_uart_errorsrc_get_and_clear  nrfx_uart.o
    0x00030c68   0x0000000e   Code   RO         4892    i.nrf_uart_event_check  nrfx_uart.o
    0x00030c76   0x0000000e   Code   RO         4893    i.nrf_uart_event_clear  nrfx_uart.o
    0x00030c84   0x0000000a   Code   RO         4894    i.nrf_uart_hwfc_pins_set  nrfx_uart.o
    0x00030c8e   0x00000006   Code   RO         4895    i.nrf_uart_int_disable  nrfx_uart.o
    0x00030c94   0x00000006   Code   RO         4896    i.nrf_uart_int_enable  nrfx_uart.o
    0x00030c9a   0x00000012   Code   RO         4897    i.nrf_uart_int_enable_check  nrfx_uart.o
    0x00030cac   0x00000006   Code   RO         4898    i.nrf_uart_task_trigger  nrfx_uart.o
    0x00030cb2   0x0000000a   Code   RO         4899    i.nrf_uart_txrx_pins_set  nrfx_uart.o
    0x00030cbc   0x0000000c   Code   RO         5136    i.nrf_uarte_errorsrc_get_and_clear  nrfx_uarte.o
    0x00030cc8   0x0000000e   Code   RO         5137    i.nrf_uarte_event_check  nrfx_uarte.o
    0x00030cd6   0x0000000e   Code   RO         5138    i.nrf_uarte_event_clear  nrfx_uarte.o
    0x00030ce4   0x0000000c   Code   RO         5139    i.nrf_uarte_hwfc_pins_set  nrfx_uarte.o
    0x00030cf0   0x00000006   Code   RO         5140    i.nrf_uarte_int_disable  nrfx_uarte.o
    0x00030cf6   0x00000006   Code   RO         5141    i.nrf_uarte_int_enable  nrfx_uarte.o
    0x00030cfc   0x0000000a   Code   RO         5142    i.nrf_uarte_rx_amount_get  nrfx_uarte.o
    0x00030d06   0x0000000c   Code   RO         5143    i.nrf_uarte_shorts_disable  nrfx_uarte.o
    0x00030d12   0x00000006   Code   RO         5144    i.nrf_uarte_task_trigger  nrfx_uarte.o
    0x00030d18   0x0000000a   Code   RO         5145    i.nrf_uarte_tx_amount_get  nrfx_uarte.o
    0x00030d22   0x0000000e   Code   RO         5146    i.nrf_uarte_txrx_pins_set  nrfx_uarte.o
    0x00030d30   0x00000014   Code   RO         3945    i.nrf_wdt_started   nrf_drv_clock.o
    0x00030d44   0x00000014   Code   RO         4302    i.nrfx_clock_enable  nrfx_clock.o
    0x00030d58   0x00000024   Code   RO         4305    i.nrfx_clock_init   nrfx_clock.o
    0x00030d7c   0x0000002c   Code   RO         4308    i.nrfx_clock_lfclk_stop  nrfx_clock.o
    0x00030da8   0x00000018   Code   RO         5359    i.nrfx_coredep_delay_us  nrfx_saadc.o
    0x00030dc0   0x00000018   Code   RO         6060    i.nrfx_coredep_delay_us  drv_rtc.o
    0x00030dd8   0x00000008   Code   RO         4310    i.nrfx_get_irq_number  nrfx_clock.o
    0x00030de0   0x00000008   Code   RO         4480    i.nrfx_get_irq_number  nrfx_gpiote.o
    0x00030de8   0x00000008   Code   RO         4900    i.nrfx_get_irq_number  nrfx_uart.o
    0x00030df0   0x00000008   Code   RO         5147    i.nrfx_get_irq_number  nrfx_uarte.o
    0x00030df8   0x000000ac   Code   RO         4486    i.nrfx_gpiote_in_event_enable  nrfx_gpiote.o
    0x00030ea4   0x000000f4   Code   RO         4488    i.nrfx_gpiote_in_init  nrfx_gpiote.o
    0x00030f98   0x00000014   Code   RO         4489    i.nrfx_gpiote_in_is_set  nrfx_gpiote.o
    0x00030fac   0x000000d4   Code   RO         4491    i.nrfx_gpiote_init  nrfx_gpiote.o
    0x00031080   0x00000014   Code   RO         4492    i.nrfx_gpiote_is_init  nrfx_gpiote.o
    0x00031094   0x00000014   Code   RO         5148    i.nrfx_is_in_ram    nrfx_uarte.o
    0x000310a8   0x000000b0   Code   RO         4311    i.nrfx_power_clock_irq_init  nrfx_clock.o
    0x00031158   0x0000004e   Code   RO         4830    i.nrfx_prs_acquire  nrfx_prs.o
    0x000311a6   0x00000016   Code   RO         4831    i.nrfx_prs_release  nrfx_prs.o
    0x000311bc   0x000000d8   Code   RO         5363    i.nrfx_saadc_channel_init  nrfx_saadc.o
    0x00031294   0x000000f8   Code   RO         5365    i.nrfx_saadc_init   nrfx_saadc.o
    0x0003138c   0x000000fc   Code   RO         5369    i.nrfx_saadc_sample_convert  nrfx_saadc.o
    0x00031488   0x00000014   Code   RO         4901    i.nrfx_uart_0_irq_handler  nrfx_uart.o
    0x0003149c   0x00000088   Code   RO         4903    i.nrfx_uart_init    nrfx_uart.o
    0x00031524   0x0000008c   Code   RO         4909    i.nrfx_uart_tx      nrfx_uart.o
    0x000315b0   0x00000024   Code   RO         4911    i.nrfx_uart_tx_in_progress  nrfx_uart.o
    0x000315d4   0x00000044   Code   RO         4912    i.nrfx_uart_uninit  nrfx_uart.o
    0x00031618   0x00000014   Code   RO         5149    i.nrfx_uarte_0_irq_handler  nrfx_uarte.o
    0x0003162c   0x00000080   Code   RO         5151    i.nrfx_uarte_init   nrfx_uarte.o
    0x000316ac   0x000000c0   Code   RO         5155    i.nrfx_uarte_tx     nrfx_uarte.o
    0x0003176c   0x00000020   Code   RO         5157    i.nrfx_uarte_tx_in_progress  nrfx_uarte.o
    0x0003178c   0x00000094   Code   RO         5158    i.nrfx_uarte_uninit  nrfx_uarte.o
    0x00031820   0x00000330   Code   RO           40    i.on_adv_evt        main.o
    0x00031b50   0x00000014   Code   RO         5770    i.on_compare1_evt   app_timer2.o
    0x00031b64   0x00000020   Code   RO         5771    i.on_compare_evt    app_timer2.o
    0x00031b84   0x00000030   Code   RO         1330    i.on_conn_params_update  ble_conn_params.o
    0x00031bb4   0x00000070   Code   RO         1331    i.on_connect        ble_conn_params.o
    0x00031c24   0x0000007c   Code   RO         3762    i.on_connect        ble_hids.o
    0x00031ca0   0x0000000e   Code   RO         1186    i.on_connected      ble_advertising.o
    0x00031cae   0x00000002   PAD
    0x00031cb0   0x00000138   Code   RO         2179    i.on_connected_evt  nrf_ble_gatt.o
    0x00031de8   0x0000006e   Code   RO         3763    i.on_control_point_write  ble_hids.o
    0x00031e56   0x00000002   PAD
    0x00031e58   0x00000150   Code   RO         2180    i.on_data_length_update_evt  nrf_ble_gatt.o
    0x00031fa8   0x00000090   Code   RO         2181    i.on_data_length_update_request_evt  nrf_ble_gatt.o
    0x00032038   0x00000032   Code   RO         1332    i.on_disconnect     ble_conn_params.o
    0x0003206a   0x00000032   Code   RO         1187    i.on_disconnected   ble_advertising.o
    0x0003209c   0x00000014   Code   RO         2182    i.on_disconnected_evt  nrf_ble_gatt.o
    0x000320b0   0x0000017c   Code   RO         2183    i.on_exchange_mtu_request_evt  nrf_ble_gatt.o
    0x0003222c   0x000000c0   Code   RO         2184    i.on_exchange_mtu_rsp_evt  nrf_ble_gatt.o
    0x000322ec   0x0000002c   Code   RO           42    i.on_hids_evt       main.o
    0x00032318   0x00000024   Code   RO         7245    i.on_operation_failure  nrf_fstorage_sd.o
    0x0003233c   0x00000060   Code   RO         7246    i.on_operation_success  nrf_fstorage_sd.o
    0x0003239c   0x0000001c   Code   RO         5772    i.on_overflow_evt   app_timer2.o
    0x000323b8   0x00000074   Code   RO         3764    i.on_protocol_mode_read_auth  ble_hids.o
    0x0003242c   0x0000006e   Code   RO         3765    i.on_protocol_mode_write  ble_hids.o
    0x0003249a   0x00000042   Code   RO         3766    i.on_report_cccd_write  ble_hids.o
    0x000324dc   0x000000ac   Code   RO         3767    i.on_report_value_read_auth  ble_hids.o
    0x00032588   0x0000008e   Code   RO         3768    i.on_report_value_write  ble_hids.o
    0x00032616   0x0000006a   Code   RO         2295    i.on_rw_authorize_request  nrf_ble_qwr.o
    0x00032680   0x000000fe   Code   RO         3769    i.on_rw_authorize_request  ble_hids.o
    0x0003277e   0x00000040   Code   RO         1188    i.on_terminated     ble_advertising.o
    0x000327be   0x00000002   Code   RO         2296    i.on_user_mem_release  nrf_ble_qwr.o
    0x000327c0   0x00000020   Code   RO         2297    i.on_user_mem_request  nrf_ble_qwr.o
    0x000327e0   0x00000058   Code   RO         1333    i.on_write          ble_conn_params.o
    0x00032838   0x0000004e   Code   RO         3636    i.on_write          ble_bas.o
    0x00032886   0x0000016c   Code   RO         3770    i.on_write          ble_hids.o
    0x000329f2   0x00000080   Code   RO         3771    i.outp_rep_characteristics_add  ble_hids.o
    0x00032a72   0x00000002   PAD
    0x00032a74   0x00000034   Code   RO         6291    i.page_can_tag      fds.o
    0x00032aa8   0x00000048   Code   RO         6292    i.page_from_record  fds.o
    0x00032af0   0x00000034   Code   RO         6293    i.page_has_space    fds.o
    0x00032b24   0x00000030   Code   RO         6294    i.page_identify     fds.o
    0x00032b54   0x0000001c   Code   RO         6295    i.page_offsets_update  fds.o
    0x00032b70   0x00000078   Code   RO         6296    i.page_scan         fds.o
    0x00032be8   0x00000020   Code   RO         6297    i.page_tag_write_data  fds.o
    0x00032c08   0x00000024   Code   RO         6298    i.page_tag_write_swap  fds.o
    0x00032c2c   0x00000170   Code   RO         6299    i.pages_init        fds.o
    0x00032d9c   0x00000014   Code   RO         3262    i.pairing           security_dispatcher.o
    0x00032db0   0x00000080   Code   RO         3263    i.pairing_failure   security_dispatcher.o
    0x00032e30   0x00000034   Code   RO         3264    i.pairing_success_evt_send  security_dispatcher.o
    0x00032e64   0x00000010   Code   RO         3450    i.params_reply_pending_handle  security_manager.o
    0x00032e74   0x00000022   Code   RO         3451    i.params_req_send   security_manager.o
    0x00032e96   0x00000002   PAD
    0x00032e98   0x00000020   Code   RO         2524    i.pdb_evt_send      peer_database.o
    0x00032eb8   0x00000088   Code   RO         2525    i.pdb_init          peer_database.o
    0x00032f40   0x0000006c   Code   RO         2526    i.pdb_pds_evt_handler  peer_database.o
    0x00032fac   0x00000016   Code   RO         2527    i.pdb_peer_data_ptr_get  peer_database.o
    0x00032fc2   0x00000002   PAD
    0x00032fc4   0x000000ac   Code   RO         2528    i.pdb_peer_free     peer_database.o
    0x00033070   0x000000f0   Code   RO         2529    i.pdb_write_buf_get  peer_database.o
    0x00033160   0x00000020   Code   RO         2530    i.pdb_write_buf_release  peer_database.o
    0x00033180   0x00000044   Code   RO         2531    i.pdb_write_buf_store  peer_database.o
    0x000331c4   0x00000024   Code   RO         2351    i.pds_evt_send      peer_data_storage.o
    0x000331e8   0x000000b0   Code   RO         2352    i.pds_init          peer_data_storage.o
    0x00033298   0x0000000c   Code   RO         2353    i.pds_next_deleted_peer_id_get  peer_data_storage.o
    0x000332a4   0x0000000c   Code   RO         2354    i.pds_next_peer_id_get  peer_data_storage.o
    0x000332b0   0x0000006c   Code   RO         2357    i.pds_peer_data_iterate  peer_data_storage.o
    0x0003331c   0x00000010   Code   RO         2358    i.pds_peer_data_iterate_prepare  peer_data_storage.o
    0x0003332c   0x0000009a   Code   RO         2359    i.pds_peer_data_read  peer_data_storage.o
    0x000333c6   0x00000002   PAD
    0x000333c8   0x000000d4   Code   RO         2360    i.pds_peer_data_store  peer_data_storage.o
    0x0003349c   0x0000000c   Code   RO         2361    i.pds_peer_id_allocate  peer_data_storage.o
    0x000334a8   0x0000001e   Code   RO         2362    i.pds_peer_id_free  peer_data_storage.o
    0x000334c6   0x0000000c   Code   RO         2363    i.pds_peer_id_is_allocated  peer_data_storage.o
    0x000334d2   0x0000000c   Code   RO         2364    i.pds_peer_id_is_deleted  peer_data_storage.o
    0x000334de   0x0000001c   Code   RO         2532    i.peer_data_const_point_to_buffer  peer_database.o
    0x000334fa   0x00000002   PAD
    0x000334fc   0x000000a8   Code   RO         2365    i.peer_data_delete_process  peer_data_storage.o
    0x000335a4   0x00000040   Code   RO         2366    i.peer_data_find    peer_data_storage.o
    0x000335e4   0x00000026   Code   RO         2367    i.peer_data_id_is_valid  peer_data_storage.o
    0x0003360a   0x0000000a   Code   RO         2368    i.peer_data_id_to_record_key  peer_data_storage.o
    0x00033614   0x0000001a   Code   RO         2533    i.peer_data_point_to_buffer  peer_database.o
    0x0003362e   0x00000002   PAD
    0x00033630   0x00000014   Code   RO         2680    i.peer_id_allocate  peer_id.o
    0x00033644   0x0000002c   Code   RO         2681    i.peer_id_delete    peer_id.o
    0x00033670   0x0000001c   Code   RO         2682    i.peer_id_free      peer_id.o
    0x0003368c   0x00000014   Code   RO         2683    i.peer_id_get_next_deleted  peer_id.o
    0x000336a0   0x00000038   Code   RO         2684    i.peer_id_get_next_used  peer_id.o
    0x000336d8   0x00000010   Code   RO         2685    i.peer_id_init      peer_id.o
    0x000336e8   0x0000001c   Code   RO         2686    i.peer_id_is_allocated  peer_id.o
    0x00033704   0x0000001c   Code   RO         2687    i.peer_id_is_deleted  peer_id.o
    0x00033720   0x0000000a   Code   RO         2369    i.peer_id_to_file_id  peer_data_storage.o
    0x0003372a   0x00000046   Code   RO         2370    i.peer_ids_load     peer_data_storage.o
    0x00033770   0x00000018   Code   RO         2775    i.peer_is_irk       peer_manager.o
    0x00033788   0x0000010c   Code   RO           43    i.peer_manager_init  main.o
    0x00033894   0x000000d2   Code   RO         2021    i.peers_id_keys_get  id_manager.o
    0x00033966   0x00000016   Code   RO         1189    i.phy_is_valid      ble_advertising.o
    0x0003397c   0x00000020   Code   RO         4510    i.pin_configured_set  nrfx_gpiote.o
    0x0003399c   0x0000001c   Code   RO         4511    i.pin_in_use_by_gpiote  nrfx_gpiote.o
    0x000339b8   0x00000018   Code   RO         4512    i.pin_in_use_by_port  nrfx_gpiote.o
    0x000339d0   0x00000020   Code   RO         4513    i.pin_in_use_by_te  nrfx_gpiote.o
    0x000339f0   0x0000000c   Code   RO         4514    i.pin_in_use_clear  nrfx_gpiote.o
    0x000339fc   0x00000078   Code   RO         4913    i.pins_to_default   nrfx_uart.o
    0x00033a74   0x0000007e   Code   RO         5159    i.pins_to_default   nrfx_uarte.o
    0x00033af2   0x00000062   Code   RO         3195    i.pm_buffer_block_acquire  pm_buffer.o
    0x00033b54   0x0000002a   Code   RO         3196    i.pm_buffer_init    pm_buffer.o
    0x00033b7e   0x00000030   Code   RO         3197    i.pm_buffer_ptr_get  pm_buffer.o
    0x00033bae   0x00000028   Code   RO         3198    i.pm_buffer_release  pm_buffer.o
    0x00033bd6   0x00000012   Code   RO         2778    i.pm_conn_sec_config_reply  peer_manager.o
    0x00033be8   0x00000024   Code   RO         2780    i.pm_conn_sec_status_get  peer_manager.o
    0x00033c0c   0x0000002c   Code   RO         2781    i.pm_conn_secure    peer_manager.o
    0x00033c38   0x00000024   Code   RO         2782    i.pm_device_identities_list_set  peer_manager.o
    0x00033c5c   0x000000d8   Code   RO           44    i.pm_evt_handler    main.o
    0x00033d34   0x0000000c   Code   RO         2783    i.pm_gcm_evt_handler  peer_manager.o
    0x00033d40   0x0000000c   Code   RO         2784    i.pm_gscm_evt_handler  peer_manager.o
    0x00033d4c   0x00000358   Code   RO         3098    i.pm_handler_flash_clean  peer_manager_handler.o
    0x000340a4   0x0000001c   Code   RO         3099    i.pm_handler_flash_clean_on_return  peer_manager_handler.o
    0x000340c0   0x00000064   Code   RO         3100    i.pm_handler_on_pm_evt  peer_manager_handler.o
    0x00034124   0x000003d8   Code   RO         3101    i.pm_handler_pm_evt_log  peer_manager_handler.o
    0x000344fc   0x0000000c   Code   RO         2787    i.pm_im_evt_handler  peer_manager.o
    0x00034508   0x0000023c   Code   RO         2788    i.pm_init           peer_manager.o
    0x00034744   0x00000030   Code   RO         2791    i.pm_next_peer_id_get  peer_manager.o
    0x00034774   0x0000017c   Code   RO         2792    i.pm_pdb_evt_handler  peer_manager.o
    0x000348f0   0x00000018   Code   RO         2796    i.pm_peer_data_bonding_load  peer_manager.o
    0x00034908   0x0000004c   Code   RO         2799    i.pm_peer_data_load  peer_manager.o
    0x00034954   0x00000020   Code   RO         2803    i.pm_peer_delete    peer_manager.o
    0x00034974   0x0000015c   Code   RO         2805    i.pm_peer_id_list   peer_manager.o
    0x00034ad0   0x00000144   Code   RO         2807    i.pm_peer_rank_highest  peer_manager.o
    0x00034c14   0x00000114   Code   RO         2808    i.pm_peer_ranks_get  peer_manager.o
    0x00034d28   0x000000b4   Code   RO         2809    i.pm_peers_delete   peer_manager.o
    0x00034ddc   0x00000040   Code   RO         2812    i.pm_register       peer_manager.o
    0x00034e1c   0x00000024   Code   RO         2814    i.pm_sec_params_set  peer_manager.o
    0x00034e40   0x00000016   Code   RO         2815    i.pm_sm_evt_handler  peer_manager.o
    0x00034e56   0x00000002   PAD
    0x00034e58   0x00000040   Code   RO         2816    i.pm_whitelist_get  peer_manager.o
    0x00034e98   0x00000024   Code   RO         2817    i.pm_whitelist_set  peer_manager.o
    0x00034ebc   0x000000d8   Code   RO         3697    i.pnp_id_encode     ble_dis.o
    0x00034f94   0x000000c0   Code   RO         4515    i.port_event_handle  nrfx_gpiote.o
    0x00035054   0x00000010   Code   RO         4516    i.port_handler_pin_get  nrfx_gpiote.o
    0x00035064   0x00000010   Code   RO         4517    i.port_handler_polarity_get  nrfx_gpiote.o
    0x00035074   0x00000048   Code   RO         8167    i.postfix_process   nrf_log_str_formatter.o
    0x000350bc   0x00000034   Code   RO           45    i.power_management_init  main.o
    0x000350f0   0x000000a4   Code   RO         8168    i.prefix_process    nrf_log_str_formatter.o
    0x00035194   0x00000066   Code   RO         3772    i.protocol_mode_char_add  ble_hids.o
    0x000351fa   0x00000002   PAD
    0x000351fc   0x00000018   Code   RO         4832    i.prs_box_get       nrfx_prs.o
    0x00035214   0x00000020   Code   RO         6300    i.queue_buf_get     fds.o
    0x00035234   0x00000014   Code   RO         6301    i.queue_buf_store   fds.o
    0x00035248   0x00000014   Code   RO         6302    i.queue_free        fds.o
    0x0003525c   0x00000018   Code   RO         7247    i.queue_free        nrf_fstorage_sd.o
    0x00035274   0x00000018   Code   RO         6303    i.queue_has_next    fds.o
    0x0003528c   0x0000001c   Code   RO         6304    i.queue_init        fds.o
    0x000352a8   0x00000014   Code   RO         6305    i.queue_load        fds.o
    0x000352bc   0x0000002c   Code   RO         7248    i.queue_load_next   nrf_fstorage_sd.o
    0x000352e8   0x000000c4   Code   RO         6306    i.queue_process     fds.o
    0x000353ac   0x00000090   Code   RO         7249    i.queue_process     nrf_fstorage_sd.o
    0x0003543c   0x00000018   Code   RO         6307    i.queue_start       fds.o
    0x00035454   0x0000001c   Code   RO         7250    i.queue_start       nrf_fstorage_sd.o
    0x00035470   0x00000048   Code   RO           46    i.qwr_init          main.o
    0x000354b8   0x00000010   Code   RO         8717    i.ram_end_address_get  nrf_sdh_ble.o
    0x000354c8   0x0000001c   Code   RO         3104    i.rank_highest      peer_manager_handler.o
    0x000354e4   0x00000008   Code   RO         2818    i.rank_init         peer_manager.o
    0x000354ec   0x00000040   Code   RO         2819    i.rank_vars_update  peer_manager.o
    0x0003552c   0x0000001c   Code   RO         7251    i.read              nrf_fstorage_sd.o
    0x00035548   0x00000078   Code   RO         2534    i.reattempt_previous_operations  peer_database.o
    0x000355c0   0x00000028   Code   RO         1443    i.record_activate   ble_conn_state.o
    0x000355e8   0x00000094   Code   RO         6308    i.record_find       fds.o
    0x0003567c   0x0000003c   Code   RO         6309    i.record_find_and_delete  fds.o
    0x000356b8   0x0000007c   Code   RO         6310    i.record_find_by_desc  fds.o
    0x00035734   0x00000078   Code   RO         6311    i.record_find_next  fds.o
    0x000357ac   0x00000040   Code   RO         6312    i.record_header_flag_dirty  fds.o
    0x000357ec   0x0000002c   Code   RO         6313    i.record_header_write_begin  fds.o
    0x00035818   0x00000038   Code   RO         6314    i.record_header_write_finalize  fds.o
    0x00035850   0x00000038   Code   RO         6315    i.record_header_write_id  fds.o
    0x00035888   0x00000010   Code   RO         6316    i.record_id_new     fds.o
    0x00035898   0x00000020   Code   RO         1444    i.record_invalidate  ble_conn_state.o
    0x000358b8   0x00000006   Code   RO         2371    i.record_key_to_peer_data_id  peer_data_storage.o
    0x000358be   0x00000018   Code   RO         2372    i.record_key_within_pm_range  peer_data_storage.o
    0x000358d6   0x00000002   PAD
    0x000358d8   0x00000048   Code   RO         1445    i.record_purge_disconnected  ble_conn_state.o
    0x00035920   0x00000014   Code   RO         1446    i.record_set_disconnected  ble_conn_state.o
    0x00035934   0x00000030   Code   RO         6317    i.record_write_data  fds.o
    0x00035964   0x000000a4   Code   RO         6318    i.records_stat      fds.o
    0x00035a08   0x00000014   Code   RO         2689    i.release           peer_id.o
    0x00035a1c   0x000000a4   Code   RO         3773    i.rep_char_add      ble_hids.o
    0x00035ac0   0x000000d0   Code   RO         3774    i.rep_map_char_add  ble_hids.o
    0x00035b90   0x0000011a   Code   RO         3775    i.rep_value_identify  ble_hids.o
    0x00035caa   0x00000006   Code   RO         7252    i.rmap              nrf_fstorage_sd.o
    0x00035cb0   0x0000003e   Code   RO         5773    i.rtc_irq           app_timer2.o
    0x00035cee   0x00000002   PAD
    0x00035cf0   0x0000007c   Code   RO         5774    i.rtc_schedule      app_timer2.o
    0x00035d6c   0x000000a4   Code   RO         5775    i.rtc_update        app_timer2.o
    0x00035e10   0x0000003e   Code   RO         4914    i.rx_byte           nrfx_uart.o
    0x00035e4e   0x0000001c   Code   RO         4915    i.rx_done_event     nrfx_uart.o
    0x00035e6a   0x0000001c   Code   RO         5160    i.rx_done_event     nrfx_uarte.o
    0x00035e86   0x00000002   Code   RO           47    i.saadc_callback    main.o
    0x00035e88   0x00000214   Code   RO           48    i.saadc_init        main.o
    0x0003609c   0x00000020   Code   RO         1726    i.sc_send_pending_handle  gatt_cache_manager.o
    0x000360bc   0x00000010   Code   RO         5776    i.scheduled_timeout_handler  app_timer2.o
    0x000360cc   0x00000040   Code   RO           49    i.scheduler_init    main.o
    0x0003610c   0x0000007c   Code   RO         8589    i.sd_nvic_DisableIRQ  nrf_sdh.o
    0x00036188   0x000000a4   Code   RO         8590    i.sd_nvic_EnableIRQ  nrf_sdh.o
    0x0003622c   0x00000068   Code   RO         5931    i.sd_nvic_critical_region_enter  app_util_platform.o
    0x00036294   0x00000090   Code   RO         3946    i.sd_state_evt_handler  nrf_drv_clock.o
    0x00036324   0x0000003c   Code   RO         8591    i.sdh_request_observer_notify  nrf_sdh.o
    0x00036360   0x00000034   Code   RO         8592    i.sdh_state_observer_notify  nrf_sdh.o
    0x00036394   0x000000f8   Code   RO         3265    i.sec_info_request_process  security_dispatcher.o
    0x0003648c   0x00000110   Code   RO         3266    i.sec_keyset_fill   security_dispatcher.o
    0x0003659c   0x00000030   Code   RO         3267    i.sec_params_request_process  security_dispatcher.o
    0x000365cc   0x000000e8   Code   RO         3452    i.sec_params_verify  security_manager.o
    0x000366b4   0x00000058   Code   RO         3268    i.sec_proc_start    security_dispatcher.o
    0x0003670c   0x00000068   Code   RO         3453    i.sec_req_process   security_manager.o
    0x00036774   0x00000028   Code   RO         3269    i.sec_start_send    security_dispatcher.o
    0x0003679c   0x00000022   Code   RO         3270    i.send_config_req   security_dispatcher.o
    0x000367be   0x00000002   PAD
    0x000367c0   0x00000018   Code   RO         1334    i.send_error_evt    ble_conn_params.o
    0x000367d8   0x0000007c   Code   RO           50    i.send_key_scan_press_release  main.o
    0x00036854   0x00000028   Code   RO         3271    i.send_params_req   security_dispatcher.o
    0x0003687c   0x00000024   Code   RO         3272    i.send_storage_full_evt  security_dispatcher.o
    0x000368a0   0x00000028   Code   RO         1727    i.send_unexpected_error  gatt_cache_manager.o
    0x000368c8   0x00000028   Code   RO         2373    i.send_unexpected_error  peer_data_storage.o
    0x000368f0   0x00000028   Code   RO         3273    i.send_unexpected_error  security_dispatcher.o
    0x00036918   0x0000001e   Code   RO         3454    i.send_unexpected_error  security_manager.o
    0x00036936   0x00000024   Code   RO         1335    i.send_update_request  ble_conn_params.o
    0x0003695a   0x00000002   PAD
    0x0003695c   0x00000024   Code   RO           51    i.sensor_simulator_init  main.o
    0x00036980   0x00000020   Code   RO         7711    i.sensorsim_decrement  sensorsim.o
    0x000369a0   0x00000020   Code   RO         7712    i.sensorsim_increment  sensorsim.o
    0x000369c0   0x00000018   Code   RO         7713    i.sensorsim_init    sensorsim.o
    0x000369d8   0x00000020   Code   RO         7714    i.sensorsim_measure  sensorsim.o
    0x000369f8   0x00000084   Code   RO         7748    i.serial_tx         nrf_log_backend_rtt.o
    0x00036a7c   0x00000088   Code   RO         7846    i.serial_tx         nrf_log_backend_uart.o
    0x00036b04   0x00000074   Code   RO         1728    i.service_changed_cccd  gatt_cache_manager.o
    0x00036b78   0x00000020   Code   RO         1729    i.service_changed_needed  gatt_cache_manager.o
    0x00036b98   0x00000018   Code   RO         1730    i.service_changed_pending_flags_check  gatt_cache_manager.o
    0x00036bb0   0x000000a8   Code   RO         1910    i.service_changed_pending_set  gatts_cache_manager.o
    0x00036c58   0x00000124   Code   RO         1731    i.service_changed_send_in_evt  gatt_cache_manager.o
    0x00036d7c   0x00000096   Code   RO         1058    i.service_data_encode  ble_advdata.o
    0x00036e12   0x00000002   PAD
    0x00036e14   0x00000028   Code   RO           52    i.service_error_handler  main.o
    0x00036e3c   0x00000014   Code   RO           53    i.services_init     main.o
    0x00036e50   0x00000030   Code   RO         1190    i.set_adv_mode_directed  ble_advertising.o
    0x00036e80   0x00000024   Code   RO         1191    i.set_adv_mode_directed_high_duty  ble_advertising.o
    0x00036ea4   0x0000005c   Code   RO         1192    i.set_adv_mode_fast  ble_advertising.o
    0x00036f00   0x0000005c   Code   RO         1193    i.set_adv_mode_slow  ble_advertising.o
    0x00036f5c   0x000000be   Code   RO         1644    i.set_security_req  ble_srv_common.o
    0x0003701a   0x00000002   PAD
    0x0003701c   0x00000070   Code   RO           54    i.sleep_mode_enter  main.o
    0x0003708c   0x00000034   Code   RO         3455    i.sm_ble_evt_handler  security_manager.o
    0x000370c0   0x00000010   Code   RO         3456    i.sm_conn_sec_config_reply  security_manager.o
    0x000370d0   0x0000009a   Code   RO         3457    i.sm_conn_sec_status_get  security_manager.o
    0x0003716a   0x00000002   PAD
    0x0003716c   0x00000064   Code   RO         3458    i.sm_init           security_manager.o
    0x000371d0   0x00000018   Code   RO         3460    i.sm_link_secure    security_manager.o
    0x000371e8   0x00000058   Code   RO         3461    i.sm_pdb_evt_handler  security_manager.o
    0x00037240   0x00000030   Code   RO         3462    i.sm_sec_is_sufficient  security_manager.o
    0x00037270   0x00000048   Code   RO         3464    i.sm_sec_params_set  security_manager.o
    0x000372b8   0x00000032   Code   RO         3465    i.sm_smd_evt_handler  security_manager.o
    0x000372ea   0x0000004c   Code   RO         3274    i.smd_ble_evt_handler  security_dispatcher.o
    0x00037336   0x00000002   PAD
    0x00037338   0x00000018   Code   RO         3275    i.smd_conn_sec_config_reply  security_dispatcher.o
    0x00037350   0x0000007c   Code   RO         3276    i.smd_init          security_dispatcher.o
    0x000373cc   0x00000028   Code   RO         3277    i.smd_link_secure   security_dispatcher.o
    0x000373f4   0x000000c0   Code   RO         3278    i.smd_params_reply  security_dispatcher.o
    0x000374b4   0x00000040   Code   RO         3466    i.smd_params_reply_perform  security_manager.o
    0x000374f4   0x0000001c   Code   RO         3947    i.soc_evt_handler   nrf_drv_clock.o
    0x00037510   0x00000060   Code   RO         8593    i.softdevice_evt_irq_disable  nrf_sdh.o
    0x00037570   0x00000060   Code   RO         8594    i.softdevices_evt_irq_enable  nrf_sdh.o
    0x000375d0   0x00000014   Code   RO         5777    i.sorted_list_stop_all  app_timer2.o
    0x000375e4   0x00000018   Code   RO         5778    i.sortlist_pop      app_timer2.o
    0x000375fc   0x00000026   Code   RO          906    i.startup_event_extract  bsp_btn_ble.o
    0x00037622   0x00000002   PAD
    0x00037624   0x00000020   Code   RO         5518    i.state_get         app_button.o
    0x00037644   0x00000048   Code   RO         5519    i.state_set         app_button.o
    0x0003768c   0x00000064   Code   RO         7988    i.std_header_set    nrf_log_frontend.o
    0x000376f0   0x00000070   Code   RO         7989    i.std_n             nrf_log_frontend.o
    0x00037760   0x00000078   Code   RO         1732    i.store_car_value   gatt_cache_manager.o
    0x000377d8   0x00000074   Code   RO         7103    i.string_print      nrf_fprintf_format.o
    0x0003784c   0x000000d4   Code   RO         3698    i.sys_id_encode     ble_dis.o
    0x00037920   0x0000000a   Code   RO         6061    i.ticks_sub         drv_rtc.o
    0x0003792a   0x00000002   PAD
    0x0003792c   0x000000d8   Code   RO         5779    i.timer_expire      app_timer2.o
    0x00037a04   0x00000094   Code   RO         5780    i.timer_req_process  app_timer2.o
    0x00037a98   0x00000040   Code   RO         5781    i.timer_req_schedule  app_timer2.o
    0x00037ad8   0x00000020   Code   RO         5520    i.timer_start       app_button.o
    0x00037af8   0x00000060   Code   RO           55    i.timers_init       main.o
    0x00037b58   0x00000040   Code   RO           56    i.timers_start      main.o
    0x00037b98   0x00000002   Code   RO         8169    i.timestamp_print   nrf_log_str_formatter.o
    0x00037b9a   0x00000036   Code   RO         4917    i.tx_blocking       nrfx_uart.o
    0x00037bd0   0x00000026   Code   RO         4918    i.tx_byte           nrfx_uart.o
    0x00037bf6   0x00000020   Code   RO         4919    i.tx_done_event     nrfx_uart.o
    0x00037c16   0x00000020   Code   RO         5161    i.tx_done_event     nrfx_uarte.o
    0x00037c36   0x00000036   Code   RO         1059    i.tx_power_level_encode  ble_advdata.o
    0x00037c6c   0x00000038   Code   RO         4098    i.uart_evt_handler  nrf_drv_uart.o
    0x00037ca4   0x0000000c   Code   RO         7847    i.uart_evt_handler  nrf_log_backend_uart.o
    0x00037cb0   0x00000068   Code   RO         7848    i.uart_init         nrf_log_backend_uart.o
    0x00037d18   0x0000014e   Code   RO         4920    i.uart_irq_handler  nrfx_uart.o
    0x00037e66   0x00000002   PAD
    0x00037e68   0x00000038   Code   RO         4099    i.uarte_evt_handler  nrf_drv_uart.o
    0x00037ea0   0x00000134   Code   RO         5162    i.uarte_irq_handler  nrfx_uarte.o
    0x00037fd4   0x0000000c   Code   RO         1645    i.uint16_decode     ble_srv_common.o
    0x00037fe0   0x0000000c   Code   RO         1060    i.uint16_encode     ble_advdata.o
    0x00037fec   0x0000000c   Code   RO         3699    i.uint16_encode     ble_dis.o
    0x00037ff8   0x00000024   Code   RO         7253    i.uninit            nrf_fstorage_sd.o
    0x0003801c   0x000000b8   Code   RO         7104    i.unsigned_print    nrf_fprintf_format.o
    0x000380d4   0x00000034   Code   RO         1733    i.update_pending_flags_check  gatt_cache_manager.o
    0x00038108   0x00000074   Code   RO         1336    i.update_timeout_handler  ble_conn_params.o
    0x0003817c   0x0000001e   Code   RO         1194    i.use_whitelist     ble_advertising.o
    0x0003819a   0x00000002   PAD
    0x0003819c   0x00000014   Code   RO         1447    i.user_flag_is_acquired  ble_conn_state.o
    0x000381b0   0x0000002c   Code   RO         2298    i.user_mem_reply    nrf_ble_qwr.o
    0x000381dc   0x0000001e   Code   RO         5521    i.usr_event         app_button.o
    0x000381fa   0x0000004e   Code   RO         1061    i.uuid_list_encode  ble_advdata.o
    0x00038248   0x000000d6   Code   RO         1062    i.uuid_list_sized_encode  ble_advdata.o
    0x0003831e   0x00000056   Code   RO          801    i.wakeup_button_cfg  bsp.o
    0x00038374   0x00000008   Code   RO         1195    i.whitelist_has_entries  ble_advertising.o
    0x0003837c   0x000000bc   Code   RO           57    i.whitelist_set     main.o
    0x00038438   0x00000006   Code   RO         7254    i.wmap              nrf_fstorage_sd.o
    0x0003843e   0x00000002   PAD
    0x00038440   0x00000054   Code   RO         7255    i.write             nrf_fstorage_sd.o
    0x00038494   0x00000038   Code   RO         2535    i.write_buf_length_words_set  peer_database.o
    0x000384cc   0x00000160   Code   RO         2536    i.write_buf_store   peer_database.o
    0x0003862c   0x00000070   Code   RO         2537    i.write_buf_store_in_event  peer_database.o
    0x0003869c   0x00000024   Code   RO         2538    i.write_buffer_record_acquire  peer_database.o
    0x000386c0   0x0000004c   Code   RO         2539    i.write_buffer_record_find  peer_database.o
    0x0003870c   0x00000034   Code   RO         2540    i.write_buffer_record_find_next  peer_database.o
    0x00038740   0x00000030   Code   RO         2541    i.write_buffer_record_find_stored  peer_database.o
    0x00038770   0x0000000e   Code   RO         2542    i.write_buffer_record_find_unused  peer_database.o
    0x0003877e   0x00000024   Code   RO         2543    i.write_buffer_record_invalidate  peer_database.o
    0x000387a2   0x00000002   PAD
    0x000387a4   0x00000028   Code   RO         2544    i.write_buffer_record_release  peer_database.o
    0x000387cc   0x000000e8   Code   RO         6319    i.write_enqueue     fds.o
    0x000388b4   0x000000c8   Code   RO         6320    i.write_execute     fds.o
    0x0003897c   0x00000058   Code   RO         7256    i.write_execute     nrf_fstorage_sd.o
    0x000389d4   0x00000024   Code   RO         6321    i.write_space_free  fds.o
    0x000389f8   0x0000007c   Code   RO         6322    i.write_space_reserve  fds.o
    0x00038a74   0x0000000c   PAD
    0x00038a80   0x0000004d   Data   RO           59    .constdata          main.o
    0x00038acd   0x00000008   Data   RO          675    .constdata          boards.o
    0x00038ad5   0x00000003   PAD
    0x00038ad8   0x0000002c   Data   RO          803    .constdata          bsp.o
    0x00038b04   0x0000006c   Data   RO         1734    .constdata          gatt_cache_manager.o
    0x00038b70   0x00000018   Data   RO         1911    .constdata          gatts_cache_manager.o
    0x00038b88   0x00000008   Data   RO         2023    .constdata          id_manager.o
    0x00038b90   0x00000016   Data   RO         2185    .constdata          nrf_ble_gatt.o
    0x00038ba6   0x00000002   PAD
    0x00038ba8   0x00000018   Data   RO         2374    .constdata          peer_data_storage.o
    0x00038bc0   0x00000010   Data   RO         2546    .constdata          peer_database.o
    0x00038bd0   0x0000002c   Data   RO         2821    .constdata          peer_manager.o
    0x00038bfc   0x00000034   Data   RO         3107    .constdata          peer_manager_handler.o
    0x00038c30   0x00000078   Data   RO         3280    .constdata          security_dispatcher.o
    0x00038ca8   0x00000005   Data   RO         3467    .constdata          security_manager.o
    0x00038cad   0x00000003   PAD
    0x00038cb0   0x0000003e   Data   RO         4519    .constdata          nrfx_gpiote.o
    0x00038cee   0x00000002   PAD
    0x00038cf0   0x0000002e   Data   RO         4922    .constdata          nrfx_uart.o
    0x00038d1e   0x00000002   PAD
    0x00038d20   0x00000030   Data   RO         5164    .constdata          nrfx_uarte.o
    0x00038d50   0x000000aa   Data   RO         5373    .constdata          nrfx_saadc.o
    0x00038dfa   0x00000002   PAD
    0x00038dfc   0x00000007   Data   RO         5523    .constdata          app_button.o
    0x00038e03   0x00000001   PAD
    0x00038e04   0x00000014   Data   RO         5783    .constdata          app_timer2.o
    0x00038e18   0x00000008   PAD
    0x00038e20   0x00000006   Data   RO         6062    .constdata          drv_rtc.o
    0x00038e26   0x00000002   PAD
    0x00038e28   0x00000018   Data   RO         6324    .constdata          fds.o
    0x00038e40   0x00000010   Data   RO         7105    .constdata          nrf_fprintf_format.o
    0x00038e50   0x0000005e   Data   RO         7156    .constdata          nrf_fstorage.o
    0x00038eae   0x00000002   PAD
    0x00038eb0   0x00000030   Data   RO         7258    .constdata          nrf_fstorage_sd.o
    0x00038ee0   0x00000024   Data   RO         7457    .constdata          nrf_pwr_mgmt.o
    0x00038f04   0x0000013c   Data   RO         7683    .constdata          nrf_strerror.o
    0x00039040   0x00000016   Data   RO         7750    .constdata          nrf_log_backend_rtt.o
    0x00039056   0x00000002   PAD
    0x00039058   0x0000002c   Data   RO         7850    .constdata          nrf_log_backend_uart.o
    0x00039084   0x0000000c   Data   RO         7991    .constdata          nrf_log_frontend.o
    0x00039090   0x00000010   Data   RO         8532    .constdata          segger_rtt_printf.o
    0x000390a0   0x00000058   Data   RO         8595    .constdata          nrf_sdh.o
    0x000390f8   0x00000030   Data   RO         8718    .constdata          nrf_sdh_ble.o
    0x00039128   0x0000001c   Data   RO         8773    .constdata          nrf_sdh_soc.o
    0x00039144   0x00000081   Data   RO        10568    .constdata          mc_w.l(ctype_o.o)
    0x000391c5   0x00000003   PAD
    0x000391c8   0x00000004   Data   RO        10569    .constdata          mc_w.l(ctype_o.o)
    0x000391cc   0x00000043   Data   RO           60    .conststring        main.o
    0x0003920f   0x00000001   PAD
    0x00039210   0x000001a4   Data   RO         1735    .conststring        gatt_cache_manager.o
    0x000393b4   0x0000019c   Data   RO         1912    .conststring        gatts_cache_manager.o
    0x00039550   0x000000f0   Data   RO         2024    .conststring        id_manager.o
    0x00039640   0x0000013e   Data   RO         2186    .conststring        nrf_ble_gatt.o
    0x0003977e   0x00000002   PAD
    0x00039780   0x000000e8   Data   RO         2375    .conststring        peer_data_storage.o
    0x00039868   0x00000180   Data   RO         2547    .conststring        peer_database.o
    0x000399e8   0x00000090   Data   RO         2822    .conststring        peer_manager.o
    0x00039a78   0x0000065b   Data   RO         3108    .conststring        peer_manager_handler.o
    0x0003a0d3   0x00000001   PAD
    0x0003a0d4   0x000002b2   Data   RO         3281    .conststring        security_dispatcher.o
    0x0003a386   0x00000002   PAD
    0x0003a388   0x0000017b   Data   RO         3468    .conststring        security_manager.o
    0x0003a503   0x00000001   PAD
    0x0003a504   0x00000042   Data   RO         3776    .conststring        ble_hids.o
    0x0003a546   0x00000002   PAD
    0x0003a548   0x0000004f   Data   RO         7157    .conststring        nrf_fstorage.o
    0x0003a597   0x00000001   PAD
    0x0003a598   0x000003eb   Data   RO         7684    .conststring        nrf_strerror.o
    0x0003a983   0x00000001   PAD
    0x0003a984   0x00000046   Data   RO         7851    .conststring        nrf_log_backend_uart.o
    0x0003a9ca   0x00000002   PAD
    0x0003a9cc   0x00000066   Data   RO         8170    .conststring        nrf_log_str_formatter.o
    0x0003aa32   0x00000002   PAD
    0x0003aa34   0x00000188   Data   RO         8719    .conststring        nrf_sdh_ble.o
    0x0003abbc   0x00000011   Data   RO         1736    .conststrlit        gatt_cache_manager.o
    0x0003abcd   0x00000003   PAD
    0x0003abd0   0x00000012   Data   RO         1913    .conststrlit        gatts_cache_manager.o
    0x0003abe2   0x00000002   PAD
    0x0003abe4   0x00000010   Data   RO         2025    .conststrlit        id_manager.o
    0x0003abf4   0x0000000d   Data   RO         2187    .conststrlit        nrf_ble_gatt.o
    0x0003ac01   0x00000003   PAD
    0x0003ac04   0x00000011   Data   RO         2376    .conststrlit        peer_data_storage.o
    0x0003ac15   0x00000003   PAD
    0x0003ac18   0x00000011   Data   RO         2548    .conststrlit        peer_database.o
    0x0003ac29   0x00000003   PAD
    0x0003ac2c   0x0000000d   Data   RO         2823    .conststrlit        peer_manager.o
    0x0003ac39   0x00000003   PAD
    0x0003ac3c   0x00000015   Data   RO         3109    .conststrlit        peer_manager_handler.o
    0x0003ac51   0x00000003   PAD
    0x0003ac54   0x00000011   Data   RO         3282    .conststrlit        security_dispatcher.o
    0x0003ac65   0x00000003   PAD
    0x0003ac68   0x00000010   Data   RO         3469    .conststrlit        security_manager.o
    0x0003ac78   0x00000008   Data   RO         3637    .conststrlit        ble_bas.o
    0x0003ac80   0x00000006   Data   RO         3950    .conststrlit        nrf_drv_clock.o
    0x0003ac86   0x00000002   PAD
    0x0003ac88   0x00000006   Data   RO         4313    .conststrlit        nrfx_clock.o
    0x0003ac8e   0x00000002   PAD
    0x0003ac90   0x00000007   Data   RO         4520    .conststrlit        nrfx_gpiote.o
    0x0003ac97   0x00000001   PAD
    0x0003ac98   0x00000004   Data   RO         4834    .conststrlit        nrfx_prs.o
    0x0003ac9c   0x00000005   Data   RO         4923    .conststrlit        nrfx_uart.o
    0x0003aca1   0x00000003   PAD
    0x0003aca4   0x00000006   Data   RO         5165    .conststrlit        nrfx_uarte.o
    0x0003acaa   0x00000002   PAD
    0x0003acac   0x00000006   Data   RO         5374    .conststrlit        nrfx_saadc.o
    0x0003acb2   0x00000002   PAD
    0x0003acb4   0x0000000b   Data   RO         5524    .conststrlit        app_button.o
    0x0003acbf   0x00000001   PAD
    0x0003acc0   0x0000000a   Data   RO         5784    .conststrlit        app_timer2.o
    0x0003acca   0x00000002   PAD
    0x0003accc   0x0000000d   Data   RO         7158    .conststrlit        nrf_fstorage.o
    0x0003acd9   0x00000003   PAD
    0x0003acdc   0x00000009   Data   RO         7458    .conststrlit        nrf_pwr_mgmt.o
    0x0003ace5   0x00000003   PAD
    0x0003ace8   0x00000009   Data   RO         7630    .conststrlit        nrf_sortlist.o
    0x0003acf1   0x00000003   PAD
    0x0003acf4   0x00000021   Data   RO         7917    .conststrlit        nrf_log_default_backends.o
    0x0003ad15   0x00000003   PAD
    0x0003ad18   0x00000004   Data   RO         7992    .conststrlit        nrf_log_frontend.o
    0x0003ad1c   0x00000008   Data   RO         8596    .conststrlit        nrf_sdh.o
    0x0003ad24   0x0000000c   Data   RO         8720    .conststrlit        nrf_sdh_ble.o
    0x0003ad30   0x0000000c   Data   RO         8774    .conststrlit        nrf_sdh_soc.o
    0x0003ad3c   0x00000020   Data   RO        10907    Region$$Table       anon$$obj.o
    0x0003ad5c   0x00000020   Data   RO         7919    log_backends        nrf_log_default_backends.o
    0x0003ad7c   0x00000008   Data   RO         1738    log_const_data      gatt_cache_manager.o
    0x0003ad84   0x00000008   Data   RO         1915    log_const_data      gatts_cache_manager.o
    0x0003ad8c   0x00000008   Data   RO         2027    log_const_data      id_manager.o
    0x0003ad94   0x00000008   Data   RO         2188    log_const_data      nrf_ble_gatt.o
    0x0003ad9c   0x00000008   Data   RO         2378    log_const_data      peer_data_storage.o
    0x0003ada4   0x00000008   Data   RO         2550    log_const_data      peer_database.o
    0x0003adac   0x00000008   Data   RO         2825    log_const_data      peer_manager.o
    0x0003adb4   0x00000008   Data   RO         3111    log_const_data      peer_manager_handler.o
    0x0003adbc   0x00000008   Data   RO         3284    log_const_data      security_dispatcher.o
    0x0003adc4   0x00000008   Data   RO         3471    log_const_data      security_manager.o
    0x0003adcc   0x00000008   Data   RO         3638    log_const_data      ble_bas.o
    0x0003add4   0x00000008   Data   RO         3951    log_const_data      nrf_drv_clock.o
    0x0003addc   0x00000008   Data   RO         4315    log_const_data      nrfx_clock.o
    0x0003ade4   0x00000008   Data   RO         4521    log_const_data      nrfx_gpiote.o
    0x0003adec   0x00000008   Data   RO         4836    log_const_data      nrfx_prs.o
    0x0003adf4   0x00000008   Data   RO         4924    log_const_data      nrfx_uart.o
    0x0003adfc   0x00000008   Data   RO         5166    log_const_data      nrfx_uarte.o
    0x0003ae04   0x00000008   Data   RO         5375    log_const_data      nrfx_saadc.o
    0x0003ae0c   0x00000008   Data   RO         5526    log_const_data      app_button.o
    0x0003ae14   0x00000008   Data   RO         5786    log_const_data      app_timer2.o
    0x0003ae1c   0x00000008   Data   RO         7159    log_const_data      nrf_fstorage.o
    0x0003ae24   0x00000008   Data   RO         7460    log_const_data      nrf_pwr_mgmt.o
    0x0003ae2c   0x00000008   Data   RO         7631    log_const_data      nrf_sortlist.o
    0x0003ae34   0x00000008   Data   RO         7994    log_const_data      nrf_log_frontend.o
    0x0003ae3c   0x00000008   Data   RO         8598    log_const_data      nrf_sdh.o
    0x0003ae44   0x00000008   Data   RO         8722    log_const_data      nrf_sdh_ble.o
    0x0003ae4c   0x00000008   Data   RO         8775    log_const_data      nrf_sdh_soc.o
    0x0003ae54   0x00000014   Data   RO         7995    nrf_balloc          nrf_log_frontend.o
    0x0003ae68   0x00000008   Data   RO         1449    sdh_ble_observers0  ble_conn_state.o
    0x0003ae70   0x00000010   Data   RO           62    sdh_ble_observers1  main.o
    0x0003ae80   0x00000008   Data   RO          908    sdh_ble_observers1  bsp_btn_ble.o
    0x0003ae88   0x00000008   Data   RO         1339    sdh_ble_observers1  ble_conn_params.o
    0x0003ae90   0x00000008   Data   RO         2826    sdh_ble_observers1  peer_manager.o
    0x0003ae98   0x00000018   Data   RO           63    sdh_ble_observers2  main.o
    0x0003aeb0   0x00000008   Data   RO           64    sdh_ble_observers3  main.o
    0x0003aeb8   0x00000008   Data   RO         7260    sdh_req_observers0  nrf_fstorage_sd.o
    0x0003aec0   0x00000008   Data   RO         3952    sdh_soc_observers0  nrf_drv_clock.o
    0x0003aec8   0x00000008   Data   RO         7261    sdh_soc_observers0  nrf_fstorage_sd.o
    0x0003aed0   0x00000008   Data   RO         8723    sdh_stack_observers0  nrf_sdh_ble.o
    0x0003aed8   0x00000008   Data   RO         8776    sdh_stack_observers0  nrf_sdh_soc.o
    0x0003aee0   0x00000008   Data   RO         3953    sdh_state_observers0  nrf_drv_clock.o
    0x0003aee8   0x00000008   Data   RO         7262    sdh_state_observers0  nrf_fstorage_sd.o


    Execution Region RW_IRAM1 (Base: 0x20002250, Size: 0x00003bb8, Max: 0x0000ddb0, ABSOLUTE, COMPRESSED[0x000001d4])

    Base Addr    Size         Type   Attr      Idx    E Section Name        Object

    0x20002250   0x000002d0   Data   RW           61    .data               main.o
    0x20002520   0x00000015   Data   RW          804    .data               bsp.o
    0x20002535   0x00000003   PAD
    0x20002538   0x00000008   Data   RW          907    .data               bsp_btn_ble.o
    0x20002540   0x00000008   Data   RW         1338    .data               ble_conn_params.o
    0x20002548   0x00000013   Data   RW         1737    .data               gatt_cache_manager.o
    0x2000255b   0x00000001   PAD
    0x2000255c   0x0000000a   Data   RW         1914    .data               gatts_cache_manager.o
    0x20002566   0x00000001   Data   RW         2026    .data               id_manager.o
    0x20002567   0x00000001   PAD
    0x20002568   0x0000000c   Data   RW         2377    .data               peer_data_storage.o
    0x20002574   0x00000008   Data   RW         2549    .data               peer_database.o
    0x2000257c   0x0000000f   Data   RW         2824    .data               peer_manager.o
    0x2000258b   0x00000001   PAD
    0x2000258c   0x000000b4   Data   RW         3110    .data               peer_manager_handler.o
    0x20002640   0x00000005   Data   RW         3283    .data               security_dispatcher.o
    0x20002645   0x00000003   PAD
    0x20002648   0x00000018   Data   RW         3470    .data               security_manager.o
    0x20002660   0x0000004a   Data   RW         3700    .data               ble_dis.o
    0x200026aa   0x00000002   PAD
    0x200026ac   0x00000009   Data   RW         4100    .data               nrf_drv_uart.o
    0x200026b5   0x00000003   PAD
    0x200026b8   0x00000008   Data   RW         4314    .data               nrfx_clock.o
    0x200026c0   0x00000008   Data   RW         4835    .data               nrfx_prs.o
    0x200026c8   0x00000018   Data   RW         5525    .data               app_button.o
    0x200026e0   0x0000000e   Data   RW         5711    .data               app_scheduler.o
    0x200026ee   0x00000002   PAD
    0x200026f0   0x00000024   Data   RW         5785    .data               app_timer2.o
    0x20002714   0x0000000c   Data   RW         6063    .data               drv_rtc.o
    0x20002720   0x00000030   Data   RW         6325    .data               fds.o
    0x20002750   0x00000008   Data   RW         7259    .data               nrf_fstorage_sd.o
    0x20002758   0x00000009   Data   RW         7459    .data               nrf_pwr_mgmt.o
    0x20002761   0x00000001   Data   RW         7751    .data               nrf_log_backend_rtt.o
    0x20002762   0x00000002   PAD
    0x20002764   0x00000016   Data   RW         7852    .data               nrf_log_backend_uart.o
    0x2000277a   0x00000002   PAD
    0x2000277c   0x00000010   Data   RW         7918    .data               nrf_log_default_backends.o
    0x2000278c   0x00000014   Data   RW         7993    .data               nrf_log_frontend.o
    0x200027a0   0x00000040   Data   RW         8171    .data               nrf_log_str_formatter.o
    0x200027e0   0x00000003   Data   RW         8597    .data               nrf_sdh.o
    0x200027e3   0x00000001   Data   RW         8721    .data               nrf_sdh_ble.o
    0x200027e4   0x00000004   Data   RW         9153    .data               system_nrf52.o
    0x200027e8   0x00000014   Data   RW         6326    fs_data             fds.o
    0x200027fc   0x00000004   PAD
    0x20002800   0x00000608   Zero   RW           58    .bss                main.o
    0x20002e08   0x00000070   Zero   RW          802    .bss                bsp.o
    0x20002e78   0x00000050   Zero   RW         1337    .bss                ble_conn_params.o
    0x20002ec8   0x0000007c   Zero   RW         1448    .bss                ble_conn_state.o
    0x20002f44   0x000000d8   Zero   RW         2022    .bss                id_manager.o
    0x2000301c   0x00000180   Zero   RW         2545    .bss                peer_database.o
    0x2000319c   0x00000040   Zero   RW         2690    .bss                peer_id.o
    0x200031dc   0x0000000c   Zero   RW         2820    .bss                peer_manager.o
    0x200031e8   0x00000040   Zero   RW         3279    .bss                security_dispatcher.o
    0x20003228   0x00000014   Zero   RW         3948    .bss                nrf_drv_clock.o
    0x2000323c   0x0000005c   Zero   RW         4518    .bss                nrfx_gpiote.o
    0x20003298   0x0000002c   Zero   RW         4921    .bss                nrfx_uart.o
    0x200032c4   0x00000024   Zero   RW         5163    .bss                nrfx_uarte.o
    0x200032e8   0x00000030   Zero   RW         5372    .bss                nrfx_saadc.o
    0x20003318   0x00000030   Zero   RW         5522    .bss                app_button.o
    0x20003348   0x00000020   Zero   RW         5615    .bss                app_error.o
    0x20003368   0x00000068   Zero   RW         5782    .bss                app_timer2.o
    0x200033d0   0x0000000c   Zero   RW         5932    .bss                app_util_platform.o
    0x200033dc   0x000000f0   Zero   RW         6323    .bss                fds.o
    0x200034cc   0x000000b0   Zero   RW         7257    .bss                nrf_fstorage_sd.o
    0x2000357c   0x0000000c   Zero   RW         7456    .bss                nrf_pwr_mgmt.o
    0x20003588   0x00000040   Zero   RW         7749    .bss                nrf_log_backend_rtt.o
    0x200035c8   0x00000040   Zero   RW         7849    .bss                nrf_log_backend_uart.o
    0x20003608   0x00000578   Zero   RW         7990    .bss                nrf_log_frontend.o
    0x20003b80   0x00000288   Zero   RW         8251    .bss                segger_rtt.o
    0x20003e08   0x00002000   Zero   RW         8803    STACK               arm_startup_nrf52.o


==============================================================================

Image component sizes


      Code (inc. data)   RO Data    RW Data    ZI Data      Debug   Object Name

       838        102         26         24         48      18014   app_button.o
       136          4          0          0         32       3510   app_error.o
        26          0          0          0          0        564   app_error_handler_keil.o
       456        194          0          0          0       1634   app_error_weak.o
       416         72          0         14          0      42541   app_scheduler.o
      1246        188         38         36        104      19813   app_timer2.o
       200         24          0          0         12      11486   app_util_platform.o
        36          8        512          0       8192        920   arm_startup_nrf52.o
      1770          0          0          0          0      55852   ble_advdata.o
      1744          6          0          0          0      20708   ble_advertising.o
       602          0         16          0          0       6847   ble_bas.o
       936         56          8          8         80      11987   ble_conn_params.o
       980        146          8          0        124      18794   ble_conn_state.o
      1064        240          0         74          0      43209   ble_dis.o
      4316          4         66          0          0      31294   ble_hids.o
       108          0          0          0          0       1592   ble_link_ctx_manager.o
      1008         66          0          0          0      43898   ble_srv_common.o
       488         38          8          0          0      15711   boards.o
      1614        124         44         21        112      15995   bsp.o
       420         16          8          8          0      10764   bsp_btn_ble.o
      1010         98          6         12          0      53245   drv_rtc.o
      5244        484         24         68        240      62366   fds.o
      2606        620        553         19          0      36243   gatt_cache_manager.o
       848         90        462         10          0      16919   gatts_cache_manager.o
      1738         68        272          1        216      19924   id_manager.o
      7086       1460        192        720       1544     254732   main.o
       374          0          0          0          0       6760   nrf_atfifo.o
       232          0          0          0          0       4992   nrf_atflags.o
       444          0          0          0          0      10336   nrf_atomic.o
       218          0          0          0          0       3823   nrf_balloc.o
      2060        788        361          0          0      39247   nrf_ble_gatt.o
       390          0          0          0          0       6233   nrf_ble_qwr.o
       440         52         30          0         20      44664   nrf_drv_clock.o
       252         42          0          9          0      17768   nrf_drv_uart.o
        70          0          0          0          0       3601   nrf_fprintf.o
      1030          6         16          0          0       7190   nrf_fprintf_format.o
      1216        430        194          0          0       8176   nrf_fstorage.o
      1118        118         72          8        176      19199   nrf_fstorage_sd.o
       176         16         22          1         64       7037   nrf_log_backend_rtt.o
       242          0          0          0          0      11001   nrf_log_backend_serial.o
       354         60        114         22         64      16098   nrf_log_backend_uart.o
        64          8         65         16          0       3909   nrf_log_default_backends.o
      2214        148         44         20       1400      34225   nrf_log_frontend.o
       626        112        102         64          0       6020   nrf_log_str_formatter.o
       514          0          0          0          0       9703   nrf_memobj.o
        64         18         53          9         12       5180   nrf_pwr_mgmt.o
        28          0          0          0          0       2363   nrf_ringbuf.o
      1102        274        104          3          0      46182   nrf_sdh.o
       900        298        468          1          0       6507   nrf_sdh_ble.o
       152         68         56          0          0       2696   nrf_sdh_soc.o
       112          0          0          0          0       2820   nrf_section_iter.o
       110          0         17          0          0       4037   nrf_sortlist.o
        92         10       1319          0          0       2747   nrf_strerror.o
       424         32         14          8          0      49144   nrfx_clock.o
      1738        124         77          0         92      71558   nrfx_gpiote.o
       140         14         12          8          0       4556   nrfx_prs.o
      1320         76        184          0         48      23599   nrfx_saadc.o
      1668         54         59          0         44      38092   nrfx_uart.o
      1686         54         62          0         36      34375   nrfx_uarte.o
      1500        150        281         12          0      20671   peer_data_storage.o
      1838        276        425          8        384      22918   peer_database.o
       402         46          0          0         64       9763   peer_id.o
      2856        546        217         15         12      28832   peer_manager.o
      2424        878       1708        180          0       8600   peer_manager_handler.o
       330          0          0          0          0       6511   pm_buffer.o
      2392        294        835          5         64      32795   security_dispatcher.o
      1794        164        408         24          0      56825   security_manager.o
       530         48          0          0        648       9368   segger_rtt.o
      1096          6         16          0          0       6409   segger_rtt_printf.o
       120          0          0          0          0       3305   sensorsim.o
      1508        158          0          4          0      40310   system_nrf52.o

    ----------------------------------------------------------------------
     75430       9488       9704       1452      13836    1618707   Object Totals
         0          0         32          0          0          0   (incl. Generated)
       134         12         94         20          4          0   (incl. Padding)

    ----------------------------------------------------------------------

      Code (inc. data)   RO Data    RW Data    ZI Data      Debug   Library Member Name

        86          0          0          0          0          0   __dczerorl2.o
         8          4        133          0          0         68   ctype_o.o
         0          0          0          0          0          0   entry.o
         0          0          0          0          0          0   entry10a.o
         0          0          0          0          0          0   entry11a.o
         8          4          0          0          0          0   entry2.o
         4          0          0          0          0          0   entry5.o
         0          0          0          0          0          0   entry7b.o
         0          0          0          0          0          0   entry8b.o
         8          4          0          0          0          0   entry9a.o
        30          0          0          0          0          0   handlers.o
        36          8          0          0          0         68   init.o
        30          0          0          0          0         68   llshl.o
        32          0          0          0          0         68   llushr.o
        26          0          0          0          0         80   memcmp.o
        36          0          0          0          0         68   memcpya.o
        36          0          0          0          0        108   memseta.o
        18          0          0          0          0         68   strcpy.o
        14          0          0          0          0         68   strlen.o
        98          0          0          0          0         92   uldiv.o

    ----------------------------------------------------------------------
       474         20        136          0          0        756   Library Totals
         4          0          3          0          0          0   (incl. Padding)

    ----------------------------------------------------------------------

      Code (inc. data)   RO Data    RW Data    ZI Data      Debug   Library Name

       470         20        133          0          0        756   mc_w.l

    ----------------------------------------------------------------------
       474         20        136          0          0        756   Library Totals

    ----------------------------------------------------------------------

==============================================================================


      Code (inc. data)   RO Data    RW Data    ZI Data      Debug   

     75904       9508       9840       1452      13836    1533287   Grand Totals
     75904       9508       9840        468      13836    1533287   ELF Image Totals (compressed)
     75904       9508       9840        468          0          0   ROM Totals

==============================================================================

    Total RO  Size (Code + RO Data)                85744 (  83.73kB)
    Total RW  Size (RW Data + ZI Data)             15288 (  14.93kB)
    Total ROM Size (Code + RO Data + RW Data)      86212 (  84.19kB)

==============================================================================

