<html>
<body>
<pre>
<h1>µVision Build Log</h1>
<h2>Tool Versions:</h2>
IDE-Version: ¦ÌVision V5.18a
Copyright (C) 2016 ARM Ltd and ARM Germany GmbH. All rights reserved.
License Information: 1 1, 1, LIC=14HV2-9KV8Q-KPNZY-IMPA7-EBBK4-S5ES0
 
Tool Versions:
Toolchain:       MDK-ARM Standard  Version: 5.18a
Toolchain Path:  D:\software\keil5\ARM\ARMCC\Bin
C Compiler:      Armcc.exe V5.06 update 1 (build 61)
Assembler:       Armasm.exe V5.06 update 1 (build 61)
Linker/Locator:  ArmLink.exe V5.06 update 1 (build 61)
Library Manager: ArmAr.exe V5.06 update 1 (build 61)
Hex Converter:   FromElf.exe V5.06 update 1 (build 61)
CPU DLL:         SARMCM3.DLL V5.18a
Dialog DLL:      DCM.DLL V1.13.6.0
Target DLL:      UL2CM3.DLL V1.157.10.0
Dialog DLL:      TCM.DLL V1.14.8.0
 
<h2>Project:</h2>
C:\Users\ywzsu\Desktop\folder\mynrf52\examples\ble_peripheral\ble_app_hids_mouse\pca10040\s132\arm5_no_packs\ble_app_hids_mouse_pca10040_s132.uvprojx
Project File Date:  03/24/2023

<h2>Output:</h2>
*** Using Compiler 'V5.06 update 1 (build 61)', folder: 'D:\software\keil5\ARM\ARMCC\Bin'
Rebuild target 'nrf52832_xxaa'
compiling utf.c...
compiling ble_srv_common.c...
compiling auth_status_tracker.c...
compiling ble_conn_params.c...
compiling ble_link_ctx_manager.c...
compiling boards.c...
compiling ble_conn_state.c...
compiling ble_advertising.c...
compiling ble_advdata.c...
compiling bsp.c...
compiling bsp_btn_ble.c...
compiling gatts_cache_manager.c...
compiling gatt_cache_manager.c...
compiling main.c...
..\..\..\main.c(661): warning:  #177-D: variable "input_report_array" was declared but never referenced
  		static ble_hids_inp_rep_init_t     input_report_array[1];
..\..\..\main.c(1448): warning:  #177-D: function "buffer_init" was declared but never referenced
  static void buffer_init(void)
..\..\..\main.c(1521): warning:  #177-D: function "buffer_dequeue" was declared but never referenced
  static uint32_t buffer_dequeue(bool tx_flag)
..\..\..\main.c(1616): warning:  #177-D: function "on_hid_rep_char_write" was declared but never referenced
  static void on_hid_rep_char_write(ble_hids_evt_t * p_evt)
..\..\..\main.c: 4 warnings, 0 errors
compiling id_manager.c...
compiling peer_database.c...
compiling nrf_ble_qwr.c...
compiling nrf_ble_gatt.c...
compiling peer_data_storage.c...
compiling peer_id.c...
compiling peer_manager_handler.c...
compiling peer_manager.c...
compiling pm_buffer.c...
compiling ble_dis.c...
compiling security_dispatcher.c...
compiling security_manager.c...
compiling ble_bas.c...
compiling nrf_drv_clock.c...
compiling ble_hids.c...
compiling nrf_drv_uart.c...
compiling nrfx_atomic.c...
compiling nrfx_clock.c...
compiling nrfx_gpiote.c...
compiling app_error.c...
compiling nrfx_prs.c...
compiling app_error_handler_keil.c...
compiling app_util_platform.c...
compiling nrfx_uart.c...
compiling app_scheduler.c...
compiling app_error_weak.c...
compiling nrfx_uarte.c...
compiling crc16.c...
compiling nrfx_saadc.c...
compiling app_button.c...
compiling app_timer2.c...
compiling drv_rtc.c...
compiling fds.c...
compiling nrf_assert.c...
compiling hardfault_implementation.c...
compiling nrf_atomic.c...
compiling nrf_atflags.c...
compiling nrf_fprintf_format.c...
compiling nrf_atfifo.c...
compiling nrf_fprintf.c...
compiling nrf_balloc.c...
compiling nrf_fstorage.c...
compiling nrf_fstorage_sd.c...
compiling sensorsim.c...
compiling nrf_memobj.c...
compiling nrf_ringbuf.c...
compiling nrf_pwr_mgmt.c...
compiling nrf_sortlist.c...
compiling nrf_section_iter.c...
compiling SEGGER_RTT.c...
compiling nrf_log_str_formatter.c...
compiling nrf_strerror.c...
compiling SEGGER_RTT_Syscalls_KEIL.c...
compiling nrf_log_default_backends.c...
compiling nrf_log_backend_uart.c...
assembling arm_startup_nrf52.s...
compiling nrf_log_backend_serial.c...
compiling nrf_log_frontend.c...
compiling nrf_log_backend_rtt.c...
compiling nrf_sdh.c...
compiling SEGGER_RTT_printf.c...
compiling nrf_sdh_soc.c...
compiling nrf_sdh_ble.c...
compiling system_nrf52.c...
linking...
Program Size: Code=75904 RO-data=9840 RW-data=1452 ZI-data=13836  
FromELF: creating hex file...
".\_build\nrf52832_xxaa.axf" - 0 Error(s), 4 Warning(s).

<h2>Software Packages used:</h2>

Package Vendor: ARM
                http://www.keil.com/pack/ARM.CMSIS.5.6.0.pack
                ARM::CMSIS:CORE:5.3.0
                CMSIS (Cortex Microcontroller Software Interface Standard)
   * Component: CORE Version: 5.3.0

Package Vendor: NordicSemiconductor
                http://developer.nordicsemi.com/nRF5_SDK/pieces/nRF_DeviceFamilyPack/NordicSemiconductor.nRF_DeviceFamilyPack.8.32.1.pack
                NordicSemiconductor::Device:Startup:8.32.1
                Nordic Semiconductor nRF ARM devices Device Family Pack with BSD license.
   * Component: Startup Version: 8.32.1

<h2>Collection of Component include folders:</h2>
  C:\Users\ywzsu\Desktop\folder\mynrf52\examples\ble_peripheral\ble_app_hids_mouse\pca10040\s132\arm5_no_packs\RTE
  D:\software\keil5\ARM\PACK\ARM\CMSIS\5.6.0\CMSIS\Core\Include
  D:\software\keil5\ARM\PACK\NordicSemiconductor\nRF_DeviceFamilyPack\8.32.1\Device\Include
  D:\software\keil5\ARM\PACK\NordicSemiconductor\nRF_DeviceFamilyPack\8.35.0\Device\Include

<h2>Collection of Component Files used:</h2>

   * Component: ARM::CMSIS:CORE:5.3.0

   * Component: NordicSemiconductor::Device:Startup:8.32.1
      Source file:   Device\Source\arm\arm_startup_nrf52.s
      Include file:  Device\Include\system_nrf.h
      Source file:   Device\Source\system_nrf52.c
      Include file:  Device\Include\system_nrf52.h
Build Time Elapsed:  00:00:30
</pre>
</body>
</html>
